=== RUN   TestSuiteSQLite
2026/05/02 16:33:59 INFO quark client initialized dialect=sqlite max_results=10000
=== RUN   TestSuiteSQLite/CRUD
time=2026-05-02T16:33:59.814+02:00 level=INFO msg="SQL Execution" op=SELECT sql="SELECT * FROM \"suite_users\" WHERE \"id\" = ? LIMIT 1" args=[1] duration=12.916µs rows=1 error=<nil>
time=2026-05-02T16:33:59.814+02:00 level=INFO msg="SQL Execution" op=SELECT sql="SELECT * FROM \"suite_users\" WHERE \"id\" = ? LIMIT 1" args=[1] duration=10.292µs rows=1 error=<nil>
time=2026-05-02T16:33:59.814+02:00 level=INFO msg="SQL Execution" op="DELETE (hard)" sql="DELETE FROM \"suite_users\" WHERE \"id\" = ?" args=[1] duration=7.125µs rows=1 error=<nil>
time=2026-05-02T16:33:59.814+02:00 level=INFO msg="SQL Execution" op=SELECT sql="SELECT * FROM \"suite_users\" WHERE \"id\" = ? LIMIT 1" args=[1] duration=7.916µs rows=0 error=<nil>
=== RUN   TestSuiteSQLite/QueryBuilder
2026/05/02 16:33:59 WARN List() called without explicit Limit(), using safe default of 100. Use Iter() for unbounded queries or call Limit() explicitly.
time=2026-05-02T16:33:59.815+02:00 level=INFO msg="SQL Execution" op=SELECT sql="SELECT * FROM \"q_b_users\" WHERE \"city\" = ? LIMIT 100" args=[Madrid] duration=11.792µs rows=2 error=<nil>
2026/05/02 16:33:59 WARN List() called without explicit Limit(), using safe default of 100. Use Iter() for unbounded queries or call Limit() explicitly.
time=2026-05-02T16:33:59.815+02:00 level=INFO msg="SQL Execution" op=SELECT sql="SELECT * FROM \"q_b_users\" WHERE \"city\" = ? AND \"age\" > ? LIMIT 100" args="[Madrid 25]" duration=7.458µs rows=1 error=<nil>
2026/05/02 16:33:59 WARN List() called without explicit Limit(), using safe default of 100. Use Iter() for unbounded queries or call Limit() explicitly.
time=2026-05-02T16:33:59.815+02:00 level=INFO msg="SQL Execution" op=SELECT sql="SELECT * FROM \"q_b_users\" WHERE \"city\" = ? OR (\"age\" < ?) LIMIT 100" args="[Barcelona 25]" duration=8.125µs rows=2 error=<nil>
2026/05/02 16:33:59 WARN List() called without explicit Limit(), using safe default of 100. Use Iter() for unbounded queries or call Limit() explicitly.
time=2026-05-02T16:33:59.815+02:00 level=INFO msg="SQL Execution" op=SELECT sql="SELECT * FROM \"q_b_users\" WHERE \"age\" IN (?, ?) LIMIT 100" args="[20 40]" duration=7.792µs rows=2 error=<nil>
2026/05/02 16:33:59 WARN List() called without explicit Limit(), using safe default of 100. Use Iter() for unbounded queries or call Limit() explicitly.
time=2026-05-02T16:33:59.815+02:00 level=INFO msg="SQL Execution" op=SELECT sql="SELECT * FROM \"q_b_users\" WHERE \"age\" BETWEEN ? AND ? LIMIT 100" args="[25 35]" duration=8.042µs rows=1 error=<nil>
2026/05/02 16:33:59 WARN List() called without explicit Limit(), using safe default of 100. Use Iter() for unbounded queries or call Limit() explicitly.
time=2026-05-02T16:33:59.815+02:00 level=INFO msg="SQL Execution" op=SELECT sql="SELECT \"name\", \"city\" FROM \"q_b_users\" WHERE \"age\" = ? LIMIT 100" args=[30] duration=6.5µs rows=1 error=<nil>
=== RUN   TestSuiteSQLite/Transactions
=== RUN   TestSuiteSQLite/Relationships
=== RUN   TestSuiteSQLite/Hooks
=== RUN   TestSuiteSQLite/Validation
=== RUN   TestSuiteSQLite/SoftDelete
time=2026-05-02T16:33:59.815+02:00 level=INFO msg="SQL Execution" op="DELETE (soft)" sql="UPDATE \"posts\" SET \"deleted_at\" = CURRENT_TIMESTAMP WHERE \"id\" = ? AND \"deleted_at\" IS NULL" args=[1] duration=42.542µs rows=1 error=<nil>
time=2026-05-02T16:33:59.815+02:00 level=INFO msg="SQL Execution" op=SELECT sql="SELECT * FROM \"posts\" WHERE \"deleted_at\" IS NULL  AND \"id\" = ? LIMIT 1" args=[1] duration=9.25µs rows=0 error=<nil>
time=2026-05-02T16:33:59.815+02:00 level=INFO msg="SQL Execution" op=SELECT sql="SELECT * FROM \"posts\" WHERE \"id\" = ? LIMIT 1" args=[1] duration=5.959µs rows=1 error=<nil>
=== RUN   TestSuiteSQLite/Pagination
time=2026-05-02T16:33:59.816+02:00 level=INFO msg="SQL Execution" op=SELECT sql="SELECT * FROM \"logs\" LIMIT 10 OFFSET 10" args=[] duration=18.708µs rows=10 error=<nil>
=== RUN   TestSuiteSQLite/MultiTenant
2026/05/02 16:33:59 WARN List() called without explicit Limit(), using safe default of 100. Use Iter() for unbounded queries or call Limit() explicitly.
time=2026-05-02T16:33:59.816+02:00 level=INFO msg="SQL Execution" op=SELECT sql="SELECT * FROM \"tenant_datas\" WHERE \"tenant_id\" = ? LIMIT 100" args=[t1] duration=11.875µs rows=0 error=<nil>
    suite_test.go:385: tenant 1 isolation failed: []
2026/05/02 16:33:59 WARN List() called without explicit Limit(), using safe default of 100. Use Iter() for unbounded queries or call Limit() explicitly.
time=2026-05-02T16:33:59.816+02:00 level=INFO msg="SQL Execution" op=SELECT sql="SELECT * FROM \"tenant_datas\" WHERE \"tenant_id\" = ? LIMIT 100" args=[t2] duration=9.542µs rows=0 error=<nil>
    suite_test.go:390: tenant 2 isolation failed: []
=== RUN   TestSuiteSQLite/Events
2026/05/02 16:33:59 INFO quark client initialized dialect=sqlite max_results=10000
2026/05/02 16:33:59 WARN List() called without explicit Limit(), using safe default of 100. Use Iter() for unbounded queries or call Limit() explicitly.
    suite_test.go:432: expected at least 2 events, got 1
=== RUN   TestSuiteSQLite/Middleware
2026/05/02 16:33:59 INFO quark client initialized dialect=sqlite max_results=10000
2026/05/02 16:33:59 WARN List() called without explicit Limit(), using safe default of 100. Use Iter() for unbounded queries or call Limit() explicitly.
=== RUN   TestSuiteSQLite/Raw
2026/05/02 16:33:59 INFO quark client initialized dialect=sqlite max_results=1000
=== RUN   TestSuiteSQLite/DatabasePerTenant
2026/05/02 16:33:59 INFO quark client initialized dialect=sqlite max_results=10000
2026/05/02 16:33:59 INFO quark client initialized dialect=sqlite max_results=10000
2026/05/02 16:33:59 INFO quark client initialized dialect=sqlite max_results=10000
=== RUN   TestSuiteSQLite/Sync
2026/05/02 16:33:59 INFO sync: adding column table=sync_users column=email type=TEXT
2026/05/02 16:33:59 INFO sync: renaming column table=sync_users old=email new=contacts
time=2026-05-02T16:33:59.817+02:00 level=INFO msg="SQL Execution" op=SELECT sql="SELECT * FROM \"sync_users\" WHERE \"id\" = ? LIMIT 1" args=[1] duration=10.125µs rows=1 error=<nil>
2026/05/02 16:33:59 INFO quark client initialized dialect=sqlite max_results=0
2026/05/02 16:33:59 WARN sync: dropping column (destructive) table=sync_users column=contacts
=== RUN   TestSuiteSQLite/RecursiveAssociations
    suite_test.go:670: could not find foreign column  in related model
=== RUN   TestSuiteSQLite/Stress
    stress_test.go:23: 🚀 Starting stress test with 1000 records...
time=2026-05-02T16:33:59.825+02:00 level=INFO msg="SQL Execution" op=SELECT sql="SELECT * FROM \"stress_records\" ORDER BY \"value\" ASC LIMIT 100 OFFSET 100" args=[] duration=105.708µs rows=100 error=<nil>
time=2026-05-02T16:33:59.825+02:00 level=INFO msg="SQL Execution" op="DELETE (hard)" sql="DELETE FROM \"stress_records\" WHERE \"value\" = ?" args=[0] duration=44.417µs rows=1 error=<nil>
time=2026-05-02T16:33:59.825+02:00 level=INFO msg="SQL Execution" op="DELETE (hard)" sql="DELETE FROM \"stress_records\" WHERE \"value\" = ?" args=[1] duration=38.917µs rows=1 error=<nil>
time=2026-05-02T16:33:59.825+02:00 level=INFO msg="SQL Execution" op="DELETE (hard)" sql="DELETE FROM \"stress_records\" WHERE \"value\" = ?" args=[2] duration=39.333µs rows=1 error=<nil>
time=2026-05-02T16:33:59.825+02:00 level=INFO msg="SQL Execution" op="DELETE (hard)" sql="DELETE FROM \"stress_records\" WHERE \"value\" = ?" args=[3] duration=37.708µs rows=1 error=<nil>
time=2026-05-02T16:33:59.825+02:00 level=INFO msg="SQL Execution" op="DELETE (hard)" sql="DELETE FROM \"stress_records\" WHERE \"value\" = ?" args=[4] duration=51.75µs rows=1 error=<nil>
time=2026-05-02T16:33:59.825+02:00 level=INFO msg="SQL Execution" op="DELETE (hard)" sql="DELETE FROM \"stress_records\" WHERE \"value\" = ?" args=[5] duration=47.625µs rows=1 error=<nil>
time=2026-05-02T16:33:59.825+02:00 level=INFO msg="SQL Execution" op="DELETE (hard)" sql="DELETE FROM \"stress_records\" WHERE \"value\" = ?" args=[6] duration=40.417µs rows=1 error=<nil>
time=2026-05-02T16:33:59.825+02:00 level=INFO msg="SQL Execution" op="DELETE (hard)" sql="DELETE FROM \"stress_records\" WHERE \"value\" = ?" args=[7] duration=41.333µs rows=1 error=<nil>
time=2026-05-02T16:33:59.825+02:00 level=INFO msg="SQL Execution" op="DELETE (hard)" sql="DELETE FROM \"stress_records\" WHERE \"value\" = ?" args=[8] duration=36.542µs rows=1 error=<nil>
time=2026-05-02T16:33:59.825+02:00 level=INFO msg="SQL Execution" op="DELETE (hard)" sql="DELETE FROM \"stress_records\" WHERE \"value\" = ?" args=[9] duration=46.834µs rows=1 error=<nil>
time=2026-05-02T16:33:59.825+02:00 level=INFO msg="SQL Execution" op="DELETE (hard)" sql="DELETE FROM \"stress_records\" WHERE \"value\" = ?" args=[10] duration=36.916µs rows=1 error=<nil>
time=2026-05-02T16:33:59.825+02:00 level=INFO msg="SQL Execution" op="DELETE (hard)" sql="DELETE FROM \"stress_records\" WHERE \"value\" = ?" args=[11] duration=51.25µs rows=1 error=<nil>
time=2026-05-02T16:33:59.825+02:00 level=INFO msg="SQL Execution" op="DELETE (hard)" sql="DELETE FROM \"stress_records\" WHERE \"value\" = ?" args=[12] duration=37.416µs rows=1 error=<nil>
time=2026-05-02T16:33:59.825+02:00 level=INFO msg="SQL Execution" op="DELETE (hard)" sql="DELETE FROM \"stress_records\" WHERE \"value\" = ?" args=[13] duration=37.042µs rows=1 error=<nil>
time=2026-05-02T16:33:59.825+02:00 level=INFO msg="SQL Execution" op="DELETE (hard)" sql="DELETE FROM \"stress_records\" WHERE \"value\" = ?" args=[14] duration=50.25µs rows=1 error=<nil>
time=2026-05-02T16:33:59.825+02:00 level=INFO msg="SQL Execution" op="DELETE (hard)" sql="DELETE FROM \"stress_records\" WHERE \"value\" = ?" args=[15] duration=36.917µs rows=1 error=<nil>
time=2026-05-02T16:33:59.825+02:00 level=INFO msg="SQL Execution" op="DELETE (hard)" sql="DELETE FROM \"stress_records\" WHERE \"value\" = ?" args=[16] duration=50.459µs rows=1 error=<nil>
time=2026-05-02T16:33:59.825+02:00 level=INFO msg="SQL Execution" op="DELETE (hard)" sql="DELETE FROM \"stress_records\" WHERE \"value\" = ?" args=[17] duration=36.875µs rows=1 error=<nil>
time=2026-05-02T16:33:59.826+02:00 level=INFO msg="SQL Execution" op="DELETE (hard)" sql="DELETE FROM \"stress_records\" WHERE \"value\" = ?" args=[18] duration=37µs rows=1 error=<nil>
time=2026-05-02T16:33:59.826+02:00 level=INFO msg="SQL Execution" op="DELETE (hard)" sql="DELETE FROM \"stress_records\" WHERE \"value\" = ?" args=[19] duration=36.333µs rows=1 error=<nil>
time=2026-05-02T16:33:59.826+02:00 level=INFO msg="SQL Execution" op="DELETE (hard)" sql="DELETE FROM \"stress_records\" WHERE \"value\" = ?" args=[20] duration=49.875µs rows=1 error=<nil>
time=2026-05-02T16:33:59.826+02:00 level=INFO msg="SQL Execution" op="DELETE (hard)" sql="DELETE FROM \"stress_records\" WHERE \"value\" = ?" args=[21] duration=36.5µs rows=1 error=<nil>
time=2026-05-02T16:33:59.826+02:00 level=INFO msg="SQL Execution" op="DELETE (hard)" sql="DELETE FROM \"stress_records\" WHERE \"value\" = ?" args=[22] duration=35.916µs rows=1 error=<nil>
time=2026-05-02T16:33:59.826+02:00 level=INFO msg="SQL Execution" op="DELETE (hard)" sql="DELETE FROM \"stress_records\" WHERE \"value\" = ?" args=[23] duration=38.666µs rows=1 error=<nil>
time=2026-05-02T16:33:59.826+02:00 level=INFO msg="SQL Execution" op="DELETE (hard)" sql="DELETE FROM \"stress_records\" WHERE \"value\" = ?" args=[24] duration=36.209µs rows=1 error=<nil>
time=2026-05-02T16:33:59.826+02:00 level=INFO msg="SQL Execution" op="DELETE (hard)" sql="DELETE FROM \"stress_records\" WHERE \"value\" = ?" args=[25] duration=36.333µs rows=1 error=<nil>
time=2026-05-02T16:33:59.826+02:00 level=INFO msg="SQL Execution" op="DELETE (hard)" sql="DELETE FROM \"stress_records\" WHERE \"value\" = ?" args=[26] duration=35.625µs rows=1 error=<nil>
time=2026-05-02T16:33:59.826+02:00 level=INFO msg="SQL Execution" op="DELETE (hard)" sql="DELETE FROM \"stress_records\" WHERE \"value\" = ?" args=[27] duration=36.291µs rows=1 error=<nil>
time=2026-05-02T16:33:59.826+02:00 level=INFO msg="SQL Execution" op="DELETE (hard)" sql="DELETE FROM \"stress_records\" WHERE \"value\" = ?" args=[28] duration=37.041µs rows=1 error=<nil>
time=2026-05-02T16:33:59.826+02:00 level=INFO msg="SQL Execution" op="DELETE (hard)" sql="DELETE FROM \"stress_records\" WHERE \"value\" = ?" args=[29] duration=36.541µs rows=1 error=<nil>
time=2026-05-02T16:33:59.826+02:00 level=INFO msg="SQL Execution" op="DELETE (hard)" sql="DELETE FROM \"stress_records\" WHERE \"value\" = ?" args=[30] duration=36.792µs rows=1 error=<nil>
time=2026-05-02T16:33:59.826+02:00 level=INFO msg="SQL Execution" op="DELETE (hard)" sql="DELETE FROM \"stress_records\" WHERE \"value\" = ?" args=[31] duration=36.041µs rows=1 error=<nil>
time=2026-05-02T16:33:59.826+02:00 level=INFO msg="SQL Execution" op="DELETE (hard)" sql="DELETE FROM \"stress_records\" WHERE \"value\" = ?" args=[32] duration=72.625µs rows=1 error=<nil>
time=2026-05-02T16:33:59.826+02:00 level=INFO msg="SQL Execution" op="DELETE (hard)" sql="DELETE FROM \"stress_records\" WHERE \"value\" = ?" args=[33] duration=61.5µs rows=1 error=<nil>
time=2026-05-02T16:33:59.826+02:00 level=INFO msg="SQL Execution" op="DELETE (hard)" sql="DELETE FROM \"stress_records\" WHERE \"value\" = ?" args=[34] duration=48.792µs rows=1 error=<nil>
time=2026-05-02T16:33:59.826+02:00 level=INFO msg="SQL Execution" op="DELETE (hard)" sql="DELETE FROM \"stress_records\" WHERE \"value\" = ?" args=[35] duration=48.042µs rows=1 error=<nil>
time=2026-05-02T16:33:59.826+02:00 level=INFO msg="SQL Execution" op="DELETE (hard)" sql="DELETE FROM \"stress_records\" WHERE \"value\" = ?" args=[36] duration=46.875µs rows=1 error=<nil>
time=2026-05-02T16:33:59.826+02:00 level=INFO msg="SQL Execution" op="DELETE (hard)" sql="DELETE FROM \"stress_records\" WHERE \"value\" = ?" args=[37] duration=45.375µs rows=1 error=<nil>
time=2026-05-02T16:33:59.827+02:00 level=INFO msg="SQL Execution" op="DELETE (hard)" sql="DELETE FROM \"stress_records\" WHERE \"value\" = ?" args=[38] duration=46.833µs rows=1 error=<nil>
time=2026-05-02T16:33:59.827+02:00 level=INFO msg="SQL Execution" op="DELETE (hard)" sql="DELETE FROM \"stress_records\" WHERE \"value\" = ?" args=[39] duration=48.917µs rows=1 error=<nil>
time=2026-05-02T16:33:59.827+02:00 level=INFO msg="SQL Execution" op="DELETE (hard)" sql="DELETE FROM \"stress_records\" WHERE \"value\" = ?" args=[40] duration=56.958µs rows=1 error=<nil>
time=2026-05-02T16:33:59.827+02:00 level=INFO msg="SQL Execution" op="DELETE (hard)" sql="DELETE FROM \"stress_records\" WHERE \"value\" = ?" args=[41] duration=43.542µs rows=1 error=<nil>
time=2026-05-02T16:33:59.827+02:00 level=INFO msg="SQL Execution" op="DELETE (hard)" sql="DELETE FROM \"stress_records\" WHERE \"value\" = ?" args=[42] duration=45.208µs rows=1 error=<nil>
time=2026-05-02T16:33:59.827+02:00 level=INFO msg="SQL Execution" op="DELETE (hard)" sql="DELETE FROM \"stress_records\" WHERE \"value\" = ?" args=[43] duration=46.458µs rows=1 error=<nil>
time=2026-05-02T16:33:59.827+02:00 level=INFO msg="SQL Execution" op="DELETE (hard)" sql="DELETE FROM \"stress_records\" WHERE \"value\" = ?" args=[44] duration=46.375µs rows=1 error=<nil>
time=2026-05-02T16:33:59.827+02:00 level=INFO msg="SQL Execution" op="DELETE (hard)" sql="DELETE FROM \"stress_records\" WHERE \"value\" = ?" args=[45] duration=51µs rows=1 error=<nil>
time=2026-05-02T16:33:59.827+02:00 level=INFO msg="SQL Execution" op="DELETE (hard)" sql="DELETE FROM \"stress_records\" WHERE \"value\" = ?" args=[46] duration=45.5µs rows=1 error=<nil>
time=2026-05-02T16:33:59.827+02:00 level=INFO msg="SQL Execution" op="DELETE (hard)" sql="DELETE FROM \"stress_records\" WHERE \"value\" = ?" args=[47] duration=37.792µs rows=1 error=<nil>
time=2026-05-02T16:33:59.827+02:00 level=INFO msg="SQL Execution" op="DELETE (hard)" sql="DELETE FROM \"stress_records\" WHERE \"value\" = ?" args=[48] duration=41.375µs rows=1 error=<nil>
time=2026-05-02T16:33:59.827+02:00 level=INFO msg="SQL Execution" op="DELETE (hard)" sql="DELETE FROM \"stress_records\" WHERE \"value\" = ?" args=[49] duration=44.917µs rows=1 error=<nil>
time=2026-05-02T16:33:59.827+02:00 level=INFO msg="SQL Execution" op="DELETE (hard)" sql="DELETE FROM \"stress_records\" WHERE \"value\" = ?" args=[50] duration=44.875µs rows=1 error=<nil>
time=2026-05-02T16:33:59.827+02:00 level=INFO msg="SQL Execution" op="DELETE (hard)" sql="DELETE FROM \"stress_records\" WHERE \"value\" = ?" args=[51] duration=44.666µs rows=1 error=<nil>
time=2026-05-02T16:33:59.827+02:00 level=INFO msg="SQL Execution" op="DELETE (hard)" sql="DELETE FROM \"stress_records\" WHERE \"value\" = ?" args=[52] duration=37.334µs rows=1 error=<nil>
time=2026-05-02T16:33:59.827+02:00 level=INFO msg="SQL Execution" op="DELETE (hard)" sql="DELETE FROM \"stress_records\" WHERE \"value\" = ?" args=[53] duration=45.166µs rows=1 error=<nil>
time=2026-05-02T16:33:59.827+02:00 level=INFO msg="SQL Execution" op="DELETE (hard)" sql="DELETE FROM \"stress_records\" WHERE \"value\" = ?" args=[54] duration=48.292µs rows=1 error=<nil>
time=2026-05-02T16:33:59.827+02:00 level=INFO msg="SQL Execution" op="DELETE (hard)" sql="DELETE FROM \"stress_records\" WHERE \"value\" = ?" args=[55] duration=49.834µs rows=1 error=<nil>
time=2026-05-02T16:33:59.827+02:00 level=INFO msg="SQL Execution" op="DELETE (hard)" sql="DELETE FROM \"stress_records\" WHERE \"value\" = ?" args=[56] duration=46.083µs rows=1 error=<nil>
time=2026-05-02T16:33:59.827+02:00 level=INFO msg="SQL Execution" op="DELETE (hard)" sql="DELETE FROM \"stress_records\" WHERE \"value\" = ?" args=[57] duration=45.458µs rows=1 error=<nil>
time=2026-05-02T16:33:59.828+02:00 level=INFO msg="SQL Execution" op="DELETE (hard)" sql="DELETE FROM \"stress_records\" WHERE \"value\" = ?" args=[58] duration=41.958µs rows=1 error=<nil>
time=2026-05-02T16:33:59.828+02:00 level=INFO msg="SQL Execution" op="DELETE (hard)" sql="DELETE FROM \"stress_records\" WHERE \"value\" = ?" args=[59] duration=47.125µs rows=1 error=<nil>
time=2026-05-02T16:33:59.828+02:00 level=INFO msg="SQL Execution" op="DELETE (hard)" sql="DELETE FROM \"stress_records\" WHERE \"value\" = ?" args=[60] duration=45.542µs rows=1 error=<nil>
time=2026-05-02T16:33:59.828+02:00 level=INFO msg="SQL Execution" op="DELETE (hard)" sql="DELETE FROM \"stress_records\" WHERE \"value\" = ?" args=[61] duration=46.083µs rows=1 error=<nil>
time=2026-05-02T16:33:59.828+02:00 level=INFO msg="SQL Execution" op="DELETE (hard)" sql="DELETE FROM \"stress_records\" WHERE \"value\" = ?" args=[62] duration=45µs rows=1 error=<nil>
time=2026-05-02T16:33:59.828+02:00 level=INFO msg="SQL Execution" op="DELETE (hard)" sql="DELETE FROM \"stress_records\" WHERE \"value\" = ?" args=[63] duration=45.042µs rows=1 error=<nil>
time=2026-05-02T16:33:59.828+02:00 level=INFO msg="SQL Execution" op="DELETE (hard)" sql="DELETE FROM \"stress_records\" WHERE \"value\" = ?" args=[64] duration=44.791µs rows=1 error=<nil>
time=2026-05-02T16:33:59.828+02:00 level=INFO msg="SQL Execution" op="DELETE (hard)" sql="DELETE FROM \"stress_records\" WHERE \"value\" = ?" args=[65] duration=45.834µs rows=1 error=<nil>
time=2026-05-02T16:33:59.828+02:00 level=INFO msg="SQL Execution" op="DELETE (hard)" sql="DELETE FROM \"stress_records\" WHERE \"value\" = ?" args=[66] duration=45.666µs rows=1 error=<nil>
time=2026-05-02T16:33:59.828+02:00 level=INFO msg="SQL Execution" op="DELETE (hard)" sql="DELETE FROM \"stress_records\" WHERE \"value\" = ?" args=[67] duration=45.167µs rows=1 error=<nil>
time=2026-05-02T16:33:59.828+02:00 level=INFO msg="SQL Execution" op="DELETE (hard)" sql="DELETE FROM \"stress_records\" WHERE \"value\" = ?" args=[68] duration=45.416µs rows=1 error=<nil>
time=2026-05-02T16:33:59.828+02:00 level=INFO msg="SQL Execution" op="DELETE (hard)" sql="DELETE FROM \"stress_records\" WHERE \"value\" = ?" args=[69] duration=36.292µs rows=1 error=<nil>
time=2026-05-02T16:33:59.828+02:00 level=INFO msg="SQL Execution" op="DELETE (hard)" sql="DELETE FROM \"stress_records\" WHERE \"value\" = ?" args=[70] duration=45.834µs rows=1 error=<nil>
time=2026-05-02T16:33:59.828+02:00 level=INFO msg="SQL Execution" op="DELETE (hard)" sql="DELETE FROM \"stress_records\" WHERE \"value\" = ?" args=[71] duration=41.584µs rows=1 error=<nil>
time=2026-05-02T16:33:59.828+02:00 level=INFO msg="SQL Execution" op="DELETE (hard)" sql="DELETE FROM \"stress_records\" WHERE \"value\" = ?" args=[72] duration=42.75µs rows=1 error=<nil>
time=2026-05-02T16:33:59.828+02:00 level=INFO msg="SQL Execution" op="DELETE (hard)" sql="DELETE FROM \"stress_records\" WHERE \"value\" = ?" args=[73] duration=41.584µs rows=1 error=<nil>
time=2026-05-02T16:33:59.828+02:00 level=INFO msg="SQL Execution" op="DELETE (hard)" sql="DELETE FROM \"stress_records\" WHERE \"value\" = ?" args=[74] duration=44.333µs rows=1 error=<nil>
time=2026-05-02T16:33:59.828+02:00 level=INFO msg="SQL Execution" op="DELETE (hard)" sql="DELETE FROM \"stress_records\" WHERE \"value\" = ?" args=[75] duration=38.5µs rows=1 error=<nil>
time=2026-05-02T16:33:59.828+02:00 level=INFO msg="SQL Execution" op="DELETE (hard)" sql="DELETE FROM \"stress_records\" WHERE \"value\" = ?" args=[76] duration=47.25µs rows=1 error=<nil>
time=2026-05-02T16:33:59.828+02:00 level=INFO msg="SQL Execution" op="DELETE (hard)" sql="DELETE FROM \"stress_records\" WHERE \"value\" = ?" args=[77] duration=36.416µs rows=1 error=<nil>
time=2026-05-02T16:33:59.828+02:00 level=INFO msg="SQL Execution" op="DELETE (hard)" sql="DELETE FROM \"stress_records\" WHERE \"value\" = ?" args=[78] duration=45.459µs rows=1 error=<nil>
time=2026-05-02T16:33:59.829+02:00 level=INFO msg="SQL Execution" op="DELETE (hard)" sql="DELETE FROM \"stress_records\" WHERE \"value\" = ?" args=[79] duration=35.5µs rows=1 error=<nil>
time=2026-05-02T16:33:59.829+02:00 level=INFO msg="SQL Execution" op="DELETE (hard)" sql="DELETE FROM \"stress_records\" WHERE \"value\" = ?" args=[80] duration=43.875µs rows=1 error=<nil>
time=2026-05-02T16:33:59.829+02:00 level=INFO msg="SQL Execution" op="DELETE (hard)" sql="DELETE FROM \"stress_records\" WHERE \"value\" = ?" args=[81] duration=45.375µs rows=1 error=<nil>
time=2026-05-02T16:33:59.829+02:00 level=INFO msg="SQL Execution" op="DELETE (hard)" sql="DELETE FROM \"stress_records\" WHERE \"value\" = ?" args=[82] duration=47.792µs rows=1 error=<nil>
time=2026-05-02T16:33:59.829+02:00 level=INFO msg="SQL Execution" op="DELETE (hard)" sql="DELETE FROM \"stress_records\" WHERE \"value\" = ?" args=[83] duration=45.333µs rows=1 error=<nil>
time=2026-05-02T16:33:59.829+02:00 level=INFO msg="SQL Execution" op="DELETE (hard)" sql="DELETE FROM \"stress_records\" WHERE \"value\" = ?" args=[84] duration=43.416µs rows=1 error=<nil>
time=2026-05-02T16:33:59.829+02:00 level=INFO msg="SQL Execution" op="DELETE (hard)" sql="DELETE FROM \"stress_records\" WHERE \"value\" = ?" args=[85] duration=35.833µs rows=1 error=<nil>
time=2026-05-02T16:33:59.829+02:00 level=INFO msg="SQL Execution" op="DELETE (hard)" sql="DELETE FROM \"stress_records\" WHERE \"value\" = ?" args=[86] duration=35.292µs rows=1 error=<nil>
time=2026-05-02T16:33:59.829+02:00 level=INFO msg="SQL Execution" op="DELETE (hard)" sql="DELETE FROM \"stress_records\" WHERE \"value\" = ?" args=[87] duration=44.75µs rows=1 error=<nil>
time=2026-05-02T16:33:59.829+02:00 level=INFO msg="SQL Execution" op="DELETE (hard)" sql="DELETE FROM \"stress_records\" WHERE \"value\" = ?" args=[88] duration=35.417µs rows=1 error=<nil>
time=2026-05-02T16:33:59.829+02:00 level=INFO msg="SQL Execution" op="DELETE (hard)" sql="DELETE FROM \"stress_records\" WHERE \"value\" = ?" args=[89] duration=45.917µs rows=1 error=<nil>
time=2026-05-02T16:33:59.829+02:00 level=INFO msg="SQL Execution" op="DELETE (hard)" sql="DELETE FROM \"stress_records\" WHERE \"value\" = ?" args=[90] duration=35.542µs rows=1 error=<nil>
time=2026-05-02T16:33:59.829+02:00 level=INFO msg="SQL Execution" op="DELETE (hard)" sql="DELETE FROM \"stress_records\" WHERE \"value\" = ?" args=[91] duration=35.084µs rows=1 error=<nil>
time=2026-05-02T16:33:59.829+02:00 level=INFO msg="SQL Execution" op="DELETE (hard)" sql="DELETE FROM \"stress_records\" WHERE \"value\" = ?" args=[92] duration=45.125µs rows=1 error=<nil>
time=2026-05-02T16:33:59.829+02:00 level=INFO msg="SQL Execution" op="DELETE (hard)" sql="DELETE FROM \"stress_records\" WHERE \"value\" = ?" args=[93] duration=35.167µs rows=1 error=<nil>
time=2026-05-02T16:33:59.829+02:00 level=INFO msg="SQL Execution" op="DELETE (hard)" sql="DELETE FROM \"stress_records\" WHERE \"value\" = ?" args=[94] duration=43.875µs rows=1 error=<nil>
time=2026-05-02T16:33:59.829+02:00 level=INFO msg="SQL Execution" op="DELETE (hard)" sql="DELETE FROM \"stress_records\" WHERE \"value\" = ?" args=[95] duration=35.583µs rows=1 error=<nil>
time=2026-05-02T16:33:59.829+02:00 level=INFO msg="SQL Execution" op="DELETE (hard)" sql="DELETE FROM \"stress_records\" WHERE \"value\" = ?" args=[96] duration=42.541µs rows=1 error=<nil>
time=2026-05-02T16:33:59.829+02:00 level=INFO msg="SQL Execution" op="DELETE (hard)" sql="DELETE FROM \"stress_records\" WHERE \"value\" = ?" args=[97] duration=43.583µs rows=1 error=<nil>
time=2026-05-02T16:33:59.829+02:00 level=INFO msg="SQL Execution" op="DELETE (hard)" sql="DELETE FROM \"stress_records\" WHERE \"value\" = ?" args=[98] duration=36.083µs rows=1 error=<nil>
time=2026-05-02T16:33:59.829+02:00 level=INFO msg="SQL Execution" op="DELETE (hard)" sql="DELETE FROM \"stress_records\" WHERE \"value\" = ?" args=[99] duration=42.958µs rows=1 error=<nil>
time=2026-05-02T16:33:59.829+02:00 level=INFO msg="SQL Execution" op="DELETE (hard)" sql="DELETE FROM \"stress_records\" WHERE \"value\" = ?" args=[100] duration=36.875µs rows=1 error=<nil>
time=2026-05-02T16:33:59.830+02:00 level=INFO msg="SQL Execution" op="DELETE (hard)" sql="DELETE FROM \"stress_records\" WHERE \"value\" = ?" args=[101] duration=44.709µs rows=1 error=<nil>
time=2026-05-02T16:33:59.830+02:00 level=INFO msg="SQL Execution" op="DELETE (hard)" sql="DELETE FROM \"stress_records\" WHERE \"value\" = ?" args=[102] duration=41.625µs rows=1 error=<nil>
time=2026-05-02T16:33:59.830+02:00 level=INFO msg="SQL Execution" op="DELETE (hard)" sql="DELETE FROM \"stress_records\" WHERE \"value\" = ?" args=[103] duration=43.916µs rows=1 error=<nil>
time=2026-05-02T16:33:59.830+02:00 level=INFO msg="SQL Execution" op="DELETE (hard)" sql="DELETE FROM \"stress_records\" WHERE \"value\" = ?" args=[104] duration=36.375µs rows=1 error=<nil>
time=2026-05-02T16:33:59.830+02:00 level=INFO msg="SQL Execution" op="DELETE (hard)" sql="DELETE FROM \"stress_records\" WHERE \"value\" = ?" args=[105] duration=35.125µs rows=1 error=<nil>
time=2026-05-02T16:33:59.830+02:00 level=INFO msg="SQL Execution" op="DELETE (hard)" sql="DELETE FROM \"stress_records\" WHERE \"value\" = ?" args=[106] duration=44.958µs rows=1 error=<nil>
time=2026-05-02T16:33:59.830+02:00 level=INFO msg="SQL Execution" op="DELETE (hard)" sql="DELETE FROM \"stress_records\" WHERE \"value\" = ?" args=[107] duration=36.667µs rows=1 error=<nil>
time=2026-05-02T16:33:59.830+02:00 level=INFO msg="SQL Execution" op="DELETE (hard)" sql="DELETE FROM \"stress_records\" WHERE \"value\" = ?" args=[108] duration=35.334µs rows=1 error=<nil>
time=2026-05-02T16:33:59.830+02:00 level=INFO msg="SQL Execution" op="DELETE (hard)" sql="DELETE FROM \"stress_records\" WHERE \"value\" = ?" args=[109] duration=38.167µs rows=1 error=<nil>
time=2026-05-02T16:33:59.830+02:00 level=INFO msg="SQL Execution" op="DELETE (hard)" sql="DELETE FROM \"stress_records\" WHERE \"value\" = ?" args=[110] duration=43.042µs rows=1 error=<nil>
time=2026-05-02T16:33:59.830+02:00 level=INFO msg="SQL Execution" op="DELETE (hard)" sql="DELETE FROM \"stress_records\" WHERE \"value\" = ?" args=[111] duration=34.666µs rows=1 error=<nil>
time=2026-05-02T16:33:59.830+02:00 level=INFO msg="SQL Execution" op="DELETE (hard)" sql="DELETE FROM \"stress_records\" WHERE \"value\" = ?" args=[112] duration=36.25µs rows=1 error=<nil>
time=2026-05-02T16:33:59.830+02:00 level=INFO msg="SQL Execution" op="DELETE (hard)" sql="DELETE FROM \"stress_records\" WHERE \"value\" = ?" args=[113] duration=35.75µs rows=1 error=<nil>
time=2026-05-02T16:33:59.830+02:00 level=INFO msg="SQL Execution" op="DELETE (hard)" sql="DELETE FROM \"stress_records\" WHERE \"value\" = ?" args=[114] duration=34.666µs rows=1 error=<nil>
time=2026-05-02T16:33:59.830+02:00 level=INFO msg="SQL Execution" op="DELETE (hard)" sql="DELETE FROM \"stress_records\" WHERE \"value\" = ?" args=[115] duration=34.5µs rows=1 error=<nil>
time=2026-05-02T16:33:59.830+02:00 level=INFO msg="SQL Execution" op="DELETE (hard)" sql="DELETE FROM \"stress_records\" WHERE \"value\" = ?" args=[116] duration=34.958µs rows=1 error=<nil>
time=2026-05-02T16:33:59.830+02:00 level=INFO msg="SQL Execution" op="DELETE (hard)" sql="DELETE FROM \"stress_records\" WHERE \"value\" = ?" args=[117] duration=34.5µs rows=1 error=<nil>
time=2026-05-02T16:33:59.830+02:00 level=INFO msg="SQL Execution" op="DELETE (hard)" sql="DELETE FROM \"stress_records\" WHERE \"value\" = ?" args=[118] duration=51.917µs rows=1 error=<nil>
time=2026-05-02T16:33:59.830+02:00 level=INFO msg="SQL Execution" op="DELETE (hard)" sql="DELETE FROM \"stress_records\" WHERE \"value\" = ?" args=[119] duration=43.375µs rows=1 error=<nil>
time=2026-05-02T16:33:59.830+02:00 level=INFO msg="SQL Execution" op="DELETE (hard)" sql="DELETE FROM \"stress_records\" WHERE \"value\" = ?" args=[120] duration=36.292µs rows=1 error=<nil>
time=2026-05-02T16:33:59.830+02:00 level=INFO msg="SQL Execution" op="DELETE (hard)" sql="DELETE FROM \"stress_records\" WHERE \"value\" = ?" args=[121] duration=40.916µs rows=1 error=<nil>
time=2026-05-02T16:33:59.830+02:00 level=INFO msg="SQL Execution" op="DELETE (hard)" sql="DELETE FROM \"stress_records\" WHERE \"value\" = ?" args=[122] duration=34.709µs rows=1 error=<nil>
time=2026-05-02T16:33:59.830+02:00 level=INFO msg="SQL Execution" op="DELETE (hard)" sql="DELETE FROM \"stress_records\" WHERE \"value\" = ?" args=[123] duration=34.167µs rows=1 error=<nil>
time=2026-05-02T16:33:59.830+02:00 level=INFO msg="SQL Execution" op="DELETE (hard)" sql="DELETE FROM \"stress_records\" WHERE \"value\" = ?" args=[124] duration=44.583µs rows=1 error=<nil>
time=2026-05-02T16:33:59.831+02:00 level=INFO msg="SQL Execution" op="DELETE (hard)" sql="DELETE FROM \"stress_records\" WHERE \"value\" = ?" args=[125] duration=35.75µs rows=1 error=<nil>
time=2026-05-02T16:33:59.831+02:00 level=INFO msg="SQL Execution" op="DELETE (hard)" sql="DELETE FROM \"stress_records\" WHERE \"value\" = ?" args=[126] duration=36.375µs rows=1 error=<nil>
time=2026-05-02T16:33:59.831+02:00 level=INFO msg="SQL Execution" op="DELETE (hard)" sql="DELETE FROM \"stress_records\" WHERE \"value\" = ?" args=[127] duration=35.208µs rows=1 error=<nil>
time=2026-05-02T16:33:59.831+02:00 level=INFO msg="SQL Execution" op="DELETE (hard)" sql="DELETE FROM \"stress_records\" WHERE \"value\" = ?" args=[128] duration=36.333µs rows=1 error=<nil>
time=2026-05-02T16:33:59.831+02:00 level=INFO msg="SQL Execution" op="DELETE (hard)" sql="DELETE FROM \"stress_records\" WHERE \"value\" = ?" args=[129] duration=35.791µs rows=1 error=<nil>
time=2026-05-02T16:33:59.831+02:00 level=INFO msg="SQL Execution" op="DELETE (hard)" sql="DELETE FROM \"stress_records\" WHERE \"value\" = ?" args=[130] duration=36.042µs rows=1 error=<nil>
time=2026-05-02T16:33:59.831+02:00 level=INFO msg="SQL Execution" op="DELETE (hard)" sql="DELETE FROM \"stress_records\" WHERE \"value\" = ?" args=[131] duration=41.209µs rows=1 error=<nil>
time=2026-05-02T16:33:59.831+02:00 level=INFO msg="SQL Execution" op="DELETE (hard)" sql="DELETE FROM \"stress_records\" WHERE \"value\" = ?" args=[132] duration=34.041µs rows=1 error=<nil>
time=2026-05-02T16:33:59.831+02:00 level=INFO msg="SQL Execution" op="DELETE (hard)" sql="DELETE FROM \"stress_records\" WHERE \"value\" = ?" args=[133] duration=34.292µs rows=1 error=<nil>
time=2026-05-02T16:33:59.831+02:00 level=INFO msg="SQL Execution" op="DELETE (hard)" sql="DELETE FROM \"stress_records\" WHERE \"value\" = ?" args=[134] duration=35.875µs rows=1 error=<nil>
time=2026-05-02T16:33:59.831+02:00 level=INFO msg="SQL Execution" op="DELETE (hard)" sql="DELETE FROM \"stress_records\" WHERE \"value\" = ?" args=[135] duration=35.167µs rows=1 error=<nil>
time=2026-05-02T16:33:59.831+02:00 level=INFO msg="SQL Execution" op="DELETE (hard)" sql="DELETE FROM \"stress_records\" WHERE \"value\" = ?" args=[136] duration=33.917µs rows=1 error=<nil>
time=2026-05-02T16:33:59.831+02:00 level=INFO msg="SQL Execution" op="DELETE (hard)" sql="DELETE FROM \"stress_records\" WHERE \"value\" = ?" args=[137] duration=34.709µs rows=1 error=<nil>
time=2026-05-02T16:33:59.831+02:00 level=INFO msg="SQL Execution" op="DELETE (hard)" sql="DELETE FROM \"stress_records\" WHERE \"value\" = ?" args=[138] duration=41.833µs rows=1 error=<nil>
time=2026-05-02T16:33:59.831+02:00 level=INFO msg="SQL Execution" op="DELETE (hard)" sql="DELETE FROM \"stress_records\" WHERE \"value\" = ?" args=[139] duration=43.875µs rows=1 error=<nil>
time=2026-05-02T16:33:59.831+02:00 level=INFO msg="SQL Execution" op="DELETE (hard)" sql="DELETE FROM \"stress_records\" WHERE \"value\" = ?" args=[140] duration=41.958µs rows=1 error=<nil>
time=2026-05-02T16:33:59.831+02:00 level=INFO msg="SQL Execution" op="DELETE (hard)" sql="DELETE FROM \"stress_records\" WHERE \"value\" = ?" args=[141] duration=33.834µs rows=1 error=<nil>
time=2026-05-02T16:33:59.831+02:00 level=INFO msg="SQL Execution" op="DELETE (hard)" sql="DELETE FROM \"stress_records\" WHERE \"value\" = ?" args=[142] duration=40.125µs rows=1 error=<nil>
time=2026-05-02T16:33:59.831+02:00 level=INFO msg="SQL Execution" op="DELETE (hard)" sql="DELETE FROM \"stress_records\" WHERE \"value\" = ?" args=[143] duration=40.917µs rows=1 error=<nil>
time=2026-05-02T16:33:59.831+02:00 level=INFO msg="SQL Execution" op="DELETE (hard)" sql="DELETE FROM \"stress_records\" WHERE \"value\" = ?" args=[144] duration=42.041µs rows=1 error=<nil>
time=2026-05-02T16:33:59.831+02:00 level=INFO msg="SQL Execution" op="DELETE (hard)" sql="DELETE FROM \"stress_records\" WHERE \"value\" = ?" args=[145] duration=39.333µs rows=1 error=<nil>
time=2026-05-02T16:33:59.831+02:00 level=INFO msg="SQL Execution" op="DELETE (hard)" sql="DELETE FROM \"stress_records\" WHERE \"value\" = ?" args=[146] duration=40.834µs rows=1 error=<nil>
time=2026-05-02T16:33:59.831+02:00 level=INFO msg="SQL Execution" op="DELETE (hard)" sql="DELETE FROM \"stress_records\" WHERE \"value\" = ?" args=[147] duration=41.042µs rows=1 error=<nil>
time=2026-05-02T16:33:59.832+02:00 level=INFO msg="SQL Execution" op="DELETE (hard)" sql="DELETE FROM \"stress_records\" WHERE \"value\" = ?" args=[148] duration=42.584µs rows=1 error=<nil>
time=2026-05-02T16:33:59.832+02:00 level=INFO msg="SQL Execution" op="DELETE (hard)" sql="DELETE FROM \"stress_records\" WHERE \"value\" = ?" args=[149] duration=41.625µs rows=1 error=<nil>
time=2026-05-02T16:33:59.832+02:00 level=INFO msg="SQL Execution" op="DELETE (hard)" sql="DELETE FROM \"stress_records\" WHERE \"value\" = ?" args=[150] duration=40.542µs rows=1 error=<nil>
time=2026-05-02T16:33:59.832+02:00 level=INFO msg="SQL Execution" op="DELETE (hard)" sql="DELETE FROM \"stress_records\" WHERE \"value\" = ?" args=[151] duration=40.333µs rows=1 error=<nil>
time=2026-05-02T16:33:59.832+02:00 level=INFO msg="SQL Execution" op="DELETE (hard)" sql="DELETE FROM \"stress_records\" WHERE \"value\" = ?" args=[152] duration=35.459µs rows=1 error=<nil>
time=2026-05-02T16:33:59.832+02:00 level=INFO msg="SQL Execution" op="DELETE (hard)" sql="DELETE FROM \"stress_records\" WHERE \"value\" = ?" args=[153] duration=41.584µs rows=1 error=<nil>
time=2026-05-02T16:33:59.832+02:00 level=INFO msg="SQL Execution" op="DELETE (hard)" sql="DELETE FROM \"stress_records\" WHERE \"value\" = ?" args=[154] duration=50.208µs rows=1 error=<nil>
time=2026-05-02T16:33:59.832+02:00 level=INFO msg="SQL Execution" op="DELETE (hard)" sql="DELETE FROM \"stress_records\" WHERE \"value\" = ?" args=[155] duration=41.292µs rows=1 error=<nil>
time=2026-05-02T16:33:59.832+02:00 level=INFO msg="SQL Execution" op="DELETE (hard)" sql="DELETE FROM \"stress_records\" WHERE \"value\" = ?" args=[156] duration=44.416µs rows=1 error=<nil>
time=2026-05-02T16:33:59.832+02:00 level=INFO msg="SQL Execution" op="DELETE (hard)" sql="DELETE FROM \"stress_records\" WHERE \"value\" = ?" args=[157] duration=34.083µs rows=1 error=<nil>
time=2026-05-02T16:33:59.832+02:00 level=INFO msg="SQL Execution" op="DELETE (hard)" sql="DELETE FROM \"stress_records\" WHERE \"value\" = ?" args=[158] duration=41µs rows=1 error=<nil>
time=2026-05-02T16:33:59.832+02:00 level=INFO msg="SQL Execution" op="DELETE (hard)" sql="DELETE FROM \"stress_records\" WHERE \"value\" = ?" args=[159] duration=40.292µs rows=1 error=<nil>
time=2026-05-02T16:33:59.832+02:00 level=INFO msg="SQL Execution" op="DELETE (hard)" sql="DELETE FROM \"stress_records\" WHERE \"value\" = ?" args=[160] duration=40.958µs rows=1 error=<nil>
time=2026-05-02T16:33:59.832+02:00 level=INFO msg="SQL Execution" op="DELETE (hard)" sql="DELETE FROM \"stress_records\" WHERE \"value\" = ?" args=[161] duration=32.875µs rows=1 error=<nil>
time=2026-05-02T16:33:59.832+02:00 level=INFO msg="SQL Execution" op="DELETE (hard)" sql="DELETE FROM \"stress_records\" WHERE \"value\" = ?" args=[162] duration=40.125µs rows=1 error=<nil>
time=2026-05-02T16:33:59.832+02:00 level=INFO msg="SQL Execution" op="DELETE (hard)" sql="DELETE FROM \"stress_records\" WHERE \"value\" = ?" args=[163] duration=40µs rows=1 error=<nil>
time=2026-05-02T16:33:59.832+02:00 level=INFO msg="SQL Execution" op="DELETE (hard)" sql="DELETE FROM \"stress_records\" WHERE \"value\" = ?" args=[164] duration=35.042µs rows=1 error=<nil>
time=2026-05-02T16:33:59.832+02:00 level=INFO msg="SQL Execution" op="DELETE (hard)" sql="DELETE FROM \"stress_records\" WHERE \"value\" = ?" args=[165] duration=40.333µs rows=1 error=<nil>
time=2026-05-02T16:33:59.832+02:00 level=INFO msg="SQL Execution" op="DELETE (hard)" sql="DELETE FROM \"stress_records\" WHERE \"value\" = ?" args=[166] duration=40.833µs rows=1 error=<nil>
time=2026-05-02T16:33:59.832+02:00 level=INFO msg="SQL Execution" op="DELETE (hard)" sql="DELETE FROM \"stress_records\" WHERE \"value\" = ?" args=[167] duration=40.5µs rows=1 error=<nil>
time=2026-05-02T16:33:59.832+02:00 level=INFO msg="SQL Execution" op="DELETE (hard)" sql="DELETE FROM \"stress_records\" WHERE \"value\" = ?" args=[168] duration=32.625µs rows=1 error=<nil>
time=2026-05-02T16:33:59.832+02:00 level=INFO msg="SQL Execution" op="DELETE (hard)" sql="DELETE FROM \"stress_records\" WHERE \"value\" = ?" args=[169] duration=39.875µs rows=1 error=<nil>
time=2026-05-02T16:33:59.832+02:00 level=INFO msg="SQL Execution" op="DELETE (hard)" sql="DELETE FROM \"stress_records\" WHERE \"value\" = ?" args=[170] duration=40.958µs rows=1 error=<nil>
time=2026-05-02T16:33:59.833+02:00 level=INFO msg="SQL Execution" op="DELETE (hard)" sql="DELETE FROM \"stress_records\" WHERE \"value\" = ?" args=[171] duration=39.917µs rows=1 error=<nil>
time=2026-05-02T16:33:59.833+02:00 level=INFO msg="SQL Execution" op="DELETE (hard)" sql="DELETE FROM \"stress_records\" WHERE \"value\" = ?" args=[172] duration=40.708µs rows=1 error=<nil>
time=2026-05-02T16:33:59.833+02:00 level=INFO msg="SQL Execution" op="DELETE (hard)" sql="DELETE FROM \"stress_records\" WHERE \"value\" = ?" args=[173] duration=33.791µs rows=1 error=<nil>
time=2026-05-02T16:33:59.833+02:00 level=INFO msg="SQL Execution" op="DELETE (hard)" sql="DELETE FROM \"stress_records\" WHERE \"value\" = ?" args=[174] duration=40.583µs rows=1 error=<nil>
time=2026-05-02T16:33:59.833+02:00 level=INFO msg="SQL Execution" op="DELETE (hard)" sql="DELETE FROM \"stress_records\" WHERE \"value\" = ?" args=[175] duration=40.625µs rows=1 error=<nil>
time=2026-05-02T16:33:59.833+02:00 level=INFO msg="SQL Execution" op="DELETE (hard)" sql="DELETE FROM \"stress_records\" WHERE \"value\" = ?" args=[176] duration=41.292µs rows=1 error=<nil>
time=2026-05-02T16:33:59.833+02:00 level=INFO msg="SQL Execution" op="DELETE (hard)" sql="DELETE FROM \"stress_records\" WHERE \"value\" = ?" args=[177] duration=34.083µs rows=1 error=<nil>
time=2026-05-02T16:33:59.833+02:00 level=INFO msg="SQL Execution" op="DELETE (hard)" sql="DELETE FROM \"stress_records\" WHERE \"value\" = ?" args=[178] duration=33.333µs rows=1 error=<nil>
time=2026-05-02T16:33:59.833+02:00 level=INFO msg="SQL Execution" op="DELETE (hard)" sql="DELETE FROM \"stress_records\" WHERE \"value\" = ?" args=[179] duration=38.042µs rows=1 error=<nil>
time=2026-05-02T16:33:59.833+02:00 level=INFO msg="SQL Execution" op="DELETE (hard)" sql="DELETE FROM \"stress_records\" WHERE \"value\" = ?" args=[180] duration=35.084µs rows=1 error=<nil>
time=2026-05-02T16:33:59.833+02:00 level=INFO msg="SQL Execution" op="DELETE (hard)" sql="DELETE FROM \"stress_records\" WHERE \"value\" = ?" args=[181] duration=39.25µs rows=1 error=<nil>
time=2026-05-02T16:33:59.833+02:00 level=INFO msg="SQL Execution" op="DELETE (hard)" sql="DELETE FROM \"stress_records\" WHERE \"value\" = ?" args=[182] duration=41.208µs rows=1 error=<nil>
time=2026-05-02T16:33:59.833+02:00 level=INFO msg="SQL Execution" op="DELETE (hard)" sql="DELETE FROM \"stress_records\" WHERE \"value\" = ?" args=[183] duration=33.375µs rows=1 error=<nil>
time=2026-05-02T16:33:59.833+02:00 level=INFO msg="SQL Execution" op="DELETE (hard)" sql="DELETE FROM \"stress_records\" WHERE \"value\" = ?" args=[184] duration=33.916µs rows=1 error=<nil>
time=2026-05-02T16:33:59.833+02:00 level=INFO msg="SQL Execution" op="DELETE (hard)" sql="DELETE FROM \"stress_records\" WHERE \"value\" = ?" args=[185] duration=32.208µs rows=1 error=<nil>
time=2026-05-02T16:33:59.833+02:00 level=INFO msg="SQL Execution" op="DELETE (hard)" sql="DELETE FROM \"stress_records\" WHERE \"value\" = ?" args=[186] duration=32.541µs rows=1 error=<nil>
time=2026-05-02T16:33:59.833+02:00 level=INFO msg="SQL Execution" op="DELETE (hard)" sql="DELETE FROM \"stress_records\" WHERE \"value\" = ?" args=[187] duration=41.625µs rows=1 error=<nil>
time=2026-05-02T16:33:59.833+02:00 level=INFO msg="SQL Execution" op="DELETE (hard)" sql="DELETE FROM \"stress_records\" WHERE \"value\" = ?" args=[188] duration=33.708µs rows=1 error=<nil>
time=2026-05-02T16:33:59.833+02:00 level=INFO msg="SQL Execution" op="DELETE (hard)" sql="DELETE FROM \"stress_records\" WHERE \"value\" = ?" args=[189] duration=32.791µs rows=1 error=<nil>
time=2026-05-02T16:33:59.833+02:00 level=INFO msg="SQL Execution" op="DELETE (hard)" sql="DELETE FROM \"stress_records\" WHERE \"value\" = ?" args=[190] duration=33.792µs rows=1 error=<nil>
time=2026-05-02T16:33:59.833+02:00 level=INFO msg="SQL Execution" op="DELETE (hard)" sql="DELETE FROM \"stress_records\" WHERE \"value\" = ?" args=[191] duration=31.875µs rows=1 error=<nil>
time=2026-05-02T16:33:59.833+02:00 level=INFO msg="SQL Execution" op="DELETE (hard)" sql="DELETE FROM \"stress_records\" WHERE \"value\" = ?" args=[192] duration=39.208µs rows=1 error=<nil>
time=2026-05-02T16:33:59.833+02:00 level=INFO msg="SQL Execution" op="DELETE (hard)" sql="DELETE FROM \"stress_records\" WHERE \"value\" = ?" args=[193] duration=39.791µs rows=1 error=<nil>
time=2026-05-02T16:33:59.833+02:00 level=INFO msg="SQL Execution" op="DELETE (hard)" sql="DELETE FROM \"stress_records\" WHERE \"value\" = ?" args=[194] duration=62.417µs rows=1 error=<nil>
time=2026-05-02T16:33:59.834+02:00 level=INFO msg="SQL Execution" op="DELETE (hard)" sql="DELETE FROM \"stress_records\" WHERE \"value\" = ?" args=[195] duration=38.5µs rows=1 error=<nil>
time=2026-05-02T16:33:59.834+02:00 level=INFO msg="SQL Execution" op="DELETE (hard)" sql="DELETE FROM \"stress_records\" WHERE \"value\" = ?" args=[196] duration=39.208µs rows=1 error=<nil>
time=2026-05-02T16:33:59.834+02:00 level=INFO msg="SQL Execution" op="DELETE (hard)" sql="DELETE FROM \"stress_records\" WHERE \"value\" = ?" args=[197] duration=32.709µs rows=1 error=<nil>
time=2026-05-02T16:33:59.834+02:00 level=INFO msg="SQL Execution" op="DELETE (hard)" sql="DELETE FROM \"stress_records\" WHERE \"value\" = ?" args=[198] duration=46.167µs rows=1 error=<nil>
time=2026-05-02T16:33:59.834+02:00 level=INFO msg="SQL Execution" op="DELETE (hard)" sql="DELETE FROM \"stress_records\" WHERE \"value\" = ?" args=[199] duration=38.417µs rows=1 error=<nil>
time=2026-05-02T16:33:59.834+02:00 level=INFO msg="SQL Execution" op="DELETE (hard)" sql="DELETE FROM \"stress_records\" WHERE \"value\" = ?" args=[200] duration=31.458µs rows=1 error=<nil>
time=2026-05-02T16:33:59.834+02:00 level=INFO msg="SQL Execution" op="DELETE (hard)" sql="DELETE FROM \"stress_records\" WHERE \"value\" = ?" args=[201] duration=31.584µs rows=1 error=<nil>
time=2026-05-02T16:33:59.834+02:00 level=INFO msg="SQL Execution" op="DELETE (hard)" sql="DELETE FROM \"stress_records\" WHERE \"value\" = ?" args=[202] duration=33.75µs rows=1 error=<nil>
time=2026-05-02T16:33:59.834+02:00 level=INFO msg="SQL Execution" op="DELETE (hard)" sql="DELETE FROM \"stress_records\" WHERE \"value\" = ?" args=[203] duration=40.625µs rows=1 error=<nil>
time=2026-05-02T16:33:59.834+02:00 level=INFO msg="SQL Execution" op="DELETE (hard)" sql="DELETE FROM \"stress_records\" WHERE \"value\" = ?" args=[204] duration=32.084µs rows=1 error=<nil>
time=2026-05-02T16:33:59.834+02:00 level=INFO msg="SQL Execution" op="DELETE (hard)" sql="DELETE FROM \"stress_records\" WHERE \"value\" = ?" args=[205] duration=31.375µs rows=1 error=<nil>
time=2026-05-02T16:33:59.834+02:00 level=INFO msg="SQL Execution" op="DELETE (hard)" sql="DELETE FROM \"stress_records\" WHERE \"value\" = ?" args=[206] duration=31.625µs rows=1 error=<nil>
time=2026-05-02T16:33:59.834+02:00 level=INFO msg="SQL Execution" op="DELETE (hard)" sql="DELETE FROM \"stress_records\" WHERE \"value\" = ?" args=[207] duration=39µs rows=1 error=<nil>
time=2026-05-02T16:33:59.834+02:00 level=INFO msg="SQL Execution" op="DELETE (hard)" sql="DELETE FROM \"stress_records\" WHERE \"value\" = ?" args=[208] duration=31.667µs rows=1 error=<nil>
time=2026-05-02T16:33:59.834+02:00 level=INFO msg="SQL Execution" op="DELETE (hard)" sql="DELETE FROM \"stress_records\" WHERE \"value\" = ?" args=[209] duration=31.209µs rows=1 error=<nil>
time=2026-05-02T16:33:59.834+02:00 level=INFO msg="SQL Execution" op="DELETE (hard)" sql="DELETE FROM \"stress_records\" WHERE \"value\" = ?" args=[210] duration=32.75µs rows=1 error=<nil>
time=2026-05-02T16:33:59.834+02:00 level=INFO msg="SQL Execution" op="DELETE (hard)" sql="DELETE FROM \"stress_records\" WHERE \"value\" = ?" args=[211] duration=40µs rows=1 error=<nil>
time=2026-05-02T16:33:59.834+02:00 level=INFO msg="SQL Execution" op="DELETE (hard)" sql="DELETE FROM \"stress_records\" WHERE \"value\" = ?" args=[212] duration=33.458µs rows=1 error=<nil>
time=2026-05-02T16:33:59.834+02:00 level=INFO msg="SQL Execution" op="DELETE (hard)" sql="DELETE FROM \"stress_records\" WHERE \"value\" = ?" args=[213] duration=31.167µs rows=1 error=<nil>
time=2026-05-02T16:33:59.834+02:00 level=INFO msg="SQL Execution" op="DELETE (hard)" sql="DELETE FROM \"stress_records\" WHERE \"value\" = ?" args=[214] duration=31.042µs rows=1 error=<nil>
time=2026-05-02T16:33:59.834+02:00 level=INFO msg="SQL Execution" op="DELETE (hard)" sql="DELETE FROM \"stress_records\" WHERE \"value\" = ?" args=[215] duration=30.875µs rows=1 error=<nil>
time=2026-05-02T16:33:59.834+02:00 level=INFO msg="SQL Execution" op="DELETE (hard)" sql="DELETE FROM \"stress_records\" WHERE \"value\" = ?" args=[216] duration=31µs rows=1 error=<nil>
time=2026-05-02T16:33:59.834+02:00 level=INFO msg="SQL Execution" op="DELETE (hard)" sql="DELETE FROM \"stress_records\" WHERE \"value\" = ?" args=[217] duration=30.834µs rows=1 error=<nil>
time=2026-05-02T16:33:59.834+02:00 level=INFO msg="SQL Execution" op="DELETE (hard)" sql="DELETE FROM \"stress_records\" WHERE \"value\" = ?" args=[218] duration=31.25µs rows=1 error=<nil>
time=2026-05-02T16:33:59.834+02:00 level=INFO msg="SQL Execution" op="DELETE (hard)" sql="DELETE FROM \"stress_records\" WHERE \"value\" = ?" args=[219] duration=34.416µs rows=1 error=<nil>
time=2026-05-02T16:33:59.834+02:00 level=INFO msg="SQL Execution" op="DELETE (hard)" sql="DELETE FROM \"stress_records\" WHERE \"value\" = ?" args=[220] duration=32.125µs rows=1 error=<nil>
time=2026-05-02T16:33:59.835+02:00 level=INFO msg="SQL Execution" op="DELETE (hard)" sql="DELETE FROM \"stress_records\" WHERE \"value\" = ?" args=[221] duration=36µs rows=1 error=<nil>
time=2026-05-02T16:33:59.835+02:00 level=INFO msg="SQL Execution" op="DELETE (hard)" sql="DELETE FROM \"stress_records\" WHERE \"value\" = ?" args=[222] duration=38.25µs rows=1 error=<nil>
time=2026-05-02T16:33:59.835+02:00 level=INFO msg="SQL Execution" op="DELETE (hard)" sql="DELETE FROM \"stress_records\" WHERE \"value\" = ?" args=[223] duration=33.167µs rows=1 error=<nil>
time=2026-05-02T16:33:59.835+02:00 level=INFO msg="SQL Execution" op="DELETE (hard)" sql="DELETE FROM \"stress_records\" WHERE \"value\" = ?" args=[224] duration=31.167µs rows=1 error=<nil>
time=2026-05-02T16:33:59.835+02:00 level=INFO msg="SQL Execution" op="DELETE (hard)" sql="DELETE FROM \"stress_records\" WHERE \"value\" = ?" args=[225] duration=30.5µs rows=1 error=<nil>
time=2026-05-02T16:33:59.835+02:00 level=INFO msg="SQL Execution" op="DELETE (hard)" sql="DELETE FROM \"stress_records\" WHERE \"value\" = ?" args=[226] duration=30.541µs rows=1 error=<nil>
time=2026-05-02T16:33:59.835+02:00 level=INFO msg="SQL Execution" op="DELETE (hard)" sql="DELETE FROM \"stress_records\" WHERE \"value\" = ?" args=[227] duration=30.416µs rows=1 error=<nil>
time=2026-05-02T16:33:59.835+02:00 level=INFO msg="SQL Execution" op="DELETE (hard)" sql="DELETE FROM \"stress_records\" WHERE \"value\" = ?" args=[228] duration=31.042µs rows=1 error=<nil>
time=2026-05-02T16:33:59.835+02:00 level=INFO msg="SQL Execution" op="DELETE (hard)" sql="DELETE FROM \"stress_records\" WHERE \"value\" = ?" args=[229] duration=37.292µs rows=1 error=<nil>
time=2026-05-02T16:33:59.835+02:00 level=INFO msg="SQL Execution" op="DELETE (hard)" sql="DELETE FROM \"stress_records\" WHERE \"value\" = ?" args=[230] duration=37.958µs rows=1 error=<nil>
time=2026-05-02T16:33:59.835+02:00 level=INFO msg="SQL Execution" op="DELETE (hard)" sql="DELETE FROM \"stress_records\" WHERE \"value\" = ?" args=[231] duration=30.333µs rows=1 error=<nil>
time=2026-05-02T16:33:59.835+02:00 level=INFO msg="SQL Execution" op="DELETE (hard)" sql="DELETE FROM \"stress_records\" WHERE \"value\" = ?" args=[232] duration=30.541µs rows=1 error=<nil>
time=2026-05-02T16:33:59.835+02:00 level=INFO msg="SQL Execution" op="DELETE (hard)" sql="DELETE FROM \"stress_records\" WHERE \"value\" = ?" args=[233] duration=30.75µs rows=1 error=<nil>
time=2026-05-02T16:33:59.835+02:00 level=INFO msg="SQL Execution" op="DELETE (hard)" sql="DELETE FROM \"stress_records\" WHERE \"value\" = ?" args=[234] duration=31.084µs rows=1 error=<nil>
time=2026-05-02T16:33:59.835+02:00 level=INFO msg="SQL Execution" op="DELETE (hard)" sql="DELETE FROM \"stress_records\" WHERE \"value\" = ?" args=[235] duration=30.917µs rows=1 error=<nil>
time=2026-05-02T16:33:59.835+02:00 level=INFO msg="SQL Execution" op="DELETE (hard)" sql="DELETE FROM \"stress_records\" WHERE \"value\" = ?" args=[236] duration=39.583µs rows=1 error=<nil>
time=2026-05-02T16:33:59.835+02:00 level=INFO msg="SQL Execution" op="DELETE (hard)" sql="DELETE FROM \"stress_records\" WHERE \"value\" = ?" args=[237] duration=31.166µs rows=1 error=<nil>
time=2026-05-02T16:33:59.835+02:00 level=INFO msg="SQL Execution" op="DELETE (hard)" sql="DELETE FROM \"stress_records\" WHERE \"value\" = ?" args=[238] duration=30.166µs rows=1 error=<nil>
time=2026-05-02T16:33:59.835+02:00 level=INFO msg="SQL Execution" op="DELETE (hard)" sql="DELETE FROM \"stress_records\" WHERE \"value\" = ?" args=[239] duration=30.417µs rows=1 error=<nil>
time=2026-05-02T16:33:59.835+02:00 level=INFO msg="SQL Execution" op="DELETE (hard)" sql="DELETE FROM \"stress_records\" WHERE \"value\" = ?" args=[240] duration=30.125µs rows=1 error=<nil>
time=2026-05-02T16:33:59.835+02:00 level=INFO msg="SQL Execution" op="DELETE (hard)" sql="DELETE FROM \"stress_records\" WHERE \"value\" = ?" args=[241] duration=37.417µs rows=1 error=<nil>
time=2026-05-02T16:33:59.835+02:00 level=INFO msg="SQL Execution" op="DELETE (hard)" sql="DELETE FROM \"stress_records\" WHERE \"value\" = ?" args=[242] duration=30.292µs rows=1 error=<nil>
time=2026-05-02T16:33:59.835+02:00 level=INFO msg="SQL Execution" op="DELETE (hard)" sql="DELETE FROM \"stress_records\" WHERE \"value\" = ?" args=[243] duration=29.833µs rows=1 error=<nil>
time=2026-05-02T16:33:59.835+02:00 level=INFO msg="SQL Execution" op="DELETE (hard)" sql="DELETE FROM \"stress_records\" WHERE \"value\" = ?" args=[244] duration=29.917µs rows=1 error=<nil>
time=2026-05-02T16:33:59.835+02:00 level=INFO msg="SQL Execution" op="DELETE (hard)" sql="DELETE FROM \"stress_records\" WHERE \"value\" = ?" args=[245] duration=29.833µs rows=1 error=<nil>
time=2026-05-02T16:33:59.835+02:00 level=INFO msg="SQL Execution" op="DELETE (hard)" sql="DELETE FROM \"stress_records\" WHERE \"value\" = ?" args=[246] duration=37.666µs rows=1 error=<nil>
time=2026-05-02T16:33:59.835+02:00 level=INFO msg="SQL Execution" op="DELETE (hard)" sql="DELETE FROM \"stress_records\" WHERE \"value\" = ?" args=[247] duration=46.833µs rows=1 error=<nil>
time=2026-05-02T16:33:59.836+02:00 level=INFO msg="SQL Execution" op="DELETE (hard)" sql="DELETE FROM \"stress_records\" WHERE \"value\" = ?" args=[248] duration=29.5µs rows=1 error=<nil>
time=2026-05-02T16:33:59.836+02:00 level=INFO msg="SQL Execution" op="DELETE (hard)" sql="DELETE FROM \"stress_records\" WHERE \"value\" = ?" args=[249] duration=29.875µs rows=1 error=<nil>
time=2026-05-02T16:33:59.836+02:00 level=INFO msg="SQL Execution" op="DELETE (hard)" sql="DELETE FROM \"stress_records\" WHERE \"value\" = ?" args=[250] duration=29.708µs rows=1 error=<nil>
time=2026-05-02T16:33:59.836+02:00 level=INFO msg="SQL Execution" op="DELETE (hard)" sql="DELETE FROM \"stress_records\" WHERE \"value\" = ?" args=[251] duration=29.625µs rows=1 error=<nil>
time=2026-05-02T16:33:59.836+02:00 level=INFO msg="SQL Execution" op="DELETE (hard)" sql="DELETE FROM \"stress_records\" WHERE \"value\" = ?" args=[252] duration=30.25µs rows=1 error=<nil>
time=2026-05-02T16:33:59.836+02:00 level=INFO msg="SQL Execution" op="DELETE (hard)" sql="DELETE FROM \"stress_records\" WHERE \"value\" = ?" args=[253] duration=29.334µs rows=1 error=<nil>
time=2026-05-02T16:33:59.836+02:00 level=INFO msg="SQL Execution" op="DELETE (hard)" sql="DELETE FROM \"stress_records\" WHERE \"value\" = ?" args=[254] duration=36.916µs rows=1 error=<nil>
time=2026-05-02T16:33:59.836+02:00 level=INFO msg="SQL Execution" op="DELETE (hard)" sql="DELETE FROM \"stress_records\" WHERE \"value\" = ?" args=[255] duration=29.917µs rows=1 error=<nil>
time=2026-05-02T16:33:59.836+02:00 level=INFO msg="SQL Execution" op="DELETE (hard)" sql="DELETE FROM \"stress_records\" WHERE \"value\" = ?" args=[256] duration=156.792µs rows=1 error=<nil>
time=2026-05-02T16:33:59.836+02:00 level=INFO msg="SQL Execution" op="DELETE (hard)" sql="DELETE FROM \"stress_records\" WHERE \"value\" = ?" args=[257] duration=35.292µs rows=1 error=<nil>
time=2026-05-02T16:33:59.836+02:00 level=INFO msg="SQL Execution" op="DELETE (hard)" sql="DELETE FROM \"stress_records\" WHERE \"value\" = ?" args=[258] duration=32.416µs rows=1 error=<nil>
time=2026-05-02T16:33:59.836+02:00 level=INFO msg="SQL Execution" op="DELETE (hard)" sql="DELETE FROM \"stress_records\" WHERE \"value\" = ?" args=[259] duration=31.375µs rows=1 error=<nil>
time=2026-05-02T16:33:59.836+02:00 level=INFO msg="SQL Execution" op="DELETE (hard)" sql="DELETE FROM \"stress_records\" WHERE \"value\" = ?" args=[260] duration=47.209µs rows=1 error=<nil>
time=2026-05-02T16:33:59.836+02:00 level=INFO msg="SQL Execution" op="DELETE (hard)" sql="DELETE FROM \"stress_records\" WHERE \"value\" = ?" args=[261] duration=133.208µs rows=1 error=<nil>
time=2026-05-02T16:33:59.836+02:00 level=INFO msg="SQL Execution" op="DELETE (hard)" sql="DELETE FROM \"stress_records\" WHERE \"value\" = ?" args=[262] duration=32.75µs rows=1 error=<nil>
time=2026-05-02T16:33:59.836+02:00 level=INFO msg="SQL Execution" op="DELETE (hard)" sql="DELETE FROM \"stress_records\" WHERE \"value\" = ?" args=[263] duration=30.417µs rows=1 error=<nil>
time=2026-05-02T16:33:59.836+02:00 level=INFO msg="SQL Execution" op="DELETE (hard)" sql="DELETE FROM \"stress_records\" WHERE \"value\" = ?" args=[264] duration=37.292µs rows=1 error=<nil>
time=2026-05-02T16:33:59.836+02:00 level=INFO msg="SQL Execution" op="DELETE (hard)" sql="DELETE FROM \"stress_records\" WHERE \"value\" = ?" args=[265] duration=30.458µs rows=1 error=<nil>
time=2026-05-02T16:33:59.836+02:00 level=INFO msg="SQL Execution" op="DELETE (hard)" sql="DELETE FROM \"stress_records\" WHERE \"value\" = ?" args=[266] duration=30.5µs rows=1 error=<nil>
time=2026-05-02T16:33:59.836+02:00 level=INFO msg="SQL Execution" op="DELETE (hard)" sql="DELETE FROM \"stress_records\" WHERE \"value\" = ?" args=[267] duration=29.333µs rows=1 error=<nil>
time=2026-05-02T16:33:59.837+02:00 level=INFO msg="SQL Execution" op="DELETE (hard)" sql="DELETE FROM \"stress_records\" WHERE \"value\" = ?" args=[268] duration=30.708µs rows=1 error=<nil>
time=2026-05-02T16:33:59.837+02:00 level=INFO msg="SQL Execution" op="DELETE (hard)" sql="DELETE FROM \"stress_records\" WHERE \"value\" = ?" args=[269] duration=28.917µs rows=1 error=<nil>
time=2026-05-02T16:33:59.837+02:00 level=INFO msg="SQL Execution" op="DELETE (hard)" sql="DELETE FROM \"stress_records\" WHERE \"value\" = ?" args=[270] duration=42.083µs rows=1 error=<nil>
time=2026-05-02T16:33:59.837+02:00 level=INFO msg="SQL Execution" op="DELETE (hard)" sql="DELETE FROM \"stress_records\" WHERE \"value\" = ?" args=[271] duration=30.041µs rows=1 error=<nil>
time=2026-05-02T16:33:59.837+02:00 level=INFO msg="SQL Execution" op="DELETE (hard)" sql="DELETE FROM \"stress_records\" WHERE \"value\" = ?" args=[272] duration=29.834µs rows=1 error=<nil>
time=2026-05-02T16:33:59.837+02:00 level=INFO msg="SQL Execution" op="DELETE (hard)" sql="DELETE FROM \"stress_records\" WHERE \"value\" = ?" args=[273] duration=36.708µs rows=1 error=<nil>
time=2026-05-02T16:33:59.837+02:00 level=INFO msg="SQL Execution" op="DELETE (hard)" sql="DELETE FROM \"stress_records\" WHERE \"value\" = ?" args=[274] duration=30.291µs rows=1 error=<nil>
time=2026-05-02T16:33:59.837+02:00 level=INFO msg="SQL Execution" op="DELETE (hard)" sql="DELETE FROM \"stress_records\" WHERE \"value\" = ?" args=[275] duration=29.834µs rows=1 error=<nil>
time=2026-05-02T16:33:59.837+02:00 level=INFO msg="SQL Execution" op="DELETE (hard)" sql="DELETE FROM \"stress_records\" WHERE \"value\" = ?" args=[276] duration=31.792µs rows=1 error=<nil>
time=2026-05-02T16:33:59.837+02:00 level=INFO msg="SQL Execution" op="DELETE (hard)" sql="DELETE FROM \"stress_records\" WHERE \"value\" = ?" args=[277] duration=30.917µs rows=1 error=<nil>
time=2026-05-02T16:33:59.837+02:00 level=INFO msg="SQL Execution" op="DELETE (hard)" sql="DELETE FROM \"stress_records\" WHERE \"value\" = ?" args=[278] duration=31.042µs rows=1 error=<nil>
time=2026-05-02T16:33:59.837+02:00 level=INFO msg="SQL Execution" op="DELETE (hard)" sql="DELETE FROM \"stress_records\" WHERE \"value\" = ?" args=[279] duration=36.5µs rows=1 error=<nil>
time=2026-05-02T16:33:59.837+02:00 level=INFO msg="SQL Execution" op="DELETE (hard)" sql="DELETE FROM \"stress_records\" WHERE \"value\" = ?" args=[280] duration=29.292µs rows=1 error=<nil>
time=2026-05-02T16:33:59.837+02:00 level=INFO msg="SQL Execution" op="DELETE (hard)" sql="DELETE FROM \"stress_records\" WHERE \"value\" = ?" args=[281] duration=29.125µs rows=1 error=<nil>
time=2026-05-02T16:33:59.837+02:00 level=INFO msg="SQL Execution" op="DELETE (hard)" sql="DELETE FROM \"stress_records\" WHERE \"value\" = ?" args=[282] duration=29.333µs rows=1 error=<nil>
time=2026-05-02T16:33:59.837+02:00 level=INFO msg="SQL Execution" op="DELETE (hard)" sql="DELETE FROM \"stress_records\" WHERE \"value\" = ?" args=[283] duration=29.542µs rows=1 error=<nil>
time=2026-05-02T16:33:59.837+02:00 level=INFO msg="SQL Execution" op="DELETE (hard)" sql="DELETE FROM \"stress_records\" WHERE \"value\" = ?" args=[284] duration=36.709µs rows=1 error=<nil>
time=2026-05-02T16:33:59.837+02:00 level=INFO msg="SQL Execution" op="DELETE (hard)" sql="DELETE FROM \"stress_records\" WHERE \"value\" = ?" args=[285] duration=30.584µs rows=1 error=<nil>
time=2026-05-02T16:33:59.837+02:00 level=INFO msg="SQL Execution" op="DELETE (hard)" sql="DELETE FROM \"stress_records\" WHERE \"value\" = ?" args=[286] duration=39.5µs rows=1 error=<nil>
time=2026-05-02T16:33:59.837+02:00 level=INFO msg="SQL Execution" op="DELETE (hard)" sql="DELETE FROM \"stress_records\" WHERE \"value\" = ?" args=[287] duration=29µs rows=1 error=<nil>
time=2026-05-02T16:33:59.837+02:00 level=INFO msg="SQL Execution" op="DELETE (hard)" sql="DELETE FROM \"stress_records\" WHERE \"value\" = ?" args=[288] duration=29.292µs rows=1 error=<nil>
time=2026-05-02T16:33:59.837+02:00 level=INFO msg="SQL Execution" op="DELETE (hard)" sql="DELETE FROM \"stress_records\" WHERE \"value\" = ?" args=[289] duration=41.459µs rows=1 error=<nil>
time=2026-05-02T16:33:59.837+02:00 level=INFO msg="SQL Execution" op="DELETE (hard)" sql="DELETE FROM \"stress_records\" WHERE \"value\" = ?" args=[290] duration=37.959µs rows=1 error=<nil>
time=2026-05-02T16:33:59.837+02:00 level=INFO msg="SQL Execution" op="DELETE (hard)" sql="DELETE FROM \"stress_records\" WHERE \"value\" = ?" args=[291] duration=29µs rows=1 error=<nil>
time=2026-05-02T16:33:59.837+02:00 level=INFO msg="SQL Execution" op="DELETE (hard)" sql="DELETE FROM \"stress_records\" WHERE \"value\" = ?" args=[292] duration=36.083µs rows=1 error=<nil>
time=2026-05-02T16:33:59.837+02:00 level=INFO msg="SQL Execution" op="DELETE (hard)" sql="DELETE FROM \"stress_records\" WHERE \"value\" = ?" args=[293] duration=31.25µs rows=1 error=<nil>
time=2026-05-02T16:33:59.837+02:00 level=INFO msg="SQL Execution" op="DELETE (hard)" sql="DELETE FROM \"stress_records\" WHERE \"value\" = ?" args=[294] duration=29.084µs rows=1 error=<nil>
time=2026-05-02T16:33:59.838+02:00 level=INFO msg="SQL Execution" op="DELETE (hard)" sql="DELETE FROM \"stress_records\" WHERE \"value\" = ?" args=[295] duration=28.667µs rows=1 error=<nil>
time=2026-05-02T16:33:59.838+02:00 level=INFO msg="SQL Execution" op="DELETE (hard)" sql="DELETE FROM \"stress_records\" WHERE \"value\" = ?" args=[296] duration=29.084µs rows=1 error=<nil>
time=2026-05-02T16:33:59.838+02:00 level=INFO msg="SQL Execution" op="DELETE (hard)" sql="DELETE FROM \"stress_records\" WHERE \"value\" = ?" args=[297] duration=29.042µs rows=1 error=<nil>
time=2026-05-02T16:33:59.838+02:00 level=INFO msg="SQL Execution" op="DELETE (hard)" sql="DELETE FROM \"stress_records\" WHERE \"value\" = ?" args=[298] duration=28.584µs rows=1 error=<nil>
time=2026-05-02T16:33:59.838+02:00 level=INFO msg="SQL Execution" op="DELETE (hard)" sql="DELETE FROM \"stress_records\" WHERE \"value\" = ?" args=[299] duration=35.292µs rows=1 error=<nil>
time=2026-05-02T16:33:59.838+02:00 level=INFO msg="SQL Execution" op="DELETE (hard)" sql="DELETE FROM \"stress_records\" WHERE \"value\" = ?" args=[300] duration=28.959µs rows=1 error=<nil>
time=2026-05-02T16:33:59.838+02:00 level=INFO msg="SQL Execution" op="DELETE (hard)" sql="DELETE FROM \"stress_records\" WHERE \"value\" = ?" args=[301] duration=27.958µs rows=1 error=<nil>
time=2026-05-02T16:33:59.838+02:00 level=INFO msg="SQL Execution" op="DELETE (hard)" sql="DELETE FROM \"stress_records\" WHERE \"value\" = ?" args=[302] duration=37.709µs rows=1 error=<nil>
time=2026-05-02T16:33:59.838+02:00 level=INFO msg="SQL Execution" op="DELETE (hard)" sql="DELETE FROM \"stress_records\" WHERE \"value\" = ?" args=[303] duration=35.584µs rows=1 error=<nil>
time=2026-05-02T16:33:59.838+02:00 level=INFO msg="SQL Execution" op="DELETE (hard)" sql="DELETE FROM \"stress_records\" WHERE \"value\" = ?" args=[304] duration=30.25µs rows=1 error=<nil>
time=2026-05-02T16:33:59.838+02:00 level=INFO msg="SQL Execution" op="DELETE (hard)" sql="DELETE FROM \"stress_records\" WHERE \"value\" = ?" args=[305] duration=28.833µs rows=1 error=<nil>
time=2026-05-02T16:33:59.838+02:00 level=INFO msg="SQL Execution" op="DELETE (hard)" sql="DELETE FROM \"stress_records\" WHERE \"value\" = ?" args=[306] duration=30.5µs rows=1 error=<nil>
time=2026-05-02T16:33:59.838+02:00 level=INFO msg="SQL Execution" op="DELETE (hard)" sql="DELETE FROM \"stress_records\" WHERE \"value\" = ?" args=[307] duration=29.209µs rows=1 error=<nil>
time=2026-05-02T16:33:59.838+02:00 level=INFO msg="SQL Execution" op="DELETE (hard)" sql="DELETE FROM \"stress_records\" WHERE \"value\" = ?" args=[308] duration=27.208µs rows=1 error=<nil>
time=2026-05-02T16:33:59.838+02:00 level=INFO msg="SQL Execution" op="DELETE (hard)" sql="DELETE FROM \"stress_records\" WHERE \"value\" = ?" args=[309] duration=27.833µs rows=1 error=<nil>
time=2026-05-02T16:33:59.838+02:00 level=INFO msg="SQL Execution" op="DELETE (hard)" sql="DELETE FROM \"stress_records\" WHERE \"value\" = ?" args=[310] duration=35.208µs rows=1 error=<nil>
time=2026-05-02T16:33:59.838+02:00 level=INFO msg="SQL Execution" op="DELETE (hard)" sql="DELETE FROM \"stress_records\" WHERE \"value\" = ?" args=[311] duration=28.625µs rows=1 error=<nil>
time=2026-05-02T16:33:59.838+02:00 level=INFO msg="SQL Execution" op="DELETE (hard)" sql="DELETE FROM \"stress_records\" WHERE \"value\" = ?" args=[312] duration=27.791µs rows=1 error=<nil>
time=2026-05-02T16:33:59.838+02:00 level=INFO msg="SQL Execution" op="DELETE (hard)" sql="DELETE FROM \"stress_records\" WHERE \"value\" = ?" args=[313] duration=37.916µs rows=1 error=<nil>
time=2026-05-02T16:33:59.838+02:00 level=INFO msg="SQL Execution" op="DELETE (hard)" sql="DELETE FROM \"stress_records\" WHERE \"value\" = ?" args=[314] duration=29.042µs rows=1 error=<nil>
time=2026-05-02T16:33:59.838+02:00 level=INFO msg="SQL Execution" op="DELETE (hard)" sql="DELETE FROM \"stress_records\" WHERE \"value\" = ?" args=[315] duration=29.125µs rows=1 error=<nil>
time=2026-05-02T16:33:59.838+02:00 level=INFO msg="SQL Execution" op="DELETE (hard)" sql="DELETE FROM \"stress_records\" WHERE \"value\" = ?" args=[316] duration=35.667µs rows=1 error=<nil>
time=2026-05-02T16:33:59.838+02:00 level=INFO msg="SQL Execution" op="DELETE (hard)" sql="DELETE FROM \"stress_records\" WHERE \"value\" = ?" args=[317] duration=28.209µs rows=1 error=<nil>
time=2026-05-02T16:33:59.838+02:00 level=INFO msg="SQL Execution" op="DELETE (hard)" sql="DELETE FROM \"stress_records\" WHERE \"value\" = ?" args=[318] duration=30.167µs rows=1 error=<nil>
time=2026-05-02T16:33:59.838+02:00 level=INFO msg="SQL Execution" op="DELETE (hard)" sql="DELETE FROM \"stress_records\" WHERE \"value\" = ?" args=[319] duration=27.916µs rows=1 error=<nil>
time=2026-05-02T16:33:59.838+02:00 level=INFO msg="SQL Execution" op="DELETE (hard)" sql="DELETE FROM \"stress_records\" WHERE \"value\" = ?" args=[320] duration=28.208µs rows=1 error=<nil>
time=2026-05-02T16:33:59.838+02:00 level=INFO msg="SQL Execution" op="DELETE (hard)" sql="DELETE FROM \"stress_records\" WHERE \"value\" = ?" args=[321] duration=27.625µs rows=1 error=<nil>
time=2026-05-02T16:33:59.838+02:00 level=INFO msg="SQL Execution" op="DELETE (hard)" sql="DELETE FROM \"stress_records\" WHERE \"value\" = ?" args=[322] duration=28.417µs rows=1 error=<nil>
time=2026-05-02T16:33:59.838+02:00 level=INFO msg="SQL Execution" op="DELETE (hard)" sql="DELETE FROM \"stress_records\" WHERE \"value\" = ?" args=[323] duration=28.042µs rows=1 error=<nil>
time=2026-05-02T16:33:59.839+02:00 level=INFO msg="SQL Execution" op="DELETE (hard)" sql="DELETE FROM \"stress_records\" WHERE \"value\" = ?" args=[324] duration=29.209µs rows=1 error=<nil>
time=2026-05-02T16:33:59.839+02:00 level=INFO msg="SQL Execution" op="DELETE (hard)" sql="DELETE FROM \"stress_records\" WHERE \"value\" = ?" args=[325] duration=35.041µs rows=1 error=<nil>
time=2026-05-02T16:33:59.839+02:00 level=INFO msg="SQL Execution" op="DELETE (hard)" sql="DELETE FROM \"stress_records\" WHERE \"value\" = ?" args=[326] duration=30.083µs rows=1 error=<nil>
time=2026-05-02T16:33:59.839+02:00 level=INFO msg="SQL Execution" op="DELETE (hard)" sql="DELETE FROM \"stress_records\" WHERE \"value\" = ?" args=[327] duration=27.125µs rows=1 error=<nil>
time=2026-05-02T16:33:59.839+02:00 level=INFO msg="SQL Execution" op="DELETE (hard)" sql="DELETE FROM \"stress_records\" WHERE \"value\" = ?" args=[328] duration=27.667µs rows=1 error=<nil>
time=2026-05-02T16:33:59.839+02:00 level=INFO msg="SQL Execution" op="DELETE (hard)" sql="DELETE FROM \"stress_records\" WHERE \"value\" = ?" args=[329] duration=34.042µs rows=1 error=<nil>
time=2026-05-02T16:33:59.839+02:00 level=INFO msg="SQL Execution" op="DELETE (hard)" sql="DELETE FROM \"stress_records\" WHERE \"value\" = ?" args=[330] duration=28.875µs rows=1 error=<nil>
time=2026-05-02T16:33:59.839+02:00 level=INFO msg="SQL Execution" op="DELETE (hard)" sql="DELETE FROM \"stress_records\" WHERE \"value\" = ?" args=[331] duration=27.375µs rows=1 error=<nil>
time=2026-05-02T16:33:59.839+02:00 level=INFO msg="SQL Execution" op="DELETE (hard)" sql="DELETE FROM \"stress_records\" WHERE \"value\" = ?" args=[332] duration=32.458µs rows=1 error=<nil>
time=2026-05-02T16:33:59.839+02:00 level=INFO msg="SQL Execution" op="DELETE (hard)" sql="DELETE FROM \"stress_records\" WHERE \"value\" = ?" args=[333] duration=31.875µs rows=1 error=<nil>
time=2026-05-02T16:33:59.839+02:00 level=INFO msg="SQL Execution" op="DELETE (hard)" sql="DELETE FROM \"stress_records\" WHERE \"value\" = ?" args=[334] duration=38.333µs rows=1 error=<nil>
time=2026-05-02T16:33:59.839+02:00 level=INFO msg="SQL Execution" op="DELETE (hard)" sql="DELETE FROM \"stress_records\" WHERE \"value\" = ?" args=[335] duration=32.791µs rows=1 error=<nil>
time=2026-05-02T16:33:59.839+02:00 level=INFO msg="SQL Execution" op="DELETE (hard)" sql="DELETE FROM \"stress_records\" WHERE \"value\" = ?" args=[336] duration=26.875µs rows=1 error=<nil>
time=2026-05-02T16:33:59.839+02:00 level=INFO msg="SQL Execution" op="DELETE (hard)" sql="DELETE FROM \"stress_records\" WHERE \"value\" = ?" args=[337] duration=27.625µs rows=1 error=<nil>
time=2026-05-02T16:33:59.839+02:00 level=INFO msg="SQL Execution" op="DELETE (hard)" sql="DELETE FROM \"stress_records\" WHERE \"value\" = ?" args=[338] duration=28.708µs rows=1 error=<nil>
time=2026-05-02T16:33:59.839+02:00 level=INFO msg="SQL Execution" op="DELETE (hard)" sql="DELETE FROM \"stress_records\" WHERE \"value\" = ?" args=[339] duration=28.208µs rows=1 error=<nil>
time=2026-05-02T16:33:59.839+02:00 level=INFO msg="SQL Execution" op="DELETE (hard)" sql="DELETE FROM \"stress_records\" WHERE \"value\" = ?" args=[340] duration=28.917µs rows=1 error=<nil>
time=2026-05-02T16:33:59.839+02:00 level=INFO msg="SQL Execution" op="DELETE (hard)" sql="DELETE FROM \"stress_records\" WHERE \"value\" = ?" args=[341] duration=28.625µs rows=1 error=<nil>
time=2026-05-02T16:33:59.839+02:00 level=INFO msg="SQL Execution" op="DELETE (hard)" sql="DELETE FROM \"stress_records\" WHERE \"value\" = ?" args=[342] duration=27.542µs rows=1 error=<nil>
time=2026-05-02T16:33:59.839+02:00 level=INFO msg="SQL Execution" op="DELETE (hard)" sql="DELETE FROM \"stress_records\" WHERE \"value\" = ?" args=[343] duration=33.042µs rows=1 error=<nil>
time=2026-05-02T16:33:59.839+02:00 level=INFO msg="SQL Execution" op="DELETE (hard)" sql="DELETE FROM \"stress_records\" WHERE \"value\" = ?" args=[344] duration=28.958µs rows=1 error=<nil>
time=2026-05-02T16:33:59.839+02:00 level=INFO msg="SQL Execution" op="DELETE (hard)" sql="DELETE FROM \"stress_records\" WHERE \"value\" = ?" args=[345] duration=33.166µs rows=1 error=<nil>
time=2026-05-02T16:33:59.839+02:00 level=INFO msg="SQL Execution" op="DELETE (hard)" sql="DELETE FROM \"stress_records\" WHERE \"value\" = ?" args=[346] duration=29.041µs rows=1 error=<nil>
time=2026-05-02T16:33:59.839+02:00 level=INFO msg="SQL Execution" op="DELETE (hard)" sql="DELETE FROM \"stress_records\" WHERE \"value\" = ?" args=[347] duration=34.125µs rows=1 error=<nil>
time=2026-05-02T16:33:59.839+02:00 level=INFO msg="SQL Execution" op="DELETE (hard)" sql="DELETE FROM \"stress_records\" WHERE \"value\" = ?" args=[348] duration=28.667µs rows=1 error=<nil>
time=2026-05-02T16:33:59.839+02:00 level=INFO msg="SQL Execution" op="DELETE (hard)" sql="DELETE FROM \"stress_records\" WHERE \"value\" = ?" args=[349] duration=29.209µs rows=1 error=<nil>
time=2026-05-02T16:33:59.839+02:00 level=INFO msg="SQL Execution" op="DELETE (hard)" sql="DELETE FROM \"stress_records\" WHERE \"value\" = ?" args=[350] duration=33.625µs rows=1 error=<nil>
time=2026-05-02T16:33:59.839+02:00 level=INFO msg="SQL Execution" op="DELETE (hard)" sql="DELETE FROM \"stress_records\" WHERE \"value\" = ?" args=[351] duration=28.625µs rows=1 error=<nil>
time=2026-05-02T16:33:59.839+02:00 level=INFO msg="SQL Execution" op="DELETE (hard)" sql="DELETE FROM \"stress_records\" WHERE \"value\" = ?" args=[352] duration=32.791µs rows=1 error=<nil>
time=2026-05-02T16:33:59.840+02:00 level=INFO msg="SQL Execution" op="DELETE (hard)" sql="DELETE FROM \"stress_records\" WHERE \"value\" = ?" args=[353] duration=28.958µs rows=1 error=<nil>
time=2026-05-02T16:33:59.840+02:00 level=INFO msg="SQL Execution" op="DELETE (hard)" sql="DELETE FROM \"stress_records\" WHERE \"value\" = ?" args=[354] duration=26.75µs rows=1 error=<nil>
time=2026-05-02T16:33:59.840+02:00 level=INFO msg="SQL Execution" op="DELETE (hard)" sql="DELETE FROM \"stress_records\" WHERE \"value\" = ?" args=[355] duration=27.125µs rows=1 error=<nil>
time=2026-05-02T16:33:59.840+02:00 level=INFO msg="SQL Execution" op="DELETE (hard)" sql="DELETE FROM \"stress_records\" WHERE \"value\" = ?" args=[356] duration=27.416µs rows=1 error=<nil>
time=2026-05-02T16:33:59.840+02:00 level=INFO msg="SQL Execution" op="DELETE (hard)" sql="DELETE FROM \"stress_records\" WHERE \"value\" = ?" args=[357] duration=26.708µs rows=1 error=<nil>
time=2026-05-02T16:33:59.840+02:00 level=INFO msg="SQL Execution" op="DELETE (hard)" sql="DELETE FROM \"stress_records\" WHERE \"value\" = ?" args=[358] duration=26.625µs rows=1 error=<nil>
time=2026-05-02T16:33:59.840+02:00 level=INFO msg="SQL Execution" op="DELETE (hard)" sql="DELETE FROM \"stress_records\" WHERE \"value\" = ?" args=[359] duration=27µs rows=1 error=<nil>
time=2026-05-02T16:33:59.840+02:00 level=INFO msg="SQL Execution" op="DELETE (hard)" sql="DELETE FROM \"stress_records\" WHERE \"value\" = ?" args=[360] duration=26.666µs rows=1 error=<nil>
time=2026-05-02T16:33:59.840+02:00 level=INFO msg="SQL Execution" op="DELETE (hard)" sql="DELETE FROM \"stress_records\" WHERE \"value\" = ?" args=[361] duration=26.583µs rows=1 error=<nil>
time=2026-05-02T16:33:59.840+02:00 level=INFO msg="SQL Execution" op="DELETE (hard)" sql="DELETE FROM \"stress_records\" WHERE \"value\" = ?" args=[362] duration=27.125µs rows=1 error=<nil>
time=2026-05-02T16:33:59.840+02:00 level=INFO msg="SQL Execution" op="DELETE (hard)" sql="DELETE FROM \"stress_records\" WHERE \"value\" = ?" args=[363] duration=41.5µs rows=1 error=<nil>
time=2026-05-02T16:33:59.840+02:00 level=INFO msg="SQL Execution" op="DELETE (hard)" sql="DELETE FROM \"stress_records\" WHERE \"value\" = ?" args=[364] duration=38.583µs rows=1 error=<nil>
time=2026-05-02T16:33:59.840+02:00 level=INFO msg="SQL Execution" op="DELETE (hard)" sql="DELETE FROM \"stress_records\" WHERE \"value\" = ?" args=[365] duration=39.416µs rows=1 error=<nil>
time=2026-05-02T16:33:59.840+02:00 level=INFO msg="SQL Execution" op="DELETE (hard)" sql="DELETE FROM \"stress_records\" WHERE \"value\" = ?" args=[366] duration=30.959µs rows=1 error=<nil>
time=2026-05-02T16:33:59.840+02:00 level=INFO msg="SQL Execution" op="DELETE (hard)" sql="DELETE FROM \"stress_records\" WHERE \"value\" = ?" args=[367] duration=29.208µs rows=1 error=<nil>
time=2026-05-02T16:33:59.840+02:00 level=INFO msg="SQL Execution" op="DELETE (hard)" sql="DELETE FROM \"stress_records\" WHERE \"value\" = ?" args=[368] duration=42.625µs rows=1 error=<nil>
time=2026-05-02T16:33:59.840+02:00 level=INFO msg="SQL Execution" op="DELETE (hard)" sql="DELETE FROM \"stress_records\" WHERE \"value\" = ?" args=[369] duration=24.458µs rows=1 error=<nil>
time=2026-05-02T16:33:59.840+02:00 level=INFO msg="SQL Execution" op="DELETE (hard)" sql="DELETE FROM \"stress_records\" WHERE \"value\" = ?" args=[370] duration=32.584µs rows=1 error=<nil>
time=2026-05-02T16:33:59.840+02:00 level=INFO msg="SQL Execution" op="DELETE (hard)" sql="DELETE FROM \"stress_records\" WHERE \"value\" = ?" args=[371] duration=28.958µs rows=1 error=<nil>
time=2026-05-02T16:33:59.840+02:00 level=INFO msg="SQL Execution" op="DELETE (hard)" sql="DELETE FROM \"stress_records\" WHERE \"value\" = ?" args=[372] duration=25.208µs rows=1 error=<nil>
time=2026-05-02T16:33:59.840+02:00 level=INFO msg="SQL Execution" op="DELETE (hard)" sql="DELETE FROM \"stress_records\" WHERE \"value\" = ?" args=[373] duration=25.667µs rows=1 error=<nil>
time=2026-05-02T16:33:59.840+02:00 level=INFO msg="SQL Execution" op="DELETE (hard)" sql="DELETE FROM \"stress_records\" WHERE \"value\" = ?" args=[374] duration=28µs rows=1 error=<nil>
time=2026-05-02T16:33:59.840+02:00 level=INFO msg="SQL Execution" op="DELETE (hard)" sql="DELETE FROM \"stress_records\" WHERE \"value\" = ?" args=[375] duration=34.167µs rows=1 error=<nil>
time=2026-05-02T16:33:59.840+02:00 level=INFO msg="SQL Execution" op="DELETE (hard)" sql="DELETE FROM \"stress_records\" WHERE \"value\" = ?" args=[376] duration=25.791µs rows=1 error=<nil>
time=2026-05-02T16:33:59.840+02:00 level=INFO msg="SQL Execution" op="DELETE (hard)" sql="DELETE FROM \"stress_records\" WHERE \"value\" = ?" args=[377] duration=25.292µs rows=1 error=<nil>
time=2026-05-02T16:33:59.840+02:00 level=INFO msg="SQL Execution" op="DELETE (hard)" sql="DELETE FROM \"stress_records\" WHERE \"value\" = ?" args=[378] duration=25.125µs rows=1 error=<nil>
time=2026-05-02T16:33:59.840+02:00 level=INFO msg="SQL Execution" op="DELETE (hard)" sql="DELETE FROM \"stress_records\" WHERE \"value\" = ?" args=[379] duration=25.125µs rows=1 error=<nil>
time=2026-05-02T16:33:59.840+02:00 level=INFO msg="SQL Execution" op="DELETE (hard)" sql="DELETE FROM \"stress_records\" WHERE \"value\" = ?" args=[380] duration=25.334µs rows=1 error=<nil>
time=2026-05-02T16:33:59.841+02:00 level=INFO msg="SQL Execution" op="DELETE (hard)" sql="DELETE FROM \"stress_records\" WHERE \"value\" = ?" args=[381] duration=24.917µs rows=1 error=<nil>
time=2026-05-02T16:33:59.841+02:00 level=INFO msg="SQL Execution" op="DELETE (hard)" sql="DELETE FROM \"stress_records\" WHERE \"value\" = ?" args=[382] duration=25.375µs rows=1 error=<nil>
time=2026-05-02T16:33:59.841+02:00 level=INFO msg="SQL Execution" op="DELETE (hard)" sql="DELETE FROM \"stress_records\" WHERE \"value\" = ?" args=[383] duration=27.917µs rows=1 error=<nil>
time=2026-05-02T16:33:59.841+02:00 level=INFO msg="SQL Execution" op="DELETE (hard)" sql="DELETE FROM \"stress_records\" WHERE \"value\" = ?" args=[384] duration=26.541µs rows=1 error=<nil>
time=2026-05-02T16:33:59.841+02:00 level=INFO msg="SQL Execution" op="DELETE (hard)" sql="DELETE FROM \"stress_records\" WHERE \"value\" = ?" args=[385] duration=25µs rows=1 error=<nil>
time=2026-05-02T16:33:59.841+02:00 level=INFO msg="SQL Execution" op="DELETE (hard)" sql="DELETE FROM \"stress_records\" WHERE \"value\" = ?" args=[386] duration=25µs rows=1 error=<nil>
time=2026-05-02T16:33:59.841+02:00 level=INFO msg="SQL Execution" op="DELETE (hard)" sql="DELETE FROM \"stress_records\" WHERE \"value\" = ?" args=[387] duration=24.708µs rows=1 error=<nil>
time=2026-05-02T16:33:59.841+02:00 level=INFO msg="SQL Execution" op="DELETE (hard)" sql="DELETE FROM \"stress_records\" WHERE \"value\" = ?" args=[388] duration=24.666µs rows=1 error=<nil>
time=2026-05-02T16:33:59.841+02:00 level=INFO msg="SQL Execution" op="DELETE (hard)" sql="DELETE FROM \"stress_records\" WHERE \"value\" = ?" args=[389] duration=24.792µs rows=1 error=<nil>
time=2026-05-02T16:33:59.841+02:00 level=INFO msg="SQL Execution" op="DELETE (hard)" sql="DELETE FROM \"stress_records\" WHERE \"value\" = ?" args=[390] duration=25.5µs rows=1 error=<nil>
time=2026-05-02T16:33:59.841+02:00 level=INFO msg="SQL Execution" op="DELETE (hard)" sql="DELETE FROM \"stress_records\" WHERE \"value\" = ?" args=[391] duration=24.916µs rows=1 error=<nil>
time=2026-05-02T16:33:59.841+02:00 level=INFO msg="SQL Execution" op="DELETE (hard)" sql="DELETE FROM \"stress_records\" WHERE \"value\" = ?" args=[392] duration=24.75µs rows=1 error=<nil>
time=2026-05-02T16:33:59.841+02:00 level=INFO msg="SQL Execution" op="DELETE (hard)" sql="DELETE FROM \"stress_records\" WHERE \"value\" = ?" args=[393] duration=24.458µs rows=1 error=<nil>
time=2026-05-02T16:33:59.841+02:00 level=INFO msg="SQL Execution" op="DELETE (hard)" sql="DELETE FROM \"stress_records\" WHERE \"value\" = ?" args=[394] duration=25.25µs rows=1 error=<nil>
time=2026-05-02T16:33:59.841+02:00 level=INFO msg="SQL Execution" op="DELETE (hard)" sql="DELETE FROM \"stress_records\" WHERE \"value\" = ?" args=[395] duration=23.75µs rows=1 error=<nil>
time=2026-05-02T16:33:59.841+02:00 level=INFO msg="SQL Execution" op="DELETE (hard)" sql="DELETE FROM \"stress_records\" WHERE \"value\" = ?" args=[396] duration=25.166µs rows=1 error=<nil>
time=2026-05-02T16:33:59.841+02:00 level=INFO msg="SQL Execution" op="DELETE (hard)" sql="DELETE FROM \"stress_records\" WHERE \"value\" = ?" args=[397] duration=24.709µs rows=1 error=<nil>
time=2026-05-02T16:33:59.841+02:00 level=INFO msg="SQL Execution" op="DELETE (hard)" sql="DELETE FROM \"stress_records\" WHERE \"value\" = ?" args=[398] duration=23.834µs rows=1 error=<nil>
time=2026-05-02T16:33:59.841+02:00 level=INFO msg="SQL Execution" op="DELETE (hard)" sql="DELETE FROM \"stress_records\" WHERE \"value\" = ?" args=[399] duration=24.125µs rows=1 error=<nil>
time=2026-05-02T16:33:59.841+02:00 level=INFO msg="SQL Execution" op="DELETE (hard)" sql="DELETE FROM \"stress_records\" WHERE \"value\" = ?" args=[400] duration=23.625µs rows=1 error=<nil>
time=2026-05-02T16:33:59.841+02:00 level=INFO msg="SQL Execution" op="DELETE (hard)" sql="DELETE FROM \"stress_records\" WHERE \"value\" = ?" args=[401] duration=23.625µs rows=1 error=<nil>
time=2026-05-02T16:33:59.841+02:00 level=INFO msg="SQL Execution" op="DELETE (hard)" sql="DELETE FROM \"stress_records\" WHERE \"value\" = ?" args=[402] duration=28.542µs rows=1 error=<nil>
time=2026-05-02T16:33:59.841+02:00 level=INFO msg="SQL Execution" op="DELETE (hard)" sql="DELETE FROM \"stress_records\" WHERE \"value\" = ?" args=[403] duration=29.625µs rows=1 error=<nil>
time=2026-05-02T16:33:59.841+02:00 level=INFO msg="SQL Execution" op="DELETE (hard)" sql="DELETE FROM \"stress_records\" WHERE \"value\" = ?" args=[404] duration=29.292µs rows=1 error=<nil>
time=2026-05-02T16:33:59.841+02:00 level=INFO msg="SQL Execution" op="DELETE (hard)" sql="DELETE FROM \"stress_records\" WHERE \"value\" = ?" args=[405] duration=28.417µs rows=1 error=<nil>
time=2026-05-02T16:33:59.841+02:00 level=INFO msg="SQL Execution" op="DELETE (hard)" sql="DELETE FROM \"stress_records\" WHERE \"value\" = ?" args=[406] duration=29.417µs rows=1 error=<nil>
time=2026-05-02T16:33:59.841+02:00 level=INFO msg="SQL Execution" op="DELETE (hard)" sql="DELETE FROM \"stress_records\" WHERE \"value\" = ?" args=[407] duration=29.125µs rows=1 error=<nil>
time=2026-05-02T16:33:59.841+02:00 level=INFO msg="SQL Execution" op="DELETE (hard)" sql="DELETE FROM \"stress_records\" WHERE \"value\" = ?" args=[408] duration=27.541µs rows=1 error=<nil>
time=2026-05-02T16:33:59.841+02:00 level=INFO msg="SQL Execution" op="DELETE (hard)" sql="DELETE FROM \"stress_records\" WHERE \"value\" = ?" args=[409] duration=24µs rows=1 error=<nil>
time=2026-05-02T16:33:59.841+02:00 level=INFO msg="SQL Execution" op="DELETE (hard)" sql="DELETE FROM \"stress_records\" WHERE \"value\" = ?" args=[410] duration=24.5µs rows=1 error=<nil>
time=2026-05-02T16:33:59.841+02:00 level=INFO msg="SQL Execution" op="DELETE (hard)" sql="DELETE FROM \"stress_records\" WHERE \"value\" = ?" args=[411] duration=23.417µs rows=1 error=<nil>
time=2026-05-02T16:33:59.841+02:00 level=INFO msg="SQL Execution" op="DELETE (hard)" sql="DELETE FROM \"stress_records\" WHERE \"value\" = ?" args=[412] duration=24.458µs rows=1 error=<nil>
time=2026-05-02T16:33:59.842+02:00 level=INFO msg="SQL Execution" op="DELETE (hard)" sql="DELETE FROM \"stress_records\" WHERE \"value\" = ?" args=[413] duration=27.791µs rows=1 error=<nil>
time=2026-05-02T16:33:59.842+02:00 level=INFO msg="SQL Execution" op="DELETE (hard)" sql="DELETE FROM \"stress_records\" WHERE \"value\" = ?" args=[414] duration=28.917µs rows=1 error=<nil>
time=2026-05-02T16:33:59.842+02:00 level=INFO msg="SQL Execution" op="DELETE (hard)" sql="DELETE FROM \"stress_records\" WHERE \"value\" = ?" args=[415] duration=28.334µs rows=1 error=<nil>
time=2026-05-02T16:33:59.842+02:00 level=INFO msg="SQL Execution" op="DELETE (hard)" sql="DELETE FROM \"stress_records\" WHERE \"value\" = ?" args=[416] duration=25.916µs rows=1 error=<nil>
time=2026-05-02T16:33:59.842+02:00 level=INFO msg="SQL Execution" op="DELETE (hard)" sql="DELETE FROM \"stress_records\" WHERE \"value\" = ?" args=[417] duration=23.209µs rows=1 error=<nil>
time=2026-05-02T16:33:59.842+02:00 level=INFO msg="SQL Execution" op="DELETE (hard)" sql="DELETE FROM \"stress_records\" WHERE \"value\" = ?" args=[418] duration=23.625µs rows=1 error=<nil>
time=2026-05-02T16:33:59.842+02:00 level=INFO msg="SQL Execution" op="DELETE (hard)" sql="DELETE FROM \"stress_records\" WHERE \"value\" = ?" args=[419] duration=27.625µs rows=1 error=<nil>
time=2026-05-02T16:33:59.842+02:00 level=INFO msg="SQL Execution" op="DELETE (hard)" sql="DELETE FROM \"stress_records\" WHERE \"value\" = ?" args=[420] duration=28.958µs rows=1 error=<nil>
time=2026-05-02T16:33:59.842+02:00 level=INFO msg="SQL Execution" op="DELETE (hard)" sql="DELETE FROM \"stress_records\" WHERE \"value\" = ?" args=[421] duration=23.084µs rows=1 error=<nil>
time=2026-05-02T16:33:59.842+02:00 level=INFO msg="SQL Execution" op="DELETE (hard)" sql="DELETE FROM \"stress_records\" WHERE \"value\" = ?" args=[422] duration=29µs rows=1 error=<nil>
time=2026-05-02T16:33:59.842+02:00 level=INFO msg="SQL Execution" op="DELETE (hard)" sql="DELETE FROM \"stress_records\" WHERE \"value\" = ?" args=[423] duration=27.958µs rows=1 error=<nil>
time=2026-05-02T16:33:59.842+02:00 level=INFO msg="SQL Execution" op="DELETE (hard)" sql="DELETE FROM \"stress_records\" WHERE \"value\" = ?" args=[424] duration=28.375µs rows=1 error=<nil>
time=2026-05-02T16:33:59.842+02:00 level=INFO msg="SQL Execution" op="DELETE (hard)" sql="DELETE FROM \"stress_records\" WHERE \"value\" = ?" args=[425] duration=24.917µs rows=1 error=<nil>
time=2026-05-02T16:33:59.842+02:00 level=INFO msg="SQL Execution" op="DELETE (hard)" sql="DELETE FROM \"stress_records\" WHERE \"value\" = ?" args=[426] duration=23.875µs rows=1 error=<nil>
time=2026-05-02T16:33:59.842+02:00 level=INFO msg="SQL Execution" op="DELETE (hard)" sql="DELETE FROM \"stress_records\" WHERE \"value\" = ?" args=[427] duration=26.5µs rows=1 error=<nil>
time=2026-05-02T16:33:59.842+02:00 level=INFO msg="SQL Execution" op="DELETE (hard)" sql="DELETE FROM \"stress_records\" WHERE \"value\" = ?" args=[428] duration=30.917µs rows=1 error=<nil>
time=2026-05-02T16:33:59.842+02:00 level=INFO msg="SQL Execution" op="DELETE (hard)" sql="DELETE FROM \"stress_records\" WHERE \"value\" = ?" args=[429] duration=32.917µs rows=1 error=<nil>
time=2026-05-02T16:33:59.842+02:00 level=INFO msg="SQL Execution" op="DELETE (hard)" sql="DELETE FROM \"stress_records\" WHERE \"value\" = ?" args=[430] duration=26.875µs rows=1 error=<nil>
time=2026-05-02T16:33:59.842+02:00 level=INFO msg="SQL Execution" op="DELETE (hard)" sql="DELETE FROM \"stress_records\" WHERE \"value\" = ?" args=[431] duration=23.209µs rows=1 error=<nil>
time=2026-05-02T16:33:59.842+02:00 level=INFO msg="SQL Execution" op="DELETE (hard)" sql="DELETE FROM \"stress_records\" WHERE \"value\" = ?" args=[432] duration=27.708µs rows=1 error=<nil>
time=2026-05-02T16:33:59.842+02:00 level=INFO msg="SQL Execution" op="DELETE (hard)" sql="DELETE FROM \"stress_records\" WHERE \"value\" = ?" args=[433] duration=24.75µs rows=1 error=<nil>
time=2026-05-02T16:33:59.842+02:00 level=INFO msg="SQL Execution" op="DELETE (hard)" sql="DELETE FROM \"stress_records\" WHERE \"value\" = ?" args=[434] duration=28.25µs rows=1 error=<nil>
time=2026-05-02T16:33:59.842+02:00 level=INFO msg="SQL Execution" op="DELETE (hard)" sql="DELETE FROM \"stress_records\" WHERE \"value\" = ?" args=[435] duration=31µs rows=1 error=<nil>
time=2026-05-02T16:33:59.842+02:00 level=INFO msg="SQL Execution" op="DELETE (hard)" sql="DELETE FROM \"stress_records\" WHERE \"value\" = ?" args=[436] duration=31.166µs rows=1 error=<nil>
time=2026-05-02T16:33:59.842+02:00 level=INFO msg="SQL Execution" op="DELETE (hard)" sql="DELETE FROM \"stress_records\" WHERE \"value\" = ?" args=[437] duration=28.75µs rows=1 error=<nil>
time=2026-05-02T16:33:59.842+02:00 level=INFO msg="SQL Execution" op="DELETE (hard)" sql="DELETE FROM \"stress_records\" WHERE \"value\" = ?" args=[438] duration=27.875µs rows=1 error=<nil>
time=2026-05-02T16:33:59.842+02:00 level=INFO msg="SQL Execution" op="DELETE (hard)" sql="DELETE FROM \"stress_records\" WHERE \"value\" = ?" args=[439] duration=31.542µs rows=1 error=<nil>
time=2026-05-02T16:33:59.842+02:00 level=INFO msg="SQL Execution" op="DELETE (hard)" sql="DELETE FROM \"stress_records\" WHERE \"value\" = ?" args=[440] duration=31.959µs rows=1 error=<nil>
time=2026-05-02T16:33:59.842+02:00 level=INFO msg="SQL Execution" op="DELETE (hard)" sql="DELETE FROM \"stress_records\" WHERE \"value\" = ?" args=[441] duration=30.792µs rows=1 error=<nil>
time=2026-05-02T16:33:59.842+02:00 level=INFO msg="SQL Execution" op="DELETE (hard)" sql="DELETE FROM \"stress_records\" WHERE \"value\" = ?" args=[442] duration=28.25µs rows=1 error=<nil>
time=2026-05-02T16:33:59.843+02:00 level=INFO msg="SQL Execution" op="DELETE (hard)" sql="DELETE FROM \"stress_records\" WHERE \"value\" = ?" args=[443] duration=28.25µs rows=1 error=<nil>
time=2026-05-02T16:33:59.843+02:00 level=INFO msg="SQL Execution" op="DELETE (hard)" sql="DELETE FROM \"stress_records\" WHERE \"value\" = ?" args=[444] duration=28.708µs rows=1 error=<nil>
time=2026-05-02T16:33:59.843+02:00 level=INFO msg="SQL Execution" op="DELETE (hard)" sql="DELETE FROM \"stress_records\" WHERE \"value\" = ?" args=[445] duration=24.292µs rows=1 error=<nil>
time=2026-05-02T16:33:59.843+02:00 level=INFO msg="SQL Execution" op="DELETE (hard)" sql="DELETE FROM \"stress_records\" WHERE \"value\" = ?" args=[446] duration=26.875µs rows=1 error=<nil>
time=2026-05-02T16:33:59.843+02:00 level=INFO msg="SQL Execution" op="DELETE (hard)" sql="DELETE FROM \"stress_records\" WHERE \"value\" = ?" args=[447] duration=27.833µs rows=1 error=<nil>
time=2026-05-02T16:33:59.843+02:00 level=INFO msg="SQL Execution" op="DELETE (hard)" sql="DELETE FROM \"stress_records\" WHERE \"value\" = ?" args=[448] duration=27.917µs rows=1 error=<nil>
time=2026-05-02T16:33:59.843+02:00 level=INFO msg="SQL Execution" op="DELETE (hard)" sql="DELETE FROM \"stress_records\" WHERE \"value\" = ?" args=[449] duration=27.292µs rows=1 error=<nil>
time=2026-05-02T16:33:59.843+02:00 level=INFO msg="SQL Execution" op="DELETE (hard)" sql="DELETE FROM \"stress_records\" WHERE \"value\" = ?" args=[450] duration=29.625µs rows=1 error=<nil>
time=2026-05-02T16:33:59.843+02:00 level=INFO msg="SQL Execution" op="DELETE (hard)" sql="DELETE FROM \"stress_records\" WHERE \"value\" = ?" args=[451] duration=30.125µs rows=1 error=<nil>
time=2026-05-02T16:33:59.843+02:00 level=INFO msg="SQL Execution" op="DELETE (hard)" sql="DELETE FROM \"stress_records\" WHERE \"value\" = ?" args=[452] duration=26.833µs rows=1 error=<nil>
time=2026-05-02T16:33:59.843+02:00 level=INFO msg="SQL Execution" op="DELETE (hard)" sql="DELETE FROM \"stress_records\" WHERE \"value\" = ?" args=[453] duration=28.459µs rows=1 error=<nil>
time=2026-05-02T16:33:59.843+02:00 level=INFO msg="SQL Execution" op="DELETE (hard)" sql="DELETE FROM \"stress_records\" WHERE \"value\" = ?" args=[454] duration=22.083µs rows=1 error=<nil>
time=2026-05-02T16:33:59.843+02:00 level=INFO msg="SQL Execution" op="DELETE (hard)" sql="DELETE FROM \"stress_records\" WHERE \"value\" = ?" args=[455] duration=22.5µs rows=1 error=<nil>
time=2026-05-02T16:33:59.843+02:00 level=INFO msg="SQL Execution" op="DELETE (hard)" sql="DELETE FROM \"stress_records\" WHERE \"value\" = ?" args=[456] duration=22.333µs rows=1 error=<nil>
time=2026-05-02T16:33:59.843+02:00 level=INFO msg="SQL Execution" op="DELETE (hard)" sql="DELETE FROM \"stress_records\" WHERE \"value\" = ?" args=[457] duration=26.25µs rows=1 error=<nil>
time=2026-05-02T16:33:59.843+02:00 level=INFO msg="SQL Execution" op="DELETE (hard)" sql="DELETE FROM \"stress_records\" WHERE \"value\" = ?" args=[458] duration=27.458µs rows=1 error=<nil>
time=2026-05-02T16:33:59.843+02:00 level=INFO msg="SQL Execution" op="DELETE (hard)" sql="DELETE FROM \"stress_records\" WHERE \"value\" = ?" args=[459] duration=27.584µs rows=1 error=<nil>
time=2026-05-02T16:33:59.843+02:00 level=INFO msg="SQL Execution" op="DELETE (hard)" sql="DELETE FROM \"stress_records\" WHERE \"value\" = ?" args=[460] duration=28µs rows=1 error=<nil>
time=2026-05-02T16:33:59.843+02:00 level=INFO msg="SQL Execution" op="DELETE (hard)" sql="DELETE FROM \"stress_records\" WHERE \"value\" = ?" args=[461] duration=26.833µs rows=1 error=<nil>
time=2026-05-02T16:33:59.843+02:00 level=INFO msg="SQL Execution" op="DELETE (hard)" sql="DELETE FROM \"stress_records\" WHERE \"value\" = ?" args=[462] duration=24.959µs rows=1 error=<nil>
time=2026-05-02T16:33:59.843+02:00 level=INFO msg="SQL Execution" op="DELETE (hard)" sql="DELETE FROM \"stress_records\" WHERE \"value\" = ?" args=[463] duration=26.917µs rows=1 error=<nil>
time=2026-05-02T16:33:59.843+02:00 level=INFO msg="SQL Execution" op="DELETE (hard)" sql="DELETE FROM \"stress_records\" WHERE \"value\" = ?" args=[464] duration=27.75µs rows=1 error=<nil>
time=2026-05-02T16:33:59.843+02:00 level=INFO msg="SQL Execution" op="DELETE (hard)" sql="DELETE FROM \"stress_records\" WHERE \"value\" = ?" args=[465] duration=27.792µs rows=1 error=<nil>
time=2026-05-02T16:33:59.843+02:00 level=INFO msg="SQL Execution" op="DELETE (hard)" sql="DELETE FROM \"stress_records\" WHERE \"value\" = ?" args=[466] duration=26.875µs rows=1 error=<nil>
time=2026-05-02T16:33:59.843+02:00 level=INFO msg="SQL Execution" op="DELETE (hard)" sql="DELETE FROM \"stress_records\" WHERE \"value\" = ?" args=[467] duration=21.875µs rows=1 error=<nil>
time=2026-05-02T16:33:59.843+02:00 level=INFO msg="SQL Execution" op="DELETE (hard)" sql="DELETE FROM \"stress_records\" WHERE \"value\" = ?" args=[468] duration=22.375µs rows=1 error=<nil>
time=2026-05-02T16:33:59.843+02:00 level=INFO msg="SQL Execution" op="DELETE (hard)" sql="DELETE FROM \"stress_records\" WHERE \"value\" = ?" args=[469] duration=19.458µs rows=1 error=<nil>
time=2026-05-02T16:33:59.843+02:00 level=INFO msg="SQL Execution" op="DELETE (hard)" sql="DELETE FROM \"stress_records\" WHERE \"value\" = ?" args=[470] duration=22.333µs rows=1 error=<nil>
time=2026-05-02T16:33:59.843+02:00 level=INFO msg="SQL Execution" op="DELETE (hard)" sql="DELETE FROM \"stress_records\" WHERE \"value\" = ?" args=[471] duration=25µs rows=1 error=<nil>
time=2026-05-02T16:33:59.843+02:00 level=INFO msg="SQL Execution" op="DELETE (hard)" sql="DELETE FROM \"stress_records\" WHERE \"value\" = ?" args=[472] duration=23.666µs rows=1 error=<nil>
time=2026-05-02T16:33:59.843+02:00 level=INFO msg="SQL Execution" op="DELETE (hard)" sql="DELETE FROM \"stress_records\" WHERE \"value\" = ?" args=[473] duration=22.958µs rows=1 error=<nil>
time=2026-05-02T16:33:59.843+02:00 level=INFO msg="SQL Execution" op="DELETE (hard)" sql="DELETE FROM \"stress_records\" WHERE \"value\" = ?" args=[474] duration=21.542µs rows=1 error=<nil>
time=2026-05-02T16:33:59.844+02:00 level=INFO msg="SQL Execution" op="DELETE (hard)" sql="DELETE FROM \"stress_records\" WHERE \"value\" = ?" args=[475] duration=21.625µs rows=1 error=<nil>
time=2026-05-02T16:33:59.844+02:00 level=INFO msg="SQL Execution" op="DELETE (hard)" sql="DELETE FROM \"stress_records\" WHERE \"value\" = ?" args=[476] duration=24.125µs rows=1 error=<nil>
time=2026-05-02T16:33:59.844+02:00 level=INFO msg="SQL Execution" op="DELETE (hard)" sql="DELETE FROM \"stress_records\" WHERE \"value\" = ?" args=[477] duration=25.291µs rows=1 error=<nil>
time=2026-05-02T16:33:59.844+02:00 level=INFO msg="SQL Execution" op="DELETE (hard)" sql="DELETE FROM \"stress_records\" WHERE \"value\" = ?" args=[478] duration=21.875µs rows=1 error=<nil>
time=2026-05-02T16:33:59.844+02:00 level=INFO msg="SQL Execution" op="DELETE (hard)" sql="DELETE FROM \"stress_records\" WHERE \"value\" = ?" args=[479] duration=21.875µs rows=1 error=<nil>
time=2026-05-02T16:33:59.844+02:00 level=INFO msg="SQL Execution" op="DELETE (hard)" sql="DELETE FROM \"stress_records\" WHERE \"value\" = ?" args=[480] duration=26.083µs rows=1 error=<nil>
time=2026-05-02T16:33:59.844+02:00 level=INFO msg="SQL Execution" op="DELETE (hard)" sql="DELETE FROM \"stress_records\" WHERE \"value\" = ?" args=[481] duration=22.667µs rows=1 error=<nil>
time=2026-05-02T16:33:59.844+02:00 level=INFO msg="SQL Execution" op="DELETE (hard)" sql="DELETE FROM \"stress_records\" WHERE \"value\" = ?" args=[482] duration=26.833µs rows=1 error=<nil>
time=2026-05-02T16:33:59.844+02:00 level=INFO msg="SQL Execution" op="DELETE (hard)" sql="DELETE FROM \"stress_records\" WHERE \"value\" = ?" args=[483] duration=21.791µs rows=1 error=<nil>
time=2026-05-02T16:33:59.844+02:00 level=INFO msg="SQL Execution" op="DELETE (hard)" sql="DELETE FROM \"stress_records\" WHERE \"value\" = ?" args=[484] duration=21.666µs rows=1 error=<nil>
time=2026-05-02T16:33:59.844+02:00 level=INFO msg="SQL Execution" op="DELETE (hard)" sql="DELETE FROM \"stress_records\" WHERE \"value\" = ?" args=[485] duration=21.75µs rows=1 error=<nil>
time=2026-05-02T16:33:59.844+02:00 level=INFO msg="SQL Execution" op="DELETE (hard)" sql="DELETE FROM \"stress_records\" WHERE \"value\" = ?" args=[486] duration=21.959µs rows=1 error=<nil>
time=2026-05-02T16:33:59.844+02:00 level=INFO msg="SQL Execution" op="DELETE (hard)" sql="DELETE FROM \"stress_records\" WHERE \"value\" = ?" args=[487] duration=21.792µs rows=1 error=<nil>
time=2026-05-02T16:33:59.844+02:00 level=INFO msg="SQL Execution" op="DELETE (hard)" sql="DELETE FROM \"stress_records\" WHERE \"value\" = ?" args=[488] duration=21.083µs rows=1 error=<nil>
time=2026-05-02T16:33:59.844+02:00 level=INFO msg="SQL Execution" op="DELETE (hard)" sql="DELETE FROM \"stress_records\" WHERE \"value\" = ?" args=[489] duration=21.875µs rows=1 error=<nil>
time=2026-05-02T16:33:59.844+02:00 level=INFO msg="SQL Execution" op="DELETE (hard)" sql="DELETE FROM \"stress_records\" WHERE \"value\" = ?" args=[490] duration=22.333µs rows=1 error=<nil>
time=2026-05-02T16:33:59.844+02:00 level=INFO msg="SQL Execution" op="DELETE (hard)" sql="DELETE FROM \"stress_records\" WHERE \"value\" = ?" args=[491] duration=26.458µs rows=1 error=<nil>
time=2026-05-02T16:33:59.844+02:00 level=INFO msg="SQL Execution" op="DELETE (hard)" sql="DELETE FROM \"stress_records\" WHERE \"value\" = ?" args=[492] duration=25.5µs rows=1 error=<nil>
time=2026-05-02T16:33:59.844+02:00 level=INFO msg="SQL Execution" op="DELETE (hard)" sql="DELETE FROM \"stress_records\" WHERE \"value\" = ?" args=[493] duration=21.375µs rows=1 error=<nil>
time=2026-05-02T16:33:59.844+02:00 level=INFO msg="SQL Execution" op="DELETE (hard)" sql="DELETE FROM \"stress_records\" WHERE \"value\" = ?" args=[494] duration=21.375µs rows=1 error=<nil>
time=2026-05-02T16:33:59.844+02:00 level=INFO msg="SQL Execution" op="DELETE (hard)" sql="DELETE FROM \"stress_records\" WHERE \"value\" = ?" args=[495] duration=21.042µs rows=1 error=<nil>
time=2026-05-02T16:33:59.844+02:00 level=INFO msg="SQL Execution" op="DELETE (hard)" sql="DELETE FROM \"stress_records\" WHERE \"value\" = ?" args=[496] duration=21.084µs rows=1 error=<nil>
time=2026-05-02T16:33:59.844+02:00 level=INFO msg="SQL Execution" op="DELETE (hard)" sql="DELETE FROM \"stress_records\" WHERE \"value\" = ?" args=[497] duration=22.75µs rows=1 error=<nil>
time=2026-05-02T16:33:59.844+02:00 level=INFO msg="SQL Execution" op="DELETE (hard)" sql="DELETE FROM \"stress_records\" WHERE \"value\" = ?" args=[498] duration=25.375µs rows=1 error=<nil>
time=2026-05-02T16:33:59.844+02:00 level=INFO msg="SQL Execution" op="DELETE (hard)" sql="DELETE FROM \"stress_records\" WHERE \"value\" = ?" args=[499] duration=21.667µs rows=1 error=<nil>
time=2026-05-02T16:33:59.844+02:00 level=INFO msg="SQL Execution" op="DELETE (hard)" sql="DELETE FROM \"stress_records\" WHERE \"value\" = ?" args=[500] duration=23.292µs rows=1 error=<nil>
time=2026-05-02T16:33:59.844+02:00 level=INFO msg="SQL Execution" op="DELETE (hard)" sql="DELETE FROM \"stress_records\" WHERE \"value\" = ?" args=[501] duration=21.209µs rows=1 error=<nil>
time=2026-05-02T16:33:59.844+02:00 level=INFO msg="SQL Execution" op="DELETE (hard)" sql="DELETE FROM \"stress_records\" WHERE \"value\" = ?" args=[502] duration=21.292µs rows=1 error=<nil>
time=2026-05-02T16:33:59.844+02:00 level=INFO msg="SQL Execution" op="DELETE (hard)" sql="DELETE FROM \"stress_records\" WHERE \"value\" = ?" args=[503] duration=22.083µs rows=1 error=<nil>
time=2026-05-02T16:33:59.844+02:00 level=INFO msg="SQL Execution" op="DELETE (hard)" sql="DELETE FROM \"stress_records\" WHERE \"value\" = ?" args=[504] duration=21.416µs rows=1 error=<nil>
time=2026-05-02T16:33:59.844+02:00 level=INFO msg="SQL Execution" op="DELETE (hard)" sql="DELETE FROM \"stress_records\" WHERE \"value\" = ?" args=[505] duration=21.083µs rows=1 error=<nil>
time=2026-05-02T16:33:59.844+02:00 level=INFO msg="SQL Execution" op="DELETE (hard)" sql="DELETE FROM \"stress_records\" WHERE \"value\" = ?" args=[506] duration=20.208µs rows=1 error=<nil>
time=2026-05-02T16:33:59.844+02:00 level=INFO msg="SQL Execution" op="DELETE (hard)" sql="DELETE FROM \"stress_records\" WHERE \"value\" = ?" args=[507] duration=21.625µs rows=1 error=<nil>
time=2026-05-02T16:33:59.844+02:00 level=INFO msg="SQL Execution" op="DELETE (hard)" sql="DELETE FROM \"stress_records\" WHERE \"value\" = ?" args=[508] duration=25.292µs rows=1 error=<nil>
time=2026-05-02T16:33:59.844+02:00 level=INFO msg="SQL Execution" op="DELETE (hard)" sql="DELETE FROM \"stress_records\" WHERE \"value\" = ?" args=[509] duration=24.041µs rows=1 error=<nil>
time=2026-05-02T16:33:59.844+02:00 level=INFO msg="SQL Execution" op="DELETE (hard)" sql="DELETE FROM \"stress_records\" WHERE \"value\" = ?" args=[510] duration=18.375µs rows=1 error=<nil>
time=2026-05-02T16:33:59.845+02:00 level=INFO msg="SQL Execution" op="DELETE (hard)" sql="DELETE FROM \"stress_records\" WHERE \"value\" = ?" args=[511] duration=23.333µs rows=1 error=<nil>
time=2026-05-02T16:33:59.845+02:00 level=INFO msg="SQL Execution" op="DELETE (hard)" sql="DELETE FROM \"stress_records\" WHERE \"value\" = ?" args=[512] duration=19.959µs rows=1 error=<nil>
time=2026-05-02T16:33:59.845+02:00 level=INFO msg="SQL Execution" op="DELETE (hard)" sql="DELETE FROM \"stress_records\" WHERE \"value\" = ?" args=[513] duration=21.208µs rows=1 error=<nil>
time=2026-05-02T16:33:59.845+02:00 level=INFO msg="SQL Execution" op="DELETE (hard)" sql="DELETE FROM \"stress_records\" WHERE \"value\" = ?" args=[514] duration=23.542µs rows=1 error=<nil>
time=2026-05-02T16:33:59.845+02:00 level=INFO msg="SQL Execution" op="DELETE (hard)" sql="DELETE FROM \"stress_records\" WHERE \"value\" = ?" args=[515] duration=24.708µs rows=1 error=<nil>
time=2026-05-02T16:33:59.845+02:00 level=INFO msg="SQL Execution" op="DELETE (hard)" sql="DELETE FROM \"stress_records\" WHERE \"value\" = ?" args=[516] duration=20.834µs rows=1 error=<nil>
time=2026-05-02T16:33:59.845+02:00 level=INFO msg="SQL Execution" op="DELETE (hard)" sql="DELETE FROM \"stress_records\" WHERE \"value\" = ?" args=[517] duration=20.625µs rows=1 error=<nil>
time=2026-05-02T16:33:59.845+02:00 level=INFO msg="SQL Execution" op="DELETE (hard)" sql="DELETE FROM \"stress_records\" WHERE \"value\" = ?" args=[518] duration=24.959µs rows=1 error=<nil>
time=2026-05-02T16:33:59.845+02:00 level=INFO msg="SQL Execution" op="DELETE (hard)" sql="DELETE FROM \"stress_records\" WHERE \"value\" = ?" args=[519] duration=28.041µs rows=1 error=<nil>
time=2026-05-02T16:33:59.845+02:00 level=INFO msg="SQL Execution" op="DELETE (hard)" sql="DELETE FROM \"stress_records\" WHERE \"value\" = ?" args=[520] duration=28.834µs rows=1 error=<nil>
time=2026-05-02T16:33:59.845+02:00 level=INFO msg="SQL Execution" op="DELETE (hard)" sql="DELETE FROM \"stress_records\" WHERE \"value\" = ?" args=[521] duration=25.833µs rows=1 error=<nil>
time=2026-05-02T16:33:59.845+02:00 level=INFO msg="SQL Execution" op="DELETE (hard)" sql="DELETE FROM \"stress_records\" WHERE \"value\" = ?" args=[522] duration=17.958µs rows=1 error=<nil>
time=2026-05-02T16:33:59.845+02:00 level=INFO msg="SQL Execution" op="DELETE (hard)" sql="DELETE FROM \"stress_records\" WHERE \"value\" = ?" args=[523] duration=20.416µs rows=1 error=<nil>
time=2026-05-02T16:33:59.845+02:00 level=INFO msg="SQL Execution" op="DELETE (hard)" sql="DELETE FROM \"stress_records\" WHERE \"value\" = ?" args=[524] duration=24.25µs rows=1 error=<nil>
time=2026-05-02T16:33:59.845+02:00 level=INFO msg="SQL Execution" op="DELETE (hard)" sql="DELETE FROM \"stress_records\" WHERE \"value\" = ?" args=[525] duration=28.792µs rows=1 error=<nil>
time=2026-05-02T16:33:59.845+02:00 level=INFO msg="SQL Execution" op="DELETE (hard)" sql="DELETE FROM \"stress_records\" WHERE \"value\" = ?" args=[526] duration=18.375µs rows=1 error=<nil>
time=2026-05-02T16:33:59.845+02:00 level=INFO msg="SQL Execution" op="DELETE (hard)" sql="DELETE FROM \"stress_records\" WHERE \"value\" = ?" args=[527] duration=20.709µs rows=1 error=<nil>
time=2026-05-02T16:33:59.845+02:00 level=INFO msg="SQL Execution" op="DELETE (hard)" sql="DELETE FROM \"stress_records\" WHERE \"value\" = ?" args=[528] duration=18.041µs rows=1 error=<nil>
time=2026-05-02T16:33:59.845+02:00 level=INFO msg="SQL Execution" op="DELETE (hard)" sql="DELETE FROM \"stress_records\" WHERE \"value\" = ?" args=[529] duration=21.375µs rows=1 error=<nil>
time=2026-05-02T16:33:59.845+02:00 level=INFO msg="SQL Execution" op="DELETE (hard)" sql="DELETE FROM \"stress_records\" WHERE \"value\" = ?" args=[530] duration=24.5µs rows=1 error=<nil>
time=2026-05-02T16:33:59.845+02:00 level=INFO msg="SQL Execution" op="DELETE (hard)" sql="DELETE FROM \"stress_records\" WHERE \"value\" = ?" args=[531] duration=24.5µs rows=1 error=<nil>
time=2026-05-02T16:33:59.845+02:00 level=INFO msg="SQL Execution" op="DELETE (hard)" sql="DELETE FROM \"stress_records\" WHERE \"value\" = ?" args=[532] duration=27.042µs rows=1 error=<nil>
time=2026-05-02T16:33:59.845+02:00 level=INFO msg="SQL Execution" op="DELETE (hard)" sql="DELETE FROM \"stress_records\" WHERE \"value\" = ?" args=[533] duration=23.917µs rows=1 error=<nil>
time=2026-05-02T16:33:59.845+02:00 level=INFO msg="SQL Execution" op="DELETE (hard)" sql="DELETE FROM \"stress_records\" WHERE \"value\" = ?" args=[534] duration=23.833µs rows=1 error=<nil>
time=2026-05-02T16:33:59.845+02:00 level=INFO msg="SQL Execution" op="DELETE (hard)" sql="DELETE FROM \"stress_records\" WHERE \"value\" = ?" args=[535] duration=20.709µs rows=1 error=<nil>
time=2026-05-02T16:33:59.845+02:00 level=INFO msg="SQL Execution" op="DELETE (hard)" sql="DELETE FROM \"stress_records\" WHERE \"value\" = ?" args=[536] duration=21.041µs rows=1 error=<nil>
time=2026-05-02T16:33:59.845+02:00 level=INFO msg="SQL Execution" op="DELETE (hard)" sql="DELETE FROM \"stress_records\" WHERE \"value\" = ?" args=[537] duration=23.75µs rows=1 error=<nil>
time=2026-05-02T16:33:59.845+02:00 level=INFO msg="SQL Execution" op="DELETE (hard)" sql="DELETE FROM \"stress_records\" WHERE \"value\" = ?" args=[538] duration=22.083µs rows=1 error=<nil>
time=2026-05-02T16:33:59.845+02:00 level=INFO msg="SQL Execution" op="DELETE (hard)" sql="DELETE FROM \"stress_records\" WHERE \"value\" = ?" args=[539] duration=17.958µs rows=1 error=<nil>
time=2026-05-02T16:33:59.845+02:00 level=INFO msg="SQL Execution" op="DELETE (hard)" sql="DELETE FROM \"stress_records\" WHERE \"value\" = ?" args=[540] duration=25.792µs rows=1 error=<nil>
time=2026-05-02T16:33:59.845+02:00 level=INFO msg="SQL Execution" op="DELETE (hard)" sql="DELETE FROM \"stress_records\" WHERE \"value\" = ?" args=[541] duration=24.458µs rows=1 error=<nil>
time=2026-05-02T16:33:59.845+02:00 level=INFO msg="SQL Execution" op="DELETE (hard)" sql="DELETE FROM \"stress_records\" WHERE \"value\" = ?" args=[542] duration=21.709µs rows=1 error=<nil>
time=2026-05-02T16:33:59.845+02:00 level=INFO msg="SQL Execution" op="DELETE (hard)" sql="DELETE FROM \"stress_records\" WHERE \"value\" = ?" args=[543] duration=27.333µs rows=1 error=<nil>
time=2026-05-02T16:33:59.845+02:00 level=INFO msg="SQL Execution" op="DELETE (hard)" sql="DELETE FROM \"stress_records\" WHERE \"value\" = ?" args=[544] duration=20.625µs rows=1 error=<nil>
time=2026-05-02T16:33:59.845+02:00 level=INFO msg="SQL Execution" op="DELETE (hard)" sql="DELETE FROM \"stress_records\" WHERE \"value\" = ?" args=[545] duration=24.666µs rows=1 error=<nil>
time=2026-05-02T16:33:59.846+02:00 level=INFO msg="SQL Execution" op="DELETE (hard)" sql="DELETE FROM \"stress_records\" WHERE \"value\" = ?" args=[546] duration=20.833µs rows=1 error=<nil>
time=2026-05-02T16:33:59.846+02:00 level=INFO msg="SQL Execution" op="DELETE (hard)" sql="DELETE FROM \"stress_records\" WHERE \"value\" = ?" args=[547] duration=20.167µs rows=1 error=<nil>
time=2026-05-02T16:33:59.846+02:00 level=INFO msg="SQL Execution" op="DELETE (hard)" sql="DELETE FROM \"stress_records\" WHERE \"value\" = ?" args=[548] duration=20.167µs rows=1 error=<nil>
time=2026-05-02T16:33:59.846+02:00 level=INFO msg="SQL Execution" op="DELETE (hard)" sql="DELETE FROM \"stress_records\" WHERE \"value\" = ?" args=[549] duration=20.083µs rows=1 error=<nil>
time=2026-05-02T16:33:59.846+02:00 level=INFO msg="SQL Execution" op="DELETE (hard)" sql="DELETE FROM \"stress_records\" WHERE \"value\" = ?" args=[550] duration=21.125µs rows=1 error=<nil>
time=2026-05-02T16:33:59.846+02:00 level=INFO msg="SQL Execution" op="DELETE (hard)" sql="DELETE FROM \"stress_records\" WHERE \"value\" = ?" args=[551] duration=24.209µs rows=1 error=<nil>
time=2026-05-02T16:33:59.846+02:00 level=INFO msg="SQL Execution" op="DELETE (hard)" sql="DELETE FROM \"stress_records\" WHERE \"value\" = ?" args=[552] duration=17.667µs rows=1 error=<nil>
time=2026-05-02T16:33:59.846+02:00 level=INFO msg="SQL Execution" op="DELETE (hard)" sql="DELETE FROM \"stress_records\" WHERE \"value\" = ?" args=[553] duration=19.625µs rows=1 error=<nil>
time=2026-05-02T16:33:59.846+02:00 level=INFO msg="SQL Execution" op="DELETE (hard)" sql="DELETE FROM \"stress_records\" WHERE \"value\" = ?" args=[554] duration=20.25µs rows=1 error=<nil>
time=2026-05-02T16:33:59.846+02:00 level=INFO msg="SQL Execution" op="DELETE (hard)" sql="DELETE FROM \"stress_records\" WHERE \"value\" = ?" args=[555] duration=20.542µs rows=1 error=<nil>
time=2026-05-02T16:33:59.846+02:00 level=INFO msg="SQL Execution" op="DELETE (hard)" sql="DELETE FROM \"stress_records\" WHERE \"value\" = ?" args=[556] duration=17.458µs rows=1 error=<nil>
time=2026-05-02T16:33:59.846+02:00 level=INFO msg="SQL Execution" op="DELETE (hard)" sql="DELETE FROM \"stress_records\" WHERE \"value\" = ?" args=[557] duration=21.084µs rows=1 error=<nil>
time=2026-05-02T16:33:59.846+02:00 level=INFO msg="SQL Execution" op="DELETE (hard)" sql="DELETE FROM \"stress_records\" WHERE \"value\" = ?" args=[558] duration=24.5µs rows=1 error=<nil>
time=2026-05-02T16:33:59.846+02:00 level=INFO msg="SQL Execution" op="DELETE (hard)" sql="DELETE FROM \"stress_records\" WHERE \"value\" = ?" args=[559] duration=21.875µs rows=1 error=<nil>
time=2026-05-02T16:33:59.846+02:00 level=INFO msg="SQL Execution" op="DELETE (hard)" sql="DELETE FROM \"stress_records\" WHERE \"value\" = ?" args=[560] duration=22.916µs rows=1 error=<nil>
time=2026-05-02T16:33:59.846+02:00 level=INFO msg="SQL Execution" op="DELETE (hard)" sql="DELETE FROM \"stress_records\" WHERE \"value\" = ?" args=[561] duration=22.541µs rows=1 error=<nil>
time=2026-05-02T16:33:59.846+02:00 level=INFO msg="SQL Execution" op="DELETE (hard)" sql="DELETE FROM \"stress_records\" WHERE \"value\" = ?" args=[562] duration=23.667µs rows=1 error=<nil>
time=2026-05-02T16:33:59.846+02:00 level=INFO msg="SQL Execution" op="DELETE (hard)" sql="DELETE FROM \"stress_records\" WHERE \"value\" = ?" args=[563] duration=26.584µs rows=1 error=<nil>
time=2026-05-02T16:33:59.846+02:00 level=INFO msg="SQL Execution" op="DELETE (hard)" sql="DELETE FROM \"stress_records\" WHERE \"value\" = ?" args=[564] duration=27.666µs rows=1 error=<nil>
time=2026-05-02T16:33:59.846+02:00 level=INFO msg="SQL Execution" op="DELETE (hard)" sql="DELETE FROM \"stress_records\" WHERE \"value\" = ?" args=[565] duration=22.417µs rows=1 error=<nil>
time=2026-05-02T16:33:59.846+02:00 level=INFO msg="SQL Execution" op="DELETE (hard)" sql="DELETE FROM \"stress_records\" WHERE \"value\" = ?" args=[566] duration=21.709µs rows=1 error=<nil>
time=2026-05-02T16:33:59.846+02:00 level=INFO msg="SQL Execution" op="DELETE (hard)" sql="DELETE FROM \"stress_records\" WHERE \"value\" = ?" args=[567] duration=21.917µs rows=1 error=<nil>
time=2026-05-02T16:33:59.846+02:00 level=INFO msg="SQL Execution" op="DELETE (hard)" sql="DELETE FROM \"stress_records\" WHERE \"value\" = ?" args=[568] duration=21.5µs rows=1 error=<nil>
time=2026-05-02T16:33:59.846+02:00 level=INFO msg="SQL Execution" op="DELETE (hard)" sql="DELETE FROM \"stress_records\" WHERE \"value\" = ?" args=[569] duration=19.334µs rows=1 error=<nil>
time=2026-05-02T16:33:59.846+02:00 level=INFO msg="SQL Execution" op="DELETE (hard)" sql="DELETE FROM \"stress_records\" WHERE \"value\" = ?" args=[570] duration=16.667µs rows=1 error=<nil>
time=2026-05-02T16:33:59.846+02:00 level=INFO msg="SQL Execution" op="DELETE (hard)" sql="DELETE FROM \"stress_records\" WHERE \"value\" = ?" args=[571] duration=25.917µs rows=1 error=<nil>
time=2026-05-02T16:33:59.846+02:00 level=INFO msg="SQL Execution" op="DELETE (hard)" sql="DELETE FROM \"stress_records\" WHERE \"value\" = ?" args=[572] duration=22.334µs rows=1 error=<nil>
time=2026-05-02T16:33:59.846+02:00 level=INFO msg="SQL Execution" op="DELETE (hard)" sql="DELETE FROM \"stress_records\" WHERE \"value\" = ?" args=[573] duration=18.416µs rows=1 error=<nil>
time=2026-05-02T16:33:59.846+02:00 level=INFO msg="SQL Execution" op="DELETE (hard)" sql="DELETE FROM \"stress_records\" WHERE \"value\" = ?" args=[574] duration=19.417µs rows=1 error=<nil>
time=2026-05-02T16:33:59.846+02:00 level=INFO msg="SQL Execution" op="DELETE (hard)" sql="DELETE FROM \"stress_records\" WHERE \"value\" = ?" args=[575] duration=25.667µs rows=1 error=<nil>
time=2026-05-02T16:33:59.846+02:00 level=INFO msg="SQL Execution" op="DELETE (hard)" sql="DELETE FROM \"stress_records\" WHERE \"value\" = ?" args=[576] duration=24.583µs rows=1 error=<nil>
time=2026-05-02T16:33:59.846+02:00 level=INFO msg="SQL Execution" op="DELETE (hard)" sql="DELETE FROM \"stress_records\" WHERE \"value\" = ?" args=[577] duration=16.334µs rows=1 error=<nil>
time=2026-05-02T16:33:59.846+02:00 level=INFO msg="SQL Execution" op="DELETE (hard)" sql="DELETE FROM \"stress_records\" WHERE \"value\" = ?" args=[578] duration=19.25µs rows=1 error=<nil>
time=2026-05-02T16:33:59.846+02:00 level=INFO msg="SQL Execution" op="DELETE (hard)" sql="DELETE FROM \"stress_records\" WHERE \"value\" = ?" args=[579] duration=19µs rows=1 error=<nil>
time=2026-05-02T16:33:59.846+02:00 level=INFO msg="SQL Execution" op="DELETE (hard)" sql="DELETE FROM \"stress_records\" WHERE \"value\" = ?" args=[580] duration=15.917µs rows=1 error=<nil>
time=2026-05-02T16:33:59.846+02:00 level=INFO msg="SQL Execution" op="DELETE (hard)" sql="DELETE FROM \"stress_records\" WHERE \"value\" = ?" args=[581] duration=26.667µs rows=1 error=<nil>
time=2026-05-02T16:33:59.846+02:00 level=INFO msg="SQL Execution" op="DELETE (hard)" sql="DELETE FROM \"stress_records\" WHERE \"value\" = ?" args=[582] duration=16.375µs rows=1 error=<nil>
time=2026-05-02T16:33:59.847+02:00 level=INFO msg="SQL Execution" op="DELETE (hard)" sql="DELETE FROM \"stress_records\" WHERE \"value\" = ?" args=[583] duration=18.542µs rows=1 error=<nil>
time=2026-05-02T16:33:59.847+02:00 level=INFO msg="SQL Execution" op="DELETE (hard)" sql="DELETE FROM \"stress_records\" WHERE \"value\" = ?" args=[584] duration=18.792µs rows=1 error=<nil>
time=2026-05-02T16:33:59.847+02:00 level=INFO msg="SQL Execution" op="DELETE (hard)" sql="DELETE FROM \"stress_records\" WHERE \"value\" = ?" args=[585] duration=16.541µs rows=1 error=<nil>
time=2026-05-02T16:33:59.847+02:00 level=INFO msg="SQL Execution" op="DELETE (hard)" sql="DELETE FROM \"stress_records\" WHERE \"value\" = ?" args=[586] duration=25.125µs rows=1 error=<nil>
time=2026-05-02T16:33:59.847+02:00 level=INFO msg="SQL Execution" op="DELETE (hard)" sql="DELETE FROM \"stress_records\" WHERE \"value\" = ?" args=[587] duration=22µs rows=1 error=<nil>
time=2026-05-02T16:33:59.847+02:00 level=INFO msg="SQL Execution" op="DELETE (hard)" sql="DELETE FROM \"stress_records\" WHERE \"value\" = ?" args=[588] duration=21.792µs rows=1 error=<nil>
time=2026-05-02T16:33:59.847+02:00 level=INFO msg="SQL Execution" op="DELETE (hard)" sql="DELETE FROM \"stress_records\" WHERE \"value\" = ?" args=[589] duration=18.708µs rows=1 error=<nil>
time=2026-05-02T16:33:59.847+02:00 level=INFO msg="SQL Execution" op="DELETE (hard)" sql="DELETE FROM \"stress_records\" WHERE \"value\" = ?" args=[590] duration=15.459µs rows=1 error=<nil>
time=2026-05-02T16:33:59.847+02:00 level=INFO msg="SQL Execution" op="DELETE (hard)" sql="DELETE FROM \"stress_records\" WHERE \"value\" = ?" args=[591] duration=25.625µs rows=1 error=<nil>
time=2026-05-02T16:33:59.847+02:00 level=INFO msg="SQL Execution" op="DELETE (hard)" sql="DELETE FROM \"stress_records\" WHERE \"value\" = ?" args=[592] duration=19.459µs rows=1 error=<nil>
time=2026-05-02T16:33:59.847+02:00 level=INFO msg="SQL Execution" op="DELETE (hard)" sql="DELETE FROM \"stress_records\" WHERE \"value\" = ?" args=[593] duration=20.25µs rows=1 error=<nil>
time=2026-05-02T16:33:59.847+02:00 level=INFO msg="SQL Execution" op="DELETE (hard)" sql="DELETE FROM \"stress_records\" WHERE \"value\" = ?" args=[594] duration=21.166µs rows=1 error=<nil>
time=2026-05-02T16:33:59.847+02:00 level=INFO msg="SQL Execution" op="DELETE (hard)" sql="DELETE FROM \"stress_records\" WHERE \"value\" = ?" args=[595] duration=20.416µs rows=1 error=<nil>
time=2026-05-02T16:33:59.847+02:00 level=INFO msg="SQL Execution" op="DELETE (hard)" sql="DELETE FROM \"stress_records\" WHERE \"value\" = ?" args=[596] duration=19.166µs rows=1 error=<nil>
time=2026-05-02T16:33:59.847+02:00 level=INFO msg="SQL Execution" op="DELETE (hard)" sql="DELETE FROM \"stress_records\" WHERE \"value\" = ?" args=[597] duration=24.708µs rows=1 error=<nil>
time=2026-05-02T16:33:59.847+02:00 level=INFO msg="SQL Execution" op="DELETE (hard)" sql="DELETE FROM \"stress_records\" WHERE \"value\" = ?" args=[598] duration=22.792µs rows=1 error=<nil>
time=2026-05-02T16:33:59.847+02:00 level=INFO msg="SQL Execution" op="DELETE (hard)" sql="DELETE FROM \"stress_records\" WHERE \"value\" = ?" args=[599] duration=17.584µs rows=1 error=<nil>
time=2026-05-02T16:33:59.847+02:00 level=INFO msg="SQL Execution" op="DELETE (hard)" sql="DELETE FROM \"stress_records\" WHERE \"value\" = ?" args=[600] duration=22.25µs rows=1 error=<nil>
time=2026-05-02T16:33:59.847+02:00 level=INFO msg="SQL Execution" op="DELETE (hard)" sql="DELETE FROM \"stress_records\" WHERE \"value\" = ?" args=[601] duration=19.5µs rows=1 error=<nil>
time=2026-05-02T16:33:59.847+02:00 level=INFO msg="SQL Execution" op="DELETE (hard)" sql="DELETE FROM \"stress_records\" WHERE \"value\" = ?" args=[602] duration=24µs rows=1 error=<nil>
time=2026-05-02T16:33:59.847+02:00 level=INFO msg="SQL Execution" op="DELETE (hard)" sql="DELETE FROM \"stress_records\" WHERE \"value\" = ?" args=[603] duration=24.708µs rows=1 error=<nil>
time=2026-05-02T16:33:59.847+02:00 level=INFO msg="SQL Execution" op="DELETE (hard)" sql="DELETE FROM \"stress_records\" WHERE \"value\" = ?" args=[604] duration=21.5µs rows=1 error=<nil>
time=2026-05-02T16:33:59.847+02:00 level=INFO msg="SQL Execution" op="DELETE (hard)" sql="DELETE FROM \"stress_records\" WHERE \"value\" = ?" args=[605] duration=20.958µs rows=1 error=<nil>
time=2026-05-02T16:33:59.847+02:00 level=INFO msg="SQL Execution" op="DELETE (hard)" sql="DELETE FROM \"stress_records\" WHERE \"value\" = ?" args=[606] duration=18.542µs rows=1 error=<nil>
time=2026-05-02T16:33:59.847+02:00 level=INFO msg="SQL Execution" op="DELETE (hard)" sql="DELETE FROM \"stress_records\" WHERE \"value\" = ?" args=[607] duration=19.375µs rows=1 error=<nil>
time=2026-05-02T16:33:59.847+02:00 level=INFO msg="SQL Execution" op="DELETE (hard)" sql="DELETE FROM \"stress_records\" WHERE \"value\" = ?" args=[608] duration=42.5µs rows=1 error=<nil>
time=2026-05-02T16:33:59.847+02:00 level=INFO msg="SQL Execution" op="DELETE (hard)" sql="DELETE FROM \"stress_records\" WHERE \"value\" = ?" args=[609] duration=25.666µs rows=1 error=<nil>
time=2026-05-02T16:33:59.847+02:00 level=INFO msg="SQL Execution" op="DELETE (hard)" sql="DELETE FROM \"stress_records\" WHERE \"value\" = ?" args=[610] duration=26.834µs rows=1 error=<nil>
time=2026-05-02T16:33:59.847+02:00 level=INFO msg="SQL Execution" op="DELETE (hard)" sql="DELETE FROM \"stress_records\" WHERE \"value\" = ?" args=[611] duration=22.333µs rows=1 error=<nil>
time=2026-05-02T16:33:59.847+02:00 level=INFO msg="SQL Execution" op="DELETE (hard)" sql="DELETE FROM \"stress_records\" WHERE \"value\" = ?" args=[612] duration=23.833µs rows=1 error=<nil>
time=2026-05-02T16:33:59.847+02:00 level=INFO msg="SQL Execution" op="DELETE (hard)" sql="DELETE FROM \"stress_records\" WHERE \"value\" = ?" args=[613] duration=18.583µs rows=1 error=<nil>
time=2026-05-02T16:33:59.847+02:00 level=INFO msg="SQL Execution" op="DELETE (hard)" sql="DELETE FROM \"stress_records\" WHERE \"value\" = ?" args=[614] duration=22.583µs rows=1 error=<nil>
time=2026-05-02T16:33:59.847+02:00 level=INFO msg="SQL Execution" op="DELETE (hard)" sql="DELETE FROM \"stress_records\" WHERE \"value\" = ?" args=[615] duration=22.083µs rows=1 error=<nil>
time=2026-05-02T16:33:59.847+02:00 level=INFO msg="SQL Execution" op="DELETE (hard)" sql="DELETE FROM \"stress_records\" WHERE \"value\" = ?" args=[616] duration=22.458µs rows=1 error=<nil>
time=2026-05-02T16:33:59.847+02:00 level=INFO msg="SQL Execution" op="DELETE (hard)" sql="DELETE FROM \"stress_records\" WHERE \"value\" = ?" args=[617] duration=22.542µs rows=1 error=<nil>
time=2026-05-02T16:33:59.847+02:00 level=INFO msg="SQL Execution" op="DELETE (hard)" sql="DELETE FROM \"stress_records\" WHERE \"value\" = ?" args=[618] duration=17.75µs rows=1 error=<nil>
time=2026-05-02T16:33:59.847+02:00 level=INFO msg="SQL Execution" op="DELETE (hard)" sql="DELETE FROM \"stress_records\" WHERE \"value\" = ?" args=[619] duration=17.333µs rows=1 error=<nil>
time=2026-05-02T16:33:59.848+02:00 level=INFO msg="SQL Execution" op="DELETE (hard)" sql="DELETE FROM \"stress_records\" WHERE \"value\" = ?" args=[620] duration=19.125µs rows=1 error=<nil>
time=2026-05-02T16:33:59.848+02:00 level=INFO msg="SQL Execution" op="DELETE (hard)" sql="DELETE FROM \"stress_records\" WHERE \"value\" = ?" args=[621] duration=20.375µs rows=1 error=<nil>
time=2026-05-02T16:33:59.848+02:00 level=INFO msg="SQL Execution" op="DELETE (hard)" sql="DELETE FROM \"stress_records\" WHERE \"value\" = ?" args=[622] duration=18.166µs rows=1 error=<nil>
time=2026-05-02T16:33:59.848+02:00 level=INFO msg="SQL Execution" op="DELETE (hard)" sql="DELETE FROM \"stress_records\" WHERE \"value\" = ?" args=[623] duration=18.125µs rows=1 error=<nil>
time=2026-05-02T16:33:59.848+02:00 level=INFO msg="SQL Execution" op="DELETE (hard)" sql="DELETE FROM \"stress_records\" WHERE \"value\" = ?" args=[624] duration=17.625µs rows=1 error=<nil>
time=2026-05-02T16:33:59.848+02:00 level=INFO msg="SQL Execution" op="DELETE (hard)" sql="DELETE FROM \"stress_records\" WHERE \"value\" = ?" args=[625] duration=18.5µs rows=1 error=<nil>
time=2026-05-02T16:33:59.848+02:00 level=INFO msg="SQL Execution" op="DELETE (hard)" sql="DELETE FROM \"stress_records\" WHERE \"value\" = ?" args=[626] duration=19.958µs rows=1 error=<nil>
time=2026-05-02T16:33:59.848+02:00 level=INFO msg="SQL Execution" op="DELETE (hard)" sql="DELETE FROM \"stress_records\" WHERE \"value\" = ?" args=[627] duration=21.542µs rows=1 error=<nil>
time=2026-05-02T16:33:59.848+02:00 level=INFO msg="SQL Execution" op="DELETE (hard)" sql="DELETE FROM \"stress_records\" WHERE \"value\" = ?" args=[628] duration=18.584µs rows=1 error=<nil>
time=2026-05-02T16:33:59.848+02:00 level=INFO msg="SQL Execution" op="DELETE (hard)" sql="DELETE FROM \"stress_records\" WHERE \"value\" = ?" args=[629] duration=16.458µs rows=1 error=<nil>
time=2026-05-02T16:33:59.848+02:00 level=INFO msg="SQL Execution" op="DELETE (hard)" sql="DELETE FROM \"stress_records\" WHERE \"value\" = ?" args=[630] duration=16.166µs rows=1 error=<nil>
time=2026-05-02T16:33:59.848+02:00 level=INFO msg="SQL Execution" op="DELETE (hard)" sql="DELETE FROM \"stress_records\" WHERE \"value\" = ?" args=[631] duration=18.208µs rows=1 error=<nil>
time=2026-05-02T16:33:59.848+02:00 level=INFO msg="SQL Execution" op="DELETE (hard)" sql="DELETE FROM \"stress_records\" WHERE \"value\" = ?" args=[632] duration=17.542µs rows=1 error=<nil>
time=2026-05-02T16:33:59.848+02:00 level=INFO msg="SQL Execution" op="DELETE (hard)" sql="DELETE FROM \"stress_records\" WHERE \"value\" = ?" args=[633] duration=18.417µs rows=1 error=<nil>
time=2026-05-02T16:33:59.848+02:00 level=INFO msg="SQL Execution" op="DELETE (hard)" sql="DELETE FROM \"stress_records\" WHERE \"value\" = ?" args=[634] duration=22.166µs rows=1 error=<nil>
time=2026-05-02T16:33:59.848+02:00 level=INFO msg="SQL Execution" op="DELETE (hard)" sql="DELETE FROM \"stress_records\" WHERE \"value\" = ?" args=[635] duration=18.667µs rows=1 error=<nil>
time=2026-05-02T16:33:59.848+02:00 level=INFO msg="SQL Execution" op="DELETE (hard)" sql="DELETE FROM \"stress_records\" WHERE \"value\" = ?" args=[636] duration=17.542µs rows=1 error=<nil>
time=2026-05-02T16:33:59.848+02:00 level=INFO msg="SQL Execution" op="DELETE (hard)" sql="DELETE FROM \"stress_records\" WHERE \"value\" = ?" args=[637] duration=20.541µs rows=1 error=<nil>
time=2026-05-02T16:33:59.848+02:00 level=INFO msg="SQL Execution" op="DELETE (hard)" sql="DELETE FROM \"stress_records\" WHERE \"value\" = ?" args=[638] duration=21.167µs rows=1 error=<nil>
time=2026-05-02T16:33:59.848+02:00 level=INFO msg="SQL Execution" op="DELETE (hard)" sql="DELETE FROM \"stress_records\" WHERE \"value\" = ?" args=[639] duration=16.041µs rows=1 error=<nil>
time=2026-05-02T16:33:59.848+02:00 level=INFO msg="SQL Execution" op="DELETE (hard)" sql="DELETE FROM \"stress_records\" WHERE \"value\" = ?" args=[640] duration=16.25µs rows=1 error=<nil>
time=2026-05-02T16:33:59.848+02:00 level=INFO msg="SQL Execution" op="DELETE (hard)" sql="DELETE FROM \"stress_records\" WHERE \"value\" = ?" args=[641] duration=16.042µs rows=1 error=<nil>
time=2026-05-02T16:33:59.848+02:00 level=INFO msg="SQL Execution" op="DELETE (hard)" sql="DELETE FROM \"stress_records\" WHERE \"value\" = ?" args=[642] duration=17.5µs rows=1 error=<nil>
time=2026-05-02T16:33:59.848+02:00 level=INFO msg="SQL Execution" op="DELETE (hard)" sql="DELETE FROM \"stress_records\" WHERE \"value\" = ?" args=[643] duration=17.125µs rows=1 error=<nil>
time=2026-05-02T16:33:59.848+02:00 level=INFO msg="SQL Execution" op="DELETE (hard)" sql="DELETE FROM \"stress_records\" WHERE \"value\" = ?" args=[644] duration=15.666µs rows=1 error=<nil>
time=2026-05-02T16:33:59.848+02:00 level=INFO msg="SQL Execution" op="DELETE (hard)" sql="DELETE FROM \"stress_records\" WHERE \"value\" = ?" args=[645] duration=17.916µs rows=1 error=<nil>
time=2026-05-02T16:33:59.848+02:00 level=INFO msg="SQL Execution" op="DELETE (hard)" sql="DELETE FROM \"stress_records\" WHERE \"value\" = ?" args=[646] duration=15.917µs rows=1 error=<nil>
time=2026-05-02T16:33:59.848+02:00 level=INFO msg="SQL Execution" op="DELETE (hard)" sql="DELETE FROM \"stress_records\" WHERE \"value\" = ?" args=[647] duration=18.291µs rows=1 error=<nil>
time=2026-05-02T16:33:59.848+02:00 level=INFO msg="SQL Execution" op="DELETE (hard)" sql="DELETE FROM \"stress_records\" WHERE \"value\" = ?" args=[648] duration=16.75µs rows=1 error=<nil>
time=2026-05-02T16:33:59.848+02:00 level=INFO msg="SQL Execution" op="DELETE (hard)" sql="DELETE FROM \"stress_records\" WHERE \"value\" = ?" args=[649] duration=16.75µs rows=1 error=<nil>
time=2026-05-02T16:33:59.848+02:00 level=INFO msg="SQL Execution" op="DELETE (hard)" sql="DELETE FROM \"stress_records\" WHERE \"value\" = ?" args=[650] duration=16.625µs rows=1 error=<nil>
time=2026-05-02T16:33:59.848+02:00 level=INFO msg="SQL Execution" op="DELETE (hard)" sql="DELETE FROM \"stress_records\" WHERE \"value\" = ?" args=[651] duration=15.625µs rows=1 error=<nil>
time=2026-05-02T16:33:59.848+02:00 level=INFO msg="SQL Execution" op="DELETE (hard)" sql="DELETE FROM \"stress_records\" WHERE \"value\" = ?" args=[652] duration=18.333µs rows=1 error=<nil>
time=2026-05-02T16:33:59.848+02:00 level=INFO msg="SQL Execution" op="DELETE (hard)" sql="DELETE FROM \"stress_records\" WHERE \"value\" = ?" args=[653] duration=16.792µs rows=1 error=<nil>
time=2026-05-02T16:33:59.848+02:00 level=INFO msg="SQL Execution" op="DELETE (hard)" sql="DELETE FROM \"stress_records\" WHERE \"value\" = ?" args=[654] duration=15.5µs rows=1 error=<nil>
time=2026-05-02T16:33:59.848+02:00 level=INFO msg="SQL Execution" op="DELETE (hard)" sql="DELETE FROM \"stress_records\" WHERE \"value\" = ?" args=[655] duration=15.416µs rows=1 error=<nil>
time=2026-05-02T16:33:59.848+02:00 level=INFO msg="SQL Execution" op="DELETE (hard)" sql="DELETE FROM \"stress_records\" WHERE \"value\" = ?" args=[656] duration=16.25µs rows=1 error=<nil>
time=2026-05-02T16:33:59.848+02:00 level=INFO msg="SQL Execution" op="DELETE (hard)" sql="DELETE FROM \"stress_records\" WHERE \"value\" = ?" args=[657] duration=15.333µs rows=1 error=<nil>
time=2026-05-02T16:33:59.848+02:00 level=INFO msg="SQL Execution" op="DELETE (hard)" sql="DELETE FROM \"stress_records\" WHERE \"value\" = ?" args=[658] duration=16.958µs rows=1 error=<nil>
time=2026-05-02T16:33:59.848+02:00 level=INFO msg="SQL Execution" op="DELETE (hard)" sql="DELETE FROM \"stress_records\" WHERE \"value\" = ?" args=[659] duration=16.458µs rows=1 error=<nil>
time=2026-05-02T16:33:59.848+02:00 level=INFO msg="SQL Execution" op="DELETE (hard)" sql="DELETE FROM \"stress_records\" WHERE \"value\" = ?" args=[660] duration=15.666µs rows=1 error=<nil>
time=2026-05-02T16:33:59.848+02:00 level=INFO msg="SQL Execution" op="DELETE (hard)" sql="DELETE FROM \"stress_records\" WHERE \"value\" = ?" args=[661] duration=15.959µs rows=1 error=<nil>
time=2026-05-02T16:33:59.848+02:00 level=INFO msg="SQL Execution" op="DELETE (hard)" sql="DELETE FROM \"stress_records\" WHERE \"value\" = ?" args=[662] duration=16.75µs rows=1 error=<nil>
time=2026-05-02T16:33:59.848+02:00 level=INFO msg="SQL Execution" op="DELETE (hard)" sql="DELETE FROM \"stress_records\" WHERE \"value\" = ?" args=[663] duration=15.417µs rows=1 error=<nil>
time=2026-05-02T16:33:59.848+02:00 level=INFO msg="SQL Execution" op="DELETE (hard)" sql="DELETE FROM \"stress_records\" WHERE \"value\" = ?" args=[664] duration=17.375µs rows=1 error=<nil>
time=2026-05-02T16:33:59.848+02:00 level=INFO msg="SQL Execution" op="DELETE (hard)" sql="DELETE FROM \"stress_records\" WHERE \"value\" = ?" args=[665] duration=16.333µs rows=1 error=<nil>
time=2026-05-02T16:33:59.848+02:00 level=INFO msg="SQL Execution" op="DELETE (hard)" sql="DELETE FROM \"stress_records\" WHERE \"value\" = ?" args=[666] duration=16.25µs rows=1 error=<nil>
time=2026-05-02T16:33:59.849+02:00 level=INFO msg="SQL Execution" op="DELETE (hard)" sql="DELETE FROM \"stress_records\" WHERE \"value\" = ?" args=[667] duration=15µs rows=1 error=<nil>
time=2026-05-02T16:33:59.849+02:00 level=INFO msg="SQL Execution" op="DELETE (hard)" sql="DELETE FROM \"stress_records\" WHERE \"value\" = ?" args=[668] duration=18.25µs rows=1 error=<nil>
time=2026-05-02T16:33:59.849+02:00 level=INFO msg="SQL Execution" op="DELETE (hard)" sql="DELETE FROM \"stress_records\" WHERE \"value\" = ?" args=[669] duration=15.25µs rows=1 error=<nil>
time=2026-05-02T16:33:59.849+02:00 level=INFO msg="SQL Execution" op="DELETE (hard)" sql="DELETE FROM \"stress_records\" WHERE \"value\" = ?" args=[670] duration=18.416µs rows=1 error=<nil>
time=2026-05-02T16:33:59.849+02:00 level=INFO msg="SQL Execution" op="DELETE (hard)" sql="DELETE FROM \"stress_records\" WHERE \"value\" = ?" args=[671] duration=14.959µs rows=1 error=<nil>
time=2026-05-02T16:33:59.849+02:00 level=INFO msg="SQL Execution" op="DELETE (hard)" sql="DELETE FROM \"stress_records\" WHERE \"value\" = ?" args=[672] duration=15.625µs rows=1 error=<nil>
time=2026-05-02T16:33:59.849+02:00 level=INFO msg="SQL Execution" op="DELETE (hard)" sql="DELETE FROM \"stress_records\" WHERE \"value\" = ?" args=[673] duration=14.708µs rows=1 error=<nil>
time=2026-05-02T16:33:59.849+02:00 level=INFO msg="SQL Execution" op="DELETE (hard)" sql="DELETE FROM \"stress_records\" WHERE \"value\" = ?" args=[674] duration=15.167µs rows=1 error=<nil>
time=2026-05-02T16:33:59.849+02:00 level=INFO msg="SQL Execution" op="DELETE (hard)" sql="DELETE FROM \"stress_records\" WHERE \"value\" = ?" args=[675] duration=14.834µs rows=1 error=<nil>
time=2026-05-02T16:33:59.849+02:00 level=INFO msg="SQL Execution" op="DELETE (hard)" sql="DELETE FROM \"stress_records\" WHERE \"value\" = ?" args=[676] duration=15.459µs rows=1 error=<nil>
time=2026-05-02T16:33:59.849+02:00 level=INFO msg="SQL Execution" op="DELETE (hard)" sql="DELETE FROM \"stress_records\" WHERE \"value\" = ?" args=[677] duration=15.584µs rows=1 error=<nil>
time=2026-05-02T16:33:59.849+02:00 level=INFO msg="SQL Execution" op="DELETE (hard)" sql="DELETE FROM \"stress_records\" WHERE \"value\" = ?" args=[678] duration=16.541µs rows=1 error=<nil>
time=2026-05-02T16:33:59.849+02:00 level=INFO msg="SQL Execution" op="DELETE (hard)" sql="DELETE FROM \"stress_records\" WHERE \"value\" = ?" args=[679] duration=15.958µs rows=1 error=<nil>
time=2026-05-02T16:33:59.849+02:00 level=INFO msg="SQL Execution" op="DELETE (hard)" sql="DELETE FROM \"stress_records\" WHERE \"value\" = ?" args=[680] duration=15.375µs rows=1 error=<nil>
time=2026-05-02T16:33:59.849+02:00 level=INFO msg="SQL Execution" op="DELETE (hard)" sql="DELETE FROM \"stress_records\" WHERE \"value\" = ?" args=[681] duration=15.75µs rows=1 error=<nil>
time=2026-05-02T16:33:59.849+02:00 level=INFO msg="SQL Execution" op="DELETE (hard)" sql="DELETE FROM \"stress_records\" WHERE \"value\" = ?" args=[682] duration=14.5µs rows=1 error=<nil>
time=2026-05-02T16:33:59.849+02:00 level=INFO msg="SQL Execution" op="DELETE (hard)" sql="DELETE FROM \"stress_records\" WHERE \"value\" = ?" args=[683] duration=14.5µs rows=1 error=<nil>
time=2026-05-02T16:33:59.849+02:00 level=INFO msg="SQL Execution" op="DELETE (hard)" sql="DELETE FROM \"stress_records\" WHERE \"value\" = ?" args=[684] duration=24.417µs rows=1 error=<nil>
time=2026-05-02T16:33:59.849+02:00 level=INFO msg="SQL Execution" op="DELETE (hard)" sql="DELETE FROM \"stress_records\" WHERE \"value\" = ?" args=[685] duration=14.75µs rows=1 error=<nil>
time=2026-05-02T16:33:59.849+02:00 level=INFO msg="SQL Execution" op="DELETE (hard)" sql="DELETE FROM \"stress_records\" WHERE \"value\" = ?" args=[686] duration=16.5µs rows=1 error=<nil>
time=2026-05-02T16:33:59.849+02:00 level=INFO msg="SQL Execution" op="DELETE (hard)" sql="DELETE FROM \"stress_records\" WHERE \"value\" = ?" args=[687] duration=14.208µs rows=1 error=<nil>
time=2026-05-02T16:33:59.849+02:00 level=INFO msg="SQL Execution" op="DELETE (hard)" sql="DELETE FROM \"stress_records\" WHERE \"value\" = ?" args=[688] duration=15.875µs rows=1 error=<nil>
time=2026-05-02T16:33:59.849+02:00 level=INFO msg="SQL Execution" op="DELETE (hard)" sql="DELETE FROM \"stress_records\" WHERE \"value\" = ?" args=[689] duration=15.125µs rows=1 error=<nil>
time=2026-05-02T16:33:59.849+02:00 level=INFO msg="SQL Execution" op="DELETE (hard)" sql="DELETE FROM \"stress_records\" WHERE \"value\" = ?" args=[690] duration=14.375µs rows=1 error=<nil>
time=2026-05-02T16:33:59.849+02:00 level=INFO msg="SQL Execution" op="DELETE (hard)" sql="DELETE FROM \"stress_records\" WHERE \"value\" = ?" args=[691] duration=15.167µs rows=1 error=<nil>
time=2026-05-02T16:33:59.849+02:00 level=INFO msg="SQL Execution" op="DELETE (hard)" sql="DELETE FROM \"stress_records\" WHERE \"value\" = ?" args=[692] duration=14.125µs rows=1 error=<nil>
time=2026-05-02T16:33:59.849+02:00 level=INFO msg="SQL Execution" op="DELETE (hard)" sql="DELETE FROM \"stress_records\" WHERE \"value\" = ?" args=[693] duration=15.25µs rows=1 error=<nil>
time=2026-05-02T16:33:59.849+02:00 level=INFO msg="SQL Execution" op="DELETE (hard)" sql="DELETE FROM \"stress_records\" WHERE \"value\" = ?" args=[694] duration=14.084µs rows=1 error=<nil>
time=2026-05-02T16:33:59.849+02:00 level=INFO msg="SQL Execution" op="DELETE (hard)" sql="DELETE FROM \"stress_records\" WHERE \"value\" = ?" args=[695] duration=13.916µs rows=1 error=<nil>
time=2026-05-02T16:33:59.849+02:00 level=INFO msg="SQL Execution" op="DELETE (hard)" sql="DELETE FROM \"stress_records\" WHERE \"value\" = ?" args=[696] duration=14.625µs rows=1 error=<nil>
time=2026-05-02T16:33:59.849+02:00 level=INFO msg="SQL Execution" op="DELETE (hard)" sql="DELETE FROM \"stress_records\" WHERE \"value\" = ?" args=[697] duration=14µs rows=1 error=<nil>
time=2026-05-02T16:33:59.849+02:00 level=INFO msg="SQL Execution" op="DELETE (hard)" sql="DELETE FROM \"stress_records\" WHERE \"value\" = ?" args=[698] duration=15.417µs rows=1 error=<nil>
time=2026-05-02T16:33:59.849+02:00 level=INFO msg="SQL Execution" op="DELETE (hard)" sql="DELETE FROM \"stress_records\" WHERE \"value\" = ?" args=[699] duration=15.583µs rows=1 error=<nil>
time=2026-05-02T16:33:59.849+02:00 level=INFO msg="SQL Execution" op="DELETE (hard)" sql="DELETE FROM \"stress_records\" WHERE \"value\" = ?" args=[700] duration=16.042µs rows=1 error=<nil>
time=2026-05-02T16:33:59.849+02:00 level=INFO msg="SQL Execution" op="DELETE (hard)" sql="DELETE FROM \"stress_records\" WHERE \"value\" = ?" args=[701] duration=14.583µs rows=1 error=<nil>
time=2026-05-02T16:33:59.849+02:00 level=INFO msg="SQL Execution" op="DELETE (hard)" sql="DELETE FROM \"stress_records\" WHERE \"value\" = ?" args=[702] duration=13.625µs rows=1 error=<nil>
time=2026-05-02T16:33:59.849+02:00 level=INFO msg="SQL Execution" op="DELETE (hard)" sql="DELETE FROM \"stress_records\" WHERE \"value\" = ?" args=[703] duration=15.666µs rows=1 error=<nil>
time=2026-05-02T16:33:59.849+02:00 level=INFO msg="SQL Execution" op="DELETE (hard)" sql="DELETE FROM \"stress_records\" WHERE \"value\" = ?" args=[704] duration=14.709µs rows=1 error=<nil>
time=2026-05-02T16:33:59.849+02:00 level=INFO msg="SQL Execution" op="DELETE (hard)" sql="DELETE FROM \"stress_records\" WHERE \"value\" = ?" args=[705] duration=13.709µs rows=1 error=<nil>
time=2026-05-02T16:33:59.849+02:00 level=INFO msg="SQL Execution" op="DELETE (hard)" sql="DELETE FROM \"stress_records\" WHERE \"value\" = ?" args=[706] duration=16.916µs rows=1 error=<nil>
time=2026-05-02T16:33:59.849+02:00 level=INFO msg="SQL Execution" op="DELETE (hard)" sql="DELETE FROM \"stress_records\" WHERE \"value\" = ?" args=[707] duration=13.834µs rows=1 error=<nil>
time=2026-05-02T16:33:59.849+02:00 level=INFO msg="SQL Execution" op="DELETE (hard)" sql="DELETE FROM \"stress_records\" WHERE \"value\" = ?" args=[708] duration=16µs rows=1 error=<nil>
time=2026-05-02T16:33:59.849+02:00 level=INFO msg="SQL Execution" op="DELETE (hard)" sql="DELETE FROM \"stress_records\" WHERE \"value\" = ?" args=[709] duration=13.542µs rows=1 error=<nil>
time=2026-05-02T16:33:59.849+02:00 level=INFO msg="SQL Execution" op="DELETE (hard)" sql="DELETE FROM \"stress_records\" WHERE \"value\" = ?" args=[710] duration=14.958µs rows=1 error=<nil>
time=2026-05-02T16:33:59.849+02:00 level=INFO msg="SQL Execution" op="DELETE (hard)" sql="DELETE FROM \"stress_records\" WHERE \"value\" = ?" args=[711] duration=13.459µs rows=1 error=<nil>
time=2026-05-02T16:33:59.849+02:00 level=INFO msg="SQL Execution" op="DELETE (hard)" sql="DELETE FROM \"stress_records\" WHERE \"value\" = ?" args=[712] duration=15.083µs rows=1 error=<nil>
time=2026-05-02T16:33:59.849+02:00 level=INFO msg="SQL Execution" op="DELETE (hard)" sql="DELETE FROM \"stress_records\" WHERE \"value\" = ?" args=[713] duration=14.292µs rows=1 error=<nil>
time=2026-05-02T16:33:59.849+02:00 level=INFO msg="SQL Execution" op="DELETE (hard)" sql="DELETE FROM \"stress_records\" WHERE \"value\" = ?" args=[714] duration=15.709µs rows=1 error=<nil>
time=2026-05-02T16:33:59.849+02:00 level=INFO msg="SQL Execution" op="DELETE (hard)" sql="DELETE FROM \"stress_records\" WHERE \"value\" = ?" args=[715] duration=18.458µs rows=1 error=<nil>
time=2026-05-02T16:33:59.849+02:00 level=INFO msg="SQL Execution" op="DELETE (hard)" sql="DELETE FROM \"stress_records\" WHERE \"value\" = ?" args=[716] duration=18.125µs rows=1 error=<nil>
time=2026-05-02T16:33:59.849+02:00 level=INFO msg="SQL Execution" op="DELETE (hard)" sql="DELETE FROM \"stress_records\" WHERE \"value\" = ?" args=[717] duration=16.25µs rows=1 error=<nil>
time=2026-05-02T16:33:59.849+02:00 level=INFO msg="SQL Execution" op="DELETE (hard)" sql="DELETE FROM \"stress_records\" WHERE \"value\" = ?" args=[718] duration=13.291µs rows=1 error=<nil>
time=2026-05-02T16:33:59.850+02:00 level=INFO msg="SQL Execution" op="DELETE (hard)" sql="DELETE FROM \"stress_records\" WHERE \"value\" = ?" args=[719] duration=14.583µs rows=1 error=<nil>
time=2026-05-02T16:33:59.850+02:00 level=INFO msg="SQL Execution" op="DELETE (hard)" sql="DELETE FROM \"stress_records\" WHERE \"value\" = ?" args=[720] duration=13.916µs rows=1 error=<nil>
time=2026-05-02T16:33:59.850+02:00 level=INFO msg="SQL Execution" op="DELETE (hard)" sql="DELETE FROM \"stress_records\" WHERE \"value\" = ?" args=[721] duration=14.667µs rows=1 error=<nil>
time=2026-05-02T16:33:59.850+02:00 level=INFO msg="SQL Execution" op="DELETE (hard)" sql="DELETE FROM \"stress_records\" WHERE \"value\" = ?" args=[722] duration=13.292µs rows=1 error=<nil>
time=2026-05-02T16:33:59.850+02:00 level=INFO msg="SQL Execution" op="DELETE (hard)" sql="DELETE FROM \"stress_records\" WHERE \"value\" = ?" args=[723] duration=13.958µs rows=1 error=<nil>
time=2026-05-02T16:33:59.850+02:00 level=INFO msg="SQL Execution" op="DELETE (hard)" sql="DELETE FROM \"stress_records\" WHERE \"value\" = ?" args=[724] duration=13.125µs rows=1 error=<nil>
time=2026-05-02T16:33:59.850+02:00 level=INFO msg="SQL Execution" op="DELETE (hard)" sql="DELETE FROM \"stress_records\" WHERE \"value\" = ?" args=[725] duration=13.75µs rows=1 error=<nil>
time=2026-05-02T16:33:59.850+02:00 level=INFO msg="SQL Execution" op="DELETE (hard)" sql="DELETE FROM \"stress_records\" WHERE \"value\" = ?" args=[726] duration=14.25µs rows=1 error=<nil>
time=2026-05-02T16:33:59.850+02:00 level=INFO msg="SQL Execution" op="DELETE (hard)" sql="DELETE FROM \"stress_records\" WHERE \"value\" = ?" args=[727] duration=12.958µs rows=1 error=<nil>
time=2026-05-02T16:33:59.850+02:00 level=INFO msg="SQL Execution" op="DELETE (hard)" sql="DELETE FROM \"stress_records\" WHERE \"value\" = ?" args=[728] duration=14.625µs rows=1 error=<nil>
time=2026-05-02T16:33:59.850+02:00 level=INFO msg="SQL Execution" op="DELETE (hard)" sql="DELETE FROM \"stress_records\" WHERE \"value\" = ?" args=[729] duration=12.959µs rows=1 error=<nil>
time=2026-05-02T16:33:59.850+02:00 level=INFO msg="SQL Execution" op="DELETE (hard)" sql="DELETE FROM \"stress_records\" WHERE \"value\" = ?" args=[730] duration=13.792µs rows=1 error=<nil>
time=2026-05-02T16:33:59.850+02:00 level=INFO msg="SQL Execution" op="DELETE (hard)" sql="DELETE FROM \"stress_records\" WHERE \"value\" = ?" args=[731] duration=12.75µs rows=1 error=<nil>
time=2026-05-02T16:33:59.850+02:00 level=INFO msg="SQL Execution" op="DELETE (hard)" sql="DELETE FROM \"stress_records\" WHERE \"value\" = ?" args=[732] duration=14.375µs rows=1 error=<nil>
time=2026-05-02T16:33:59.850+02:00 level=INFO msg="SQL Execution" op="DELETE (hard)" sql="DELETE FROM \"stress_records\" WHERE \"value\" = ?" args=[733] duration=12.833µs rows=1 error=<nil>
time=2026-05-02T16:33:59.850+02:00 level=INFO msg="SQL Execution" op="DELETE (hard)" sql="DELETE FROM \"stress_records\" WHERE \"value\" = ?" args=[734] duration=13.541µs rows=1 error=<nil>
time=2026-05-02T16:33:59.850+02:00 level=INFO msg="SQL Execution" op="DELETE (hard)" sql="DELETE FROM \"stress_records\" WHERE \"value\" = ?" args=[735] duration=12.542µs rows=1 error=<nil>
time=2026-05-02T16:33:59.850+02:00 level=INFO msg="SQL Execution" op="DELETE (hard)" sql="DELETE FROM \"stress_records\" WHERE \"value\" = ?" args=[736] duration=12.708µs rows=1 error=<nil>
time=2026-05-02T16:33:59.850+02:00 level=INFO msg="SQL Execution" op="DELETE (hard)" sql="DELETE FROM \"stress_records\" WHERE \"value\" = ?" args=[737] duration=12.5µs rows=1 error=<nil>
time=2026-05-02T16:33:59.850+02:00 level=INFO msg="SQL Execution" op="DELETE (hard)" sql="DELETE FROM \"stress_records\" WHERE \"value\" = ?" args=[738] duration=12.542µs rows=1 error=<nil>
time=2026-05-02T16:33:59.850+02:00 level=INFO msg="SQL Execution" op="DELETE (hard)" sql="DELETE FROM \"stress_records\" WHERE \"value\" = ?" args=[739] duration=12.458µs rows=1 error=<nil>
time=2026-05-02T16:33:59.850+02:00 level=INFO msg="SQL Execution" op="DELETE (hard)" sql="DELETE FROM \"stress_records\" WHERE \"value\" = ?" args=[740] duration=12.583µs rows=1 error=<nil>
time=2026-05-02T16:33:59.850+02:00 level=INFO msg="SQL Execution" op="DELETE (hard)" sql="DELETE FROM \"stress_records\" WHERE \"value\" = ?" args=[741] duration=13.042µs rows=1 error=<nil>
time=2026-05-02T16:33:59.850+02:00 level=INFO msg="SQL Execution" op="DELETE (hard)" sql="DELETE FROM \"stress_records\" WHERE \"value\" = ?" args=[742] duration=15.458µs rows=1 error=<nil>
time=2026-05-02T16:33:59.850+02:00 level=INFO msg="SQL Execution" op="DELETE (hard)" sql="DELETE FROM \"stress_records\" WHERE \"value\" = ?" args=[743] duration=12.292µs rows=1 error=<nil>
time=2026-05-02T16:33:59.850+02:00 level=INFO msg="SQL Execution" op="DELETE (hard)" sql="DELETE FROM \"stress_records\" WHERE \"value\" = ?" args=[744] duration=12.917µs rows=1 error=<nil>
time=2026-05-02T16:33:59.850+02:00 level=INFO msg="SQL Execution" op="DELETE (hard)" sql="DELETE FROM \"stress_records\" WHERE \"value\" = ?" args=[745] duration=12.25µs rows=1 error=<nil>
time=2026-05-02T16:33:59.850+02:00 level=INFO msg="SQL Execution" op="DELETE (hard)" sql="DELETE FROM \"stress_records\" WHERE \"value\" = ?" args=[746] duration=14.541µs rows=1 error=<nil>
time=2026-05-02T16:33:59.850+02:00 level=INFO msg="SQL Execution" op="DELETE (hard)" sql="DELETE FROM \"stress_records\" WHERE \"value\" = ?" args=[747] duration=12.5µs rows=1 error=<nil>
time=2026-05-02T16:33:59.850+02:00 level=INFO msg="SQL Execution" op="DELETE (hard)" sql="DELETE FROM \"stress_records\" WHERE \"value\" = ?" args=[748] duration=14µs rows=1 error=<nil>
time=2026-05-02T16:33:59.850+02:00 level=INFO msg="SQL Execution" op="DELETE (hard)" sql="DELETE FROM \"stress_records\" WHERE \"value\" = ?" args=[749] duration=12.208µs rows=1 error=<nil>
time=2026-05-02T16:33:59.850+02:00 level=INFO msg="SQL Execution" op="DELETE (hard)" sql="DELETE FROM \"stress_records\" WHERE \"value\" = ?" args=[750] duration=14.666µs rows=1 error=<nil>
time=2026-05-02T16:33:59.850+02:00 level=INFO msg="SQL Execution" op="DELETE (hard)" sql="DELETE FROM \"stress_records\" WHERE \"value\" = ?" args=[751] duration=12µs rows=1 error=<nil>
time=2026-05-02T16:33:59.850+02:00 level=INFO msg="SQL Execution" op="DELETE (hard)" sql="DELETE FROM \"stress_records\" WHERE \"value\" = ?" args=[752] duration=13.167µs rows=1 error=<nil>
time=2026-05-02T16:33:59.850+02:00 level=INFO msg="SQL Execution" op="DELETE (hard)" sql="DELETE FROM \"stress_records\" WHERE \"value\" = ?" args=[753] duration=12.25µs rows=1 error=<nil>
time=2026-05-02T16:33:59.850+02:00 level=INFO msg="SQL Execution" op="DELETE (hard)" sql="DELETE FROM \"stress_records\" WHERE \"value\" = ?" args=[754] duration=12.25µs rows=1 error=<nil>
time=2026-05-02T16:33:59.850+02:00 level=INFO msg="SQL Execution" op="DELETE (hard)" sql="DELETE FROM \"stress_records\" WHERE \"value\" = ?" args=[755] duration=12.208µs rows=1 error=<nil>
time=2026-05-02T16:33:59.850+02:00 level=INFO msg="SQL Execution" op="DELETE (hard)" sql="DELETE FROM \"stress_records\" WHERE \"value\" = ?" args=[756] duration=12.167µs rows=1 error=<nil>
time=2026-05-02T16:33:59.850+02:00 level=INFO msg="SQL Execution" op="DELETE (hard)" sql="DELETE FROM \"stress_records\" WHERE \"value\" = ?" args=[757] duration=12.833µs rows=1 error=<nil>
time=2026-05-02T16:33:59.850+02:00 level=INFO msg="SQL Execution" op="DELETE (hard)" sql="DELETE FROM \"stress_records\" WHERE \"value\" = ?" args=[758] duration=11.875µs rows=1 error=<nil>
time=2026-05-02T16:33:59.850+02:00 level=INFO msg="SQL Execution" op="DELETE (hard)" sql="DELETE FROM \"stress_records\" WHERE \"value\" = ?" args=[759] duration=12.416µs rows=1 error=<nil>
time=2026-05-02T16:33:59.850+02:00 level=INFO msg="SQL Execution" op="DELETE (hard)" sql="DELETE FROM \"stress_records\" WHERE \"value\" = ?" args=[760] duration=12µs rows=1 error=<nil>
time=2026-05-02T16:33:59.850+02:00 level=INFO msg="SQL Execution" op="DELETE (hard)" sql="DELETE FROM \"stress_records\" WHERE \"value\" = ?" args=[761] duration=12.625µs rows=1 error=<nil>
time=2026-05-02T16:33:59.850+02:00 level=INFO msg="SQL Execution" op="DELETE (hard)" sql="DELETE FROM \"stress_records\" WHERE \"value\" = ?" args=[762] duration=13µs rows=1 error=<nil>
time=2026-05-02T16:33:59.850+02:00 level=INFO msg="SQL Execution" op="DELETE (hard)" sql="DELETE FROM \"stress_records\" WHERE \"value\" = ?" args=[763] duration=13.083µs rows=1 error=<nil>
time=2026-05-02T16:33:59.850+02:00 level=INFO msg="SQL Execution" op="DELETE (hard)" sql="DELETE FROM \"stress_records\" WHERE \"value\" = ?" args=[764] duration=12.125µs rows=1 error=<nil>
time=2026-05-02T16:33:59.850+02:00 level=INFO msg="SQL Execution" op="DELETE (hard)" sql="DELETE FROM \"stress_records\" WHERE \"value\" = ?" args=[765] duration=12.166µs rows=1 error=<nil>
time=2026-05-02T16:33:59.850+02:00 level=INFO msg="SQL Execution" op="DELETE (hard)" sql="DELETE FROM \"stress_records\" WHERE \"value\" = ?" args=[766] duration=13.292µs rows=1 error=<nil>
time=2026-05-02T16:33:59.850+02:00 level=INFO msg="SQL Execution" op="DELETE (hard)" sql="DELETE FROM \"stress_records\" WHERE \"value\" = ?" args=[767] duration=11.458µs rows=1 error=<nil>
time=2026-05-02T16:33:59.850+02:00 level=INFO msg="SQL Execution" op="DELETE (hard)" sql="DELETE FROM \"stress_records\" WHERE \"value\" = ?" args=[768] duration=18.834µs rows=1 error=<nil>
time=2026-05-02T16:33:59.850+02:00 level=INFO msg="SQL Execution" op="DELETE (hard)" sql="DELETE FROM \"stress_records\" WHERE \"value\" = ?" args=[769] duration=11.583µs rows=1 error=<nil>
time=2026-05-02T16:33:59.850+02:00 level=INFO msg="SQL Execution" op="DELETE (hard)" sql="DELETE FROM \"stress_records\" WHERE \"value\" = ?" args=[770] duration=11.5µs rows=1 error=<nil>
time=2026-05-02T16:33:59.850+02:00 level=INFO msg="SQL Execution" op="DELETE (hard)" sql="DELETE FROM \"stress_records\" WHERE \"value\" = ?" args=[771] duration=11.5µs rows=1 error=<nil>
time=2026-05-02T16:33:59.850+02:00 level=INFO msg="SQL Execution" op="DELETE (hard)" sql="DELETE FROM \"stress_records\" WHERE \"value\" = ?" args=[772] duration=11.25µs rows=1 error=<nil>
time=2026-05-02T16:33:59.850+02:00 level=INFO msg="SQL Execution" op="DELETE (hard)" sql="DELETE FROM \"stress_records\" WHERE \"value\" = ?" args=[773] duration=11.375µs rows=1 error=<nil>
time=2026-05-02T16:33:59.850+02:00 level=INFO msg="SQL Execution" op="DELETE (hard)" sql="DELETE FROM \"stress_records\" WHERE \"value\" = ?" args=[774] duration=12.042µs rows=1 error=<nil>
time=2026-05-02T16:33:59.850+02:00 level=INFO msg="SQL Execution" op="DELETE (hard)" sql="DELETE FROM \"stress_records\" WHERE \"value\" = ?" args=[775] duration=11.333µs rows=1 error=<nil>
time=2026-05-02T16:33:59.850+02:00 level=INFO msg="SQL Execution" op="DELETE (hard)" sql="DELETE FROM \"stress_records\" WHERE \"value\" = ?" args=[776] duration=12.917µs rows=1 error=<nil>
time=2026-05-02T16:33:59.850+02:00 level=INFO msg="SQL Execution" op="DELETE (hard)" sql="DELETE FROM \"stress_records\" WHERE \"value\" = ?" args=[777] duration=11.291µs rows=1 error=<nil>
time=2026-05-02T16:33:59.851+02:00 level=INFO msg="SQL Execution" op="DELETE (hard)" sql="DELETE FROM \"stress_records\" WHERE \"value\" = ?" args=[778] duration=11.208µs rows=1 error=<nil>
time=2026-05-02T16:33:59.851+02:00 level=INFO msg="SQL Execution" op="DELETE (hard)" sql="DELETE FROM \"stress_records\" WHERE \"value\" = ?" args=[779] duration=12µs rows=1 error=<nil>
time=2026-05-02T16:33:59.851+02:00 level=INFO msg="SQL Execution" op="DELETE (hard)" sql="DELETE FROM \"stress_records\" WHERE \"value\" = ?" args=[780] duration=12.666µs rows=1 error=<nil>
time=2026-05-02T16:33:59.851+02:00 level=INFO msg="SQL Execution" op="DELETE (hard)" sql="DELETE FROM \"stress_records\" WHERE \"value\" = ?" args=[781] duration=11.084µs rows=1 error=<nil>
time=2026-05-02T16:33:59.851+02:00 level=INFO msg="SQL Execution" op="DELETE (hard)" sql="DELETE FROM \"stress_records\" WHERE \"value\" = ?" args=[782] duration=11.625µs rows=1 error=<nil>
time=2026-05-02T16:33:59.851+02:00 level=INFO msg="SQL Execution" op="DELETE (hard)" sql="DELETE FROM \"stress_records\" WHERE \"value\" = ?" args=[783] duration=11.75µs rows=1 error=<nil>
time=2026-05-02T16:33:59.851+02:00 level=INFO msg="SQL Execution" op="DELETE (hard)" sql="DELETE FROM \"stress_records\" WHERE \"value\" = ?" args=[784] duration=12.875µs rows=1 error=<nil>
time=2026-05-02T16:33:59.851+02:00 level=INFO msg="SQL Execution" op="DELETE (hard)" sql="DELETE FROM \"stress_records\" WHERE \"value\" = ?" args=[785] duration=11.292µs rows=1 error=<nil>
time=2026-05-02T16:33:59.851+02:00 level=INFO msg="SQL Execution" op="DELETE (hard)" sql="DELETE FROM \"stress_records\" WHERE \"value\" = ?" args=[786] duration=11.083µs rows=1 error=<nil>
time=2026-05-02T16:33:59.851+02:00 level=INFO msg="SQL Execution" op="DELETE (hard)" sql="DELETE FROM \"stress_records\" WHERE \"value\" = ?" args=[787] duration=10.875µs rows=1 error=<nil>
time=2026-05-02T16:33:59.851+02:00 level=INFO msg="SQL Execution" op="DELETE (hard)" sql="DELETE FROM \"stress_records\" WHERE \"value\" = ?" args=[788] duration=11.708µs rows=1 error=<nil>
time=2026-05-02T16:33:59.851+02:00 level=INFO msg="SQL Execution" op="DELETE (hard)" sql="DELETE FROM \"stress_records\" WHERE \"value\" = ?" args=[789] duration=10.625µs rows=1 error=<nil>
time=2026-05-02T16:33:59.851+02:00 level=INFO msg="SQL Execution" op="DELETE (hard)" sql="DELETE FROM \"stress_records\" WHERE \"value\" = ?" args=[790] duration=10.834µs rows=1 error=<nil>
time=2026-05-02T16:33:59.851+02:00 level=INFO msg="SQL Execution" op="DELETE (hard)" sql="DELETE FROM \"stress_records\" WHERE \"value\" = ?" args=[791] duration=11.625µs rows=1 error=<nil>
time=2026-05-02T16:33:59.851+02:00 level=INFO msg="SQL Execution" op="DELETE (hard)" sql="DELETE FROM \"stress_records\" WHERE \"value\" = ?" args=[792] duration=10.625µs rows=1 error=<nil>
time=2026-05-02T16:33:59.851+02:00 level=INFO msg="SQL Execution" op="DELETE (hard)" sql="DELETE FROM \"stress_records\" WHERE \"value\" = ?" args=[793] duration=11.625µs rows=1 error=<nil>
time=2026-05-02T16:33:59.851+02:00 level=INFO msg="SQL Execution" op="DELETE (hard)" sql="DELETE FROM \"stress_records\" WHERE \"value\" = ?" args=[794] duration=10.583µs rows=1 error=<nil>
time=2026-05-02T16:33:59.851+02:00 level=INFO msg="SQL Execution" op="DELETE (hard)" sql="DELETE FROM \"stress_records\" WHERE \"value\" = ?" args=[795] duration=13.333µs rows=1 error=<nil>
time=2026-05-02T16:33:59.851+02:00 level=INFO msg="SQL Execution" op="DELETE (hard)" sql="DELETE FROM \"stress_records\" WHERE \"value\" = ?" args=[796] duration=11.167µs rows=1 error=<nil>
time=2026-05-02T16:33:59.851+02:00 level=INFO msg="SQL Execution" op="DELETE (hard)" sql="DELETE FROM \"stress_records\" WHERE \"value\" = ?" args=[797] duration=11.25µs rows=1 error=<nil>
time=2026-05-02T16:33:59.851+02:00 level=INFO msg="SQL Execution" op="DELETE (hard)" sql="DELETE FROM \"stress_records\" WHERE \"value\" = ?" args=[798] duration=10.459µs rows=1 error=<nil>
time=2026-05-02T16:33:59.851+02:00 level=INFO msg="SQL Execution" op="DELETE (hard)" sql="DELETE FROM \"stress_records\" WHERE \"value\" = ?" args=[799] duration=10.5µs rows=1 error=<nil>
time=2026-05-02T16:33:59.851+02:00 level=INFO msg="SQL Execution" op="DELETE (hard)" sql="DELETE FROM \"stress_records\" WHERE \"value\" = ?" args=[800] duration=11.208µs rows=1 error=<nil>
time=2026-05-02T16:33:59.851+02:00 level=INFO msg="SQL Execution" op="DELETE (hard)" sql="DELETE FROM \"stress_records\" WHERE \"value\" = ?" args=[801] duration=10.083µs rows=1 error=<nil>
time=2026-05-02T16:33:59.851+02:00 level=INFO msg="SQL Execution" op="DELETE (hard)" sql="DELETE FROM \"stress_records\" WHERE \"value\" = ?" args=[802] duration=12.209µs rows=1 error=<nil>
time=2026-05-02T16:33:59.851+02:00 level=INFO msg="SQL Execution" op="DELETE (hard)" sql="DELETE FROM \"stress_records\" WHERE \"value\" = ?" args=[803] duration=10.083µs rows=1 error=<nil>
time=2026-05-02T16:33:59.851+02:00 level=INFO msg="SQL Execution" op="DELETE (hard)" sql="DELETE FROM \"stress_records\" WHERE \"value\" = ?" args=[804] duration=10.458µs rows=1 error=<nil>
time=2026-05-02T16:33:59.851+02:00 level=INFO msg="SQL Execution" op="DELETE (hard)" sql="DELETE FROM \"stress_records\" WHERE \"value\" = ?" args=[805] duration=11.125µs rows=1 error=<nil>
time=2026-05-02T16:33:59.851+02:00 level=INFO msg="SQL Execution" op="DELETE (hard)" sql="DELETE FROM \"stress_records\" WHERE \"value\" = ?" args=[806] duration=9.959µs rows=1 error=<nil>
time=2026-05-02T16:33:59.851+02:00 level=INFO msg="SQL Execution" op="DELETE (hard)" sql="DELETE FROM \"stress_records\" WHERE \"value\" = ?" args=[807] duration=9.834µs rows=1 error=<nil>
time=2026-05-02T16:33:59.851+02:00 level=INFO msg="SQL Execution" op="DELETE (hard)" sql="DELETE FROM \"stress_records\" WHERE \"value\" = ?" args=[808] duration=11.25µs rows=1 error=<nil>
time=2026-05-02T16:33:59.851+02:00 level=INFO msg="SQL Execution" op="DELETE (hard)" sql="DELETE FROM \"stress_records\" WHERE \"value\" = ?" args=[809] duration=10.834µs rows=1 error=<nil>
time=2026-05-02T16:33:59.851+02:00 level=INFO msg="SQL Execution" op="DELETE (hard)" sql="DELETE FROM \"stress_records\" WHERE \"value\" = ?" args=[810] duration=10.667µs rows=1 error=<nil>
time=2026-05-02T16:33:59.851+02:00 level=INFO msg="SQL Execution" op="DELETE (hard)" sql="DELETE FROM \"stress_records\" WHERE \"value\" = ?" args=[811] duration=10.625µs rows=1 error=<nil>
time=2026-05-02T16:33:59.851+02:00 level=INFO msg="SQL Execution" op="DELETE (hard)" sql="DELETE FROM \"stress_records\" WHERE \"value\" = ?" args=[812] duration=11.584µs rows=1 error=<nil>
time=2026-05-02T16:33:59.851+02:00 level=INFO msg="SQL Execution" op="DELETE (hard)" sql="DELETE FROM \"stress_records\" WHERE \"value\" = ?" args=[813] duration=10.916µs rows=1 error=<nil>
time=2026-05-02T16:33:59.851+02:00 level=INFO msg="SQL Execution" op="DELETE (hard)" sql="DELETE FROM \"stress_records\" WHERE \"value\" = ?" args=[814] duration=12.334µs rows=1 error=<nil>
time=2026-05-02T16:33:59.851+02:00 level=INFO msg="SQL Execution" op="DELETE (hard)" sql="DELETE FROM \"stress_records\" WHERE \"value\" = ?" args=[815] duration=10µs rows=1 error=<nil>
time=2026-05-02T16:33:59.851+02:00 level=INFO msg="SQL Execution" op="DELETE (hard)" sql="DELETE FROM \"stress_records\" WHERE \"value\" = ?" args=[816] duration=9.583µs rows=1 error=<nil>
time=2026-05-02T16:33:59.851+02:00 level=INFO msg="SQL Execution" op="DELETE (hard)" sql="DELETE FROM \"stress_records\" WHERE \"value\" = ?" args=[817] duration=9.708µs rows=1 error=<nil>
time=2026-05-02T16:33:59.851+02:00 level=INFO msg="SQL Execution" op="DELETE (hard)" sql="DELETE FROM \"stress_records\" WHERE \"value\" = ?" args=[818] duration=10.042µs rows=1 error=<nil>
time=2026-05-02T16:33:59.851+02:00 level=INFO msg="SQL Execution" op="DELETE (hard)" sql="DELETE FROM \"stress_records\" WHERE \"value\" = ?" args=[819] duration=9.791µs rows=1 error=<nil>
time=2026-05-02T16:33:59.851+02:00 level=INFO msg="SQL Execution" op="DELETE (hard)" sql="DELETE FROM \"stress_records\" WHERE \"value\" = ?" args=[820] duration=10.75µs rows=1 error=<nil>
time=2026-05-02T16:33:59.851+02:00 level=INFO msg="SQL Execution" op="DELETE (hard)" sql="DELETE FROM \"stress_records\" WHERE \"value\" = ?" args=[821] duration=9.458µs rows=1 error=<nil>
time=2026-05-02T16:33:59.851+02:00 level=INFO msg="SQL Execution" op="DELETE (hard)" sql="DELETE FROM \"stress_records\" WHERE \"value\" = ?" args=[822] duration=9.917µs rows=1 error=<nil>
time=2026-05-02T16:33:59.851+02:00 level=INFO msg="SQL Execution" op="DELETE (hard)" sql="DELETE FROM \"stress_records\" WHERE \"value\" = ?" args=[823] duration=9.458µs rows=1 error=<nil>
time=2026-05-02T16:33:59.851+02:00 level=INFO msg="SQL Execution" op="DELETE (hard)" sql="DELETE FROM \"stress_records\" WHERE \"value\" = ?" args=[824] duration=9.583µs rows=1 error=<nil>
time=2026-05-02T16:33:59.851+02:00 level=INFO msg="SQL Execution" op="DELETE (hard)" sql="DELETE FROM \"stress_records\" WHERE \"value\" = ?" args=[825] duration=9.333µs rows=1 error=<nil>
time=2026-05-02T16:33:59.851+02:00 level=INFO msg="SQL Execution" op="DELETE (hard)" sql="DELETE FROM \"stress_records\" WHERE \"value\" = ?" args=[826] duration=9.292µs rows=1 error=<nil>
time=2026-05-02T16:33:59.851+02:00 level=INFO msg="SQL Execution" op="DELETE (hard)" sql="DELETE FROM \"stress_records\" WHERE \"value\" = ?" args=[827] duration=11.167µs rows=1 error=<nil>
time=2026-05-02T16:33:59.851+02:00 level=INFO msg="SQL Execution" op="DELETE (hard)" sql="DELETE FROM \"stress_records\" WHERE \"value\" = ?" args=[828] duration=10.917µs rows=1 error=<nil>
time=2026-05-02T16:33:59.851+02:00 level=INFO msg="SQL Execution" op="DELETE (hard)" sql="DELETE FROM \"stress_records\" WHERE \"value\" = ?" args=[829] duration=9.417µs rows=1 error=<nil>
time=2026-05-02T16:33:59.851+02:00 level=INFO msg="SQL Execution" op="DELETE (hard)" sql="DELETE FROM \"stress_records\" WHERE \"value\" = ?" args=[830] duration=9.292µs rows=1 error=<nil>
time=2026-05-02T16:33:59.851+02:00 level=INFO msg="SQL Execution" op="DELETE (hard)" sql="DELETE FROM \"stress_records\" WHERE \"value\" = ?" args=[831] duration=10.042µs rows=1 error=<nil>
time=2026-05-02T16:33:59.851+02:00 level=INFO msg="SQL Execution" op="DELETE (hard)" sql="DELETE FROM \"stress_records\" WHERE \"value\" = ?" args=[832] duration=14.625µs rows=1 error=<nil>
time=2026-05-02T16:33:59.851+02:00 level=INFO msg="SQL Execution" op="DELETE (hard)" sql="DELETE FROM \"stress_records\" WHERE \"value\" = ?" args=[833] duration=9.125µs rows=1 error=<nil>
time=2026-05-02T16:33:59.851+02:00 level=INFO msg="SQL Execution" op="DELETE (hard)" sql="DELETE FROM \"stress_records\" WHERE \"value\" = ?" args=[834] duration=9.083µs rows=1 error=<nil>
time=2026-05-02T16:33:59.851+02:00 level=INFO msg="SQL Execution" op="DELETE (hard)" sql="DELETE FROM \"stress_records\" WHERE \"value\" = ?" args=[835] duration=9.667µs rows=1 error=<nil>
time=2026-05-02T16:33:59.851+02:00 level=INFO msg="SQL Execution" op="DELETE (hard)" sql="DELETE FROM \"stress_records\" WHERE \"value\" = ?" args=[836] duration=9.959µs rows=1 error=<nil>
time=2026-05-02T16:33:59.851+02:00 level=INFO msg="SQL Execution" op="DELETE (hard)" sql="DELETE FROM \"stress_records\" WHERE \"value\" = ?" args=[837] duration=8.958µs rows=1 error=<nil>
time=2026-05-02T16:33:59.851+02:00 level=INFO msg="SQL Execution" op="DELETE (hard)" sql="DELETE FROM \"stress_records\" WHERE \"value\" = ?" args=[838] duration=10.167µs rows=1 error=<nil>
time=2026-05-02T16:33:59.851+02:00 level=INFO msg="SQL Execution" op="DELETE (hard)" sql="DELETE FROM \"stress_records\" WHERE \"value\" = ?" args=[839] duration=8.875µs rows=1 error=<nil>
time=2026-05-02T16:33:59.851+02:00 level=INFO msg="SQL Execution" op="DELETE (hard)" sql="DELETE FROM \"stress_records\" WHERE \"value\" = ?" args=[840] duration=10.416µs rows=1 error=<nil>
time=2026-05-02T16:33:59.851+02:00 level=INFO msg="SQL Execution" op="DELETE (hard)" sql="DELETE FROM \"stress_records\" WHERE \"value\" = ?" args=[841] duration=10.208µs rows=1 error=<nil>
time=2026-05-02T16:33:59.851+02:00 level=INFO msg="SQL Execution" op="DELETE (hard)" sql="DELETE FROM \"stress_records\" WHERE \"value\" = ?" args=[842] duration=8.792µs rows=1 error=<nil>
time=2026-05-02T16:33:59.851+02:00 level=INFO msg="SQL Execution" op="DELETE (hard)" sql="DELETE FROM \"stress_records\" WHERE \"value\" = ?" args=[843] duration=9.75µs rows=1 error=<nil>
time=2026-05-02T16:33:59.851+02:00 level=INFO msg="SQL Execution" op="DELETE (hard)" sql="DELETE FROM \"stress_records\" WHERE \"value\" = ?" args=[844] duration=9.5µs rows=1 error=<nil>
time=2026-05-02T16:33:59.851+02:00 level=INFO msg="SQL Execution" op="DELETE (hard)" sql="DELETE FROM \"stress_records\" WHERE \"value\" = ?" args=[845] duration=8.666µs rows=1 error=<nil>
time=2026-05-02T16:33:59.851+02:00 level=INFO msg="SQL Execution" op="DELETE (hard)" sql="DELETE FROM \"stress_records\" WHERE \"value\" = ?" args=[846] duration=10µs rows=1 error=<nil>
time=2026-05-02T16:33:59.852+02:00 level=INFO msg="SQL Execution" op="DELETE (hard)" sql="DELETE FROM \"stress_records\" WHERE \"value\" = ?" args=[847] duration=8.708µs rows=1 error=<nil>
time=2026-05-02T16:33:59.852+02:00 level=INFO msg="SQL Execution" op="DELETE (hard)" sql="DELETE FROM \"stress_records\" WHERE \"value\" = ?" args=[848] duration=8.542µs rows=1 error=<nil>
time=2026-05-02T16:33:59.852+02:00 level=INFO msg="SQL Execution" op="DELETE (hard)" sql="DELETE FROM \"stress_records\" WHERE \"value\" = ?" args=[849] duration=9.375µs rows=1 error=<nil>
time=2026-05-02T16:33:59.852+02:00 level=INFO msg="SQL Execution" op="DELETE (hard)" sql="DELETE FROM \"stress_records\" WHERE \"value\" = ?" args=[850] duration=9.208µs rows=1 error=<nil>
time=2026-05-02T16:33:59.852+02:00 level=INFO msg="SQL Execution" op="DELETE (hard)" sql="DELETE FROM \"stress_records\" WHERE \"value\" = ?" args=[851] duration=9.333µs rows=1 error=<nil>
time=2026-05-02T16:33:59.852+02:00 level=INFO msg="SQL Execution" op="DELETE (hard)" sql="DELETE FROM \"stress_records\" WHERE \"value\" = ?" args=[852] duration=8.459µs rows=1 error=<nil>
time=2026-05-02T16:33:59.852+02:00 level=INFO msg="SQL Execution" op="DELETE (hard)" sql="DELETE FROM \"stress_records\" WHERE \"value\" = ?" args=[853] duration=10.25µs rows=1 error=<nil>
time=2026-05-02T16:33:59.852+02:00 level=INFO msg="SQL Execution" op="DELETE (hard)" sql="DELETE FROM \"stress_records\" WHERE \"value\" = ?" args=[854] duration=9.125µs rows=1 error=<nil>
time=2026-05-02T16:33:59.852+02:00 level=INFO msg="SQL Execution" op="DELETE (hard)" sql="DELETE FROM \"stress_records\" WHERE \"value\" = ?" args=[855] duration=9.083µs rows=1 error=<nil>
time=2026-05-02T16:33:59.852+02:00 level=INFO msg="SQL Execution" op="DELETE (hard)" sql="DELETE FROM \"stress_records\" WHERE \"value\" = ?" args=[856] duration=8.917µs rows=1 error=<nil>
time=2026-05-02T16:33:59.852+02:00 level=INFO msg="SQL Execution" op="DELETE (hard)" sql="DELETE FROM \"stress_records\" WHERE \"value\" = ?" args=[857] duration=9.583µs rows=1 error=<nil>
time=2026-05-02T16:33:59.852+02:00 level=INFO msg="SQL Execution" op="DELETE (hard)" sql="DELETE FROM \"stress_records\" WHERE \"value\" = ?" args=[858] duration=9.333µs rows=1 error=<nil>
time=2026-05-02T16:33:59.852+02:00 level=INFO msg="SQL Execution" op="DELETE (hard)" sql="DELETE FROM \"stress_records\" WHERE \"value\" = ?" args=[859] duration=8.25µs rows=1 error=<nil>
time=2026-05-02T16:33:59.852+02:00 level=INFO msg="SQL Execution" op="DELETE (hard)" sql="DELETE FROM \"stress_records\" WHERE \"value\" = ?" args=[860] duration=9.667µs rows=1 error=<nil>
time=2026-05-02T16:33:59.852+02:00 level=INFO msg="SQL Execution" op="DELETE (hard)" sql="DELETE FROM \"stress_records\" WHERE \"value\" = ?" args=[861] duration=8.125µs rows=1 error=<nil>
time=2026-05-02T16:33:59.852+02:00 level=INFO msg="SQL Execution" op="DELETE (hard)" sql="DELETE FROM \"stress_records\" WHERE \"value\" = ?" args=[862] duration=8.083µs rows=1 error=<nil>
time=2026-05-02T16:33:59.852+02:00 level=INFO msg="SQL Execution" op="DELETE (hard)" sql="DELETE FROM \"stress_records\" WHERE \"value\" = ?" args=[863] duration=8.667µs rows=1 error=<nil>
time=2026-05-02T16:33:59.852+02:00 level=INFO msg="SQL Execution" op="DELETE (hard)" sql="DELETE FROM \"stress_records\" WHERE \"value\" = ?" args=[864] duration=12.834µs rows=1 error=<nil>
time=2026-05-02T16:33:59.852+02:00 level=INFO msg="SQL Execution" op="DELETE (hard)" sql="DELETE FROM \"stress_records\" WHERE \"value\" = ?" args=[865] duration=8.042µs rows=1 error=<nil>
time=2026-05-02T16:33:59.852+02:00 level=INFO msg="SQL Execution" op="DELETE (hard)" sql="DELETE FROM \"stress_records\" WHERE \"value\" = ?" args=[866] duration=8µs rows=1 error=<nil>
time=2026-05-02T16:33:59.852+02:00 level=INFO msg="SQL Execution" op="DELETE (hard)" sql="DELETE FROM \"stress_records\" WHERE \"value\" = ?" args=[867] duration=8.542µs rows=1 error=<nil>
time=2026-05-02T16:33:59.852+02:00 level=INFO msg="SQL Execution" op="DELETE (hard)" sql="DELETE FROM \"stress_records\" WHERE \"value\" = ?" args=[868] duration=7.792µs rows=1 error=<nil>
time=2026-05-02T16:33:59.852+02:00 level=INFO msg="SQL Execution" op="DELETE (hard)" sql="DELETE FROM \"stress_records\" WHERE \"value\" = ?" args=[869] duration=9.375µs rows=1 error=<nil>
time=2026-05-02T16:33:59.852+02:00 level=INFO msg="SQL Execution" op="DELETE (hard)" sql="DELETE FROM \"stress_records\" WHERE \"value\" = ?" args=[870] duration=8.708µs rows=1 error=<nil>
time=2026-05-02T16:33:59.852+02:00 level=INFO msg="SQL Execution" op="DELETE (hard)" sql="DELETE FROM \"stress_records\" WHERE \"value\" = ?" args=[871] duration=8.375µs rows=1 error=<nil>
time=2026-05-02T16:33:59.852+02:00 level=INFO msg="SQL Execution" op="DELETE (hard)" sql="DELETE FROM \"stress_records\" WHERE \"value\" = ?" args=[872] duration=7.541µs rows=1 error=<nil>
time=2026-05-02T16:33:59.852+02:00 level=INFO msg="SQL Execution" op="DELETE (hard)" sql="DELETE FROM \"stress_records\" WHERE \"value\" = ?" args=[873] duration=7.917µs rows=1 error=<nil>
time=2026-05-02T16:33:59.852+02:00 level=INFO msg="SQL Execution" op="DELETE (hard)" sql="DELETE FROM \"stress_records\" WHERE \"value\" = ?" args=[874] duration=7.625µs rows=1 error=<nil>
time=2026-05-02T16:33:59.852+02:00 level=INFO msg="SQL Execution" op="DELETE (hard)" sql="DELETE FROM \"stress_records\" WHERE \"value\" = ?" args=[875] duration=7.666µs rows=1 error=<nil>
time=2026-05-02T16:33:59.852+02:00 level=INFO msg="SQL Execution" op="DELETE (hard)" sql="DELETE FROM \"stress_records\" WHERE \"value\" = ?" args=[876] duration=9.208µs rows=1 error=<nil>
time=2026-05-02T16:33:59.852+02:00 level=INFO msg="SQL Execution" op="DELETE (hard)" sql="DELETE FROM \"stress_records\" WHERE \"value\" = ?" args=[877] duration=8.792µs rows=1 error=<nil>
time=2026-05-02T16:33:59.852+02:00 level=INFO msg="SQL Execution" op="DELETE (hard)" sql="DELETE FROM \"stress_records\" WHERE \"value\" = ?" args=[878] duration=8.208µs rows=1 error=<nil>
time=2026-05-02T16:33:59.852+02:00 level=INFO msg="SQL Execution" op="DELETE (hard)" sql="DELETE FROM \"stress_records\" WHERE \"value\" = ?" args=[879] duration=7.417µs rows=1 error=<nil>
time=2026-05-02T16:33:59.852+02:00 level=INFO msg="SQL Execution" op="DELETE (hard)" sql="DELETE FROM \"stress_records\" WHERE \"value\" = ?" args=[880] duration=8µs rows=1 error=<nil>
time=2026-05-02T16:33:59.852+02:00 level=INFO msg="SQL Execution" op="DELETE (hard)" sql="DELETE FROM \"stress_records\" WHERE \"value\" = ?" args=[881] duration=7.375µs rows=1 error=<nil>
time=2026-05-02T16:33:59.852+02:00 level=INFO msg="SQL Execution" op="DELETE (hard)" sql="DELETE FROM \"stress_records\" WHERE \"value\" = ?" args=[882] duration=7.333µs rows=1 error=<nil>
time=2026-05-02T16:33:59.852+02:00 level=INFO msg="SQL Execution" op="DELETE (hard)" sql="DELETE FROM \"stress_records\" WHERE \"value\" = ?" args=[883] duration=7.334µs rows=1 error=<nil>
time=2026-05-02T16:33:59.852+02:00 level=INFO msg="SQL Execution" op="DELETE (hard)" sql="DELETE FROM \"stress_records\" WHERE \"value\" = ?" args=[884] duration=7.083µs rows=1 error=<nil>
time=2026-05-02T16:33:59.852+02:00 level=INFO msg="SQL Execution" op="DELETE (hard)" sql="DELETE FROM \"stress_records\" WHERE \"value\" = ?" args=[885] duration=7.292µs rows=1 error=<nil>
time=2026-05-02T16:33:59.852+02:00 level=INFO msg="SQL Execution" op="DELETE (hard)" sql="DELETE FROM \"stress_records\" WHERE \"value\" = ?" args=[886] duration=7.209µs rows=1 error=<nil>
time=2026-05-02T16:33:59.852+02:00 level=INFO msg="SQL Execution" op="DELETE (hard)" sql="DELETE FROM \"stress_records\" WHERE \"value\" = ?" args=[887] duration=7.083µs rows=1 error=<nil>
time=2026-05-02T16:33:59.852+02:00 level=INFO msg="SQL Execution" op="DELETE (hard)" sql="DELETE FROM \"stress_records\" WHERE \"value\" = ?" args=[888] duration=8.458µs rows=1 error=<nil>
time=2026-05-02T16:33:59.852+02:00 level=INFO msg="SQL Execution" op="DELETE (hard)" sql="DELETE FROM \"stress_records\" WHERE \"value\" = ?" args=[889] duration=7µs rows=1 error=<nil>
time=2026-05-02T16:33:59.852+02:00 level=INFO msg="SQL Execution" op="DELETE (hard)" sql="DELETE FROM \"stress_records\" WHERE \"value\" = ?" args=[890] duration=7.791µs rows=1 error=<nil>
time=2026-05-02T16:33:59.852+02:00 level=INFO msg="SQL Execution" op="DELETE (hard)" sql="DELETE FROM \"stress_records\" WHERE \"value\" = ?" args=[891] duration=7µs rows=1 error=<nil>
time=2026-05-02T16:33:59.852+02:00 level=INFO msg="SQL Execution" op="DELETE (hard)" sql="DELETE FROM \"stress_records\" WHERE \"value\" = ?" args=[892] duration=8.791µs rows=1 error=<nil>
time=2026-05-02T16:33:59.852+02:00 level=INFO msg="SQL Execution" op="DELETE (hard)" sql="DELETE FROM \"stress_records\" WHERE \"value\" = ?" args=[893] duration=11.042µs rows=1 error=<nil>
time=2026-05-02T16:33:59.852+02:00 level=INFO msg="SQL Execution" op="DELETE (hard)" sql="DELETE FROM \"stress_records\" WHERE \"value\" = ?" args=[894] duration=7µs rows=1 error=<nil>
time=2026-05-02T16:33:59.852+02:00 level=INFO msg="SQL Execution" op="DELETE (hard)" sql="DELETE FROM \"stress_records\" WHERE \"value\" = ?" args=[895] duration=6.75µs rows=1 error=<nil>
time=2026-05-02T16:33:59.852+02:00 level=INFO msg="SQL Execution" op="DELETE (hard)" sql="DELETE FROM \"stress_records\" WHERE \"value\" = ?" args=[896] duration=6.833µs rows=1 error=<nil>
time=2026-05-02T16:33:59.852+02:00 level=INFO msg="SQL Execution" op="DELETE (hard)" sql="DELETE FROM \"stress_records\" WHERE \"value\" = ?" args=[897] duration=7.917µs rows=1 error=<nil>
time=2026-05-02T16:33:59.852+02:00 level=INFO msg="SQL Execution" op="DELETE (hard)" sql="DELETE FROM \"stress_records\" WHERE \"value\" = ?" args=[898] duration=8.167µs rows=1 error=<nil>
time=2026-05-02T16:33:59.852+02:00 level=INFO msg="SQL Execution" op="DELETE (hard)" sql="DELETE FROM \"stress_records\" WHERE \"value\" = ?" args=[899] duration=6.667µs rows=1 error=<nil>
time=2026-05-02T16:33:59.852+02:00 level=INFO msg="SQL Execution" op="DELETE (hard)" sql="DELETE FROM \"stress_records\" WHERE \"value\" = ?" args=[900] duration=7.333µs rows=1 error=<nil>
time=2026-05-02T16:33:59.852+02:00 level=INFO msg="SQL Execution" op="DELETE (hard)" sql="DELETE FROM \"stress_records\" WHERE \"value\" = ?" args=[901] duration=6.625µs rows=1 error=<nil>
time=2026-05-02T16:33:59.852+02:00 level=INFO msg="SQL Execution" op="DELETE (hard)" sql="DELETE FROM \"stress_records\" WHERE \"value\" = ?" args=[902] duration=7.375µs rows=1 error=<nil>
time=2026-05-02T16:33:59.852+02:00 level=INFO msg="SQL Execution" op="DELETE (hard)" sql="DELETE FROM \"stress_records\" WHERE \"value\" = ?" args=[903] duration=6.625µs rows=1 error=<nil>
time=2026-05-02T16:33:59.852+02:00 level=INFO msg="SQL Execution" op="DELETE (hard)" sql="DELETE FROM \"stress_records\" WHERE \"value\" = ?" args=[904] duration=6.584µs rows=1 error=<nil>
time=2026-05-02T16:33:59.852+02:00 level=INFO msg="SQL Execution" op="DELETE (hard)" sql="DELETE FROM \"stress_records\" WHERE \"value\" = ?" args=[905] duration=7.291µs rows=1 error=<nil>
time=2026-05-02T16:33:59.852+02:00 level=INFO msg="SQL Execution" op="DELETE (hard)" sql="DELETE FROM \"stress_records\" WHERE \"value\" = ?" args=[906] duration=7.25µs rows=1 error=<nil>
time=2026-05-02T16:33:59.852+02:00 level=INFO msg="SQL Execution" op="DELETE (hard)" sql="DELETE FROM \"stress_records\" WHERE \"value\" = ?" args=[907] duration=6.5µs rows=1 error=<nil>
time=2026-05-02T16:33:59.852+02:00 level=INFO msg="SQL Execution" op="DELETE (hard)" sql="DELETE FROM \"stress_records\" WHERE \"value\" = ?" args=[908] duration=7.084µs rows=1 error=<nil>
time=2026-05-02T16:33:59.852+02:00 level=INFO msg="SQL Execution" op="DELETE (hard)" sql="DELETE FROM \"stress_records\" WHERE \"value\" = ?" args=[909] duration=6.416µs rows=1 error=<nil>
time=2026-05-02T16:33:59.852+02:00 level=INFO msg="SQL Execution" op="DELETE (hard)" sql="DELETE FROM \"stress_records\" WHERE \"value\" = ?" args=[910] duration=6.459µs rows=1 error=<nil>
time=2026-05-02T16:33:59.852+02:00 level=INFO msg="SQL Execution" op="DELETE (hard)" sql="DELETE FROM \"stress_records\" WHERE \"value\" = ?" args=[911] duration=6.917µs rows=1 error=<nil>
time=2026-05-02T16:33:59.852+02:00 level=INFO msg="SQL Execution" op="DELETE (hard)" sql="DELETE FROM \"stress_records\" WHERE \"value\" = ?" args=[912] duration=6.167µs rows=1 error=<nil>
time=2026-05-02T16:33:59.852+02:00 level=INFO msg="SQL Execution" op="DELETE (hard)" sql="DELETE FROM \"stress_records\" WHERE \"value\" = ?" args=[913] duration=6.25µs rows=1 error=<nil>
time=2026-05-02T16:33:59.852+02:00 level=INFO msg="SQL Execution" op="DELETE (hard)" sql="DELETE FROM \"stress_records\" WHERE \"value\" = ?" args=[914] duration=6.834µs rows=1 error=<nil>
time=2026-05-02T16:33:59.852+02:00 level=INFO msg="SQL Execution" op="DELETE (hard)" sql="DELETE FROM \"stress_records\" WHERE \"value\" = ?" args=[915] duration=6.167µs rows=1 error=<nil>
time=2026-05-02T16:33:59.852+02:00 level=INFO msg="SQL Execution" op="DELETE (hard)" sql="DELETE FROM \"stress_records\" WHERE \"value\" = ?" args=[916] duration=8.209µs rows=1 error=<nil>
time=2026-05-02T16:33:59.852+02:00 level=INFO msg="SQL Execution" op="DELETE (hard)" sql="DELETE FROM \"stress_records\" WHERE \"value\" = ?" args=[917] duration=6.041µs rows=1 error=<nil>
time=2026-05-02T16:33:59.852+02:00 level=INFO msg="SQL Execution" op="DELETE (hard)" sql="DELETE FROM \"stress_records\" WHERE \"value\" = ?" args=[918] duration=6.083µs rows=1 error=<nil>
time=2026-05-02T16:33:59.852+02:00 level=INFO msg="SQL Execution" op="DELETE (hard)" sql="DELETE FROM \"stress_records\" WHERE \"value\" = ?" args=[919] duration=6.166µs rows=1 error=<nil>
time=2026-05-02T16:33:59.852+02:00 level=INFO msg="SQL Execution" op="DELETE (hard)" sql="DELETE FROM \"stress_records\" WHERE \"value\" = ?" args=[920] duration=5.917µs rows=1 error=<nil>
time=2026-05-02T16:33:59.852+02:00 level=INFO msg="SQL Execution" op="DELETE (hard)" sql="DELETE FROM \"stress_records\" WHERE \"value\" = ?" args=[921] duration=5.958µs rows=1 error=<nil>
time=2026-05-02T16:33:59.852+02:00 level=INFO msg="SQL Execution" op="DELETE (hard)" sql="DELETE FROM \"stress_records\" WHERE \"value\" = ?" args=[922] duration=6.042µs rows=1 error=<nil>
time=2026-05-02T16:33:59.852+02:00 level=INFO msg="SQL Execution" op="DELETE (hard)" sql="DELETE FROM \"stress_records\" WHERE \"value\" = ?" args=[923] duration=7.5µs rows=1 error=<nil>
time=2026-05-02T16:33:59.852+02:00 level=INFO msg="SQL Execution" op="DELETE (hard)" sql="DELETE FROM \"stress_records\" WHERE \"value\" = ?" args=[924] duration=6.458µs rows=1 error=<nil>
time=2026-05-02T16:33:59.852+02:00 level=INFO msg="SQL Execution" op="DELETE (hard)" sql="DELETE FROM \"stress_records\" WHERE \"value\" = ?" args=[925] duration=5.917µs rows=1 error=<nil>
time=2026-05-02T16:33:59.852+02:00 level=INFO msg="SQL Execution" op="DELETE (hard)" sql="DELETE FROM \"stress_records\" WHERE \"value\" = ?" args=[926] duration=6.541µs rows=1 error=<nil>
time=2026-05-02T16:33:59.852+02:00 level=INFO msg="SQL Execution" op="DELETE (hard)" sql="DELETE FROM \"stress_records\" WHERE \"value\" = ?" args=[927] duration=5.916µs rows=1 error=<nil>
time=2026-05-02T16:33:59.852+02:00 level=INFO msg="SQL Execution" op="DELETE (hard)" sql="DELETE FROM \"stress_records\" WHERE \"value\" = ?" args=[928] duration=5.791µs rows=1 error=<nil>
time=2026-05-02T16:33:59.852+02:00 level=INFO msg="SQL Execution" op="DELETE (hard)" sql="DELETE FROM \"stress_records\" WHERE \"value\" = ?" args=[929] duration=5.625µs rows=1 error=<nil>
time=2026-05-02T16:33:59.852+02:00 level=INFO msg="SQL Execution" op="DELETE (hard)" sql="DELETE FROM \"stress_records\" WHERE \"value\" = ?" args=[930] duration=6.25µs rows=1 error=<nil>
time=2026-05-02T16:33:59.852+02:00 level=INFO msg="SQL Execution" op="DELETE (hard)" sql="DELETE FROM \"stress_records\" WHERE \"value\" = ?" args=[931] duration=5.709µs rows=1 error=<nil>
time=2026-05-02T16:33:59.853+02:00 level=INFO msg="SQL Execution" op="DELETE (hard)" sql="DELETE FROM \"stress_records\" WHERE \"value\" = ?" args=[932] duration=5.708µs rows=1 error=<nil>
time=2026-05-02T16:33:59.853+02:00 level=INFO msg="SQL Execution" op="DELETE (hard)" sql="DELETE FROM \"stress_records\" WHERE \"value\" = ?" args=[933] duration=5.542µs rows=1 error=<nil>
time=2026-05-02T16:33:59.853+02:00 level=INFO msg="SQL Execution" op="DELETE (hard)" sql="DELETE FROM \"stress_records\" WHERE \"value\" = ?" args=[934] duration=5.542µs rows=1 error=<nil>
time=2026-05-02T16:33:59.853+02:00 level=INFO msg="SQL Execution" op="DELETE (hard)" sql="DELETE FROM \"stress_records\" WHERE \"value\" = ?" args=[935] duration=5.417µs rows=1 error=<nil>
time=2026-05-02T16:33:59.853+02:00 level=INFO msg="SQL Execution" op="DELETE (hard)" sql="DELETE FROM \"stress_records\" WHERE \"value\" = ?" args=[936] duration=5.417µs rows=1 error=<nil>
time=2026-05-02T16:33:59.853+02:00 level=INFO msg="SQL Execution" op="DELETE (hard)" sql="DELETE FROM \"stress_records\" WHERE \"value\" = ?" args=[937] duration=5.333µs rows=1 error=<nil>
time=2026-05-02T16:33:59.853+02:00 level=INFO msg="SQL Execution" op="DELETE (hard)" sql="DELETE FROM \"stress_records\" WHERE \"value\" = ?" args=[938] duration=5.541µs rows=1 error=<nil>
time=2026-05-02T16:33:59.853+02:00 level=INFO msg="SQL Execution" op="DELETE (hard)" sql="DELETE FROM \"stress_records\" WHERE \"value\" = ?" args=[939] duration=5.292µs rows=1 error=<nil>
time=2026-05-02T16:33:59.853+02:00 level=INFO msg="SQL Execution" op="DELETE (hard)" sql="DELETE FROM \"stress_records\" WHERE \"value\" = ?" args=[940] duration=5.875µs rows=1 error=<nil>
time=2026-05-02T16:33:59.853+02:00 level=INFO msg="SQL Execution" op="DELETE (hard)" sql="DELETE FROM \"stress_records\" WHERE \"value\" = ?" args=[941] duration=5.375µs rows=1 error=<nil>
time=2026-05-02T16:33:59.853+02:00 level=INFO msg="SQL Execution" op="DELETE (hard)" sql="DELETE FROM \"stress_records\" WHERE \"value\" = ?" args=[942] duration=5.25µs rows=1 error=<nil>
time=2026-05-02T16:33:59.853+02:00 level=INFO msg="SQL Execution" op="DELETE (hard)" sql="DELETE FROM \"stress_records\" WHERE \"value\" = ?" args=[943] duration=5.125µs rows=1 error=<nil>
time=2026-05-02T16:33:59.853+02:00 level=INFO msg="SQL Execution" op="DELETE (hard)" sql="DELETE FROM \"stress_records\" WHERE \"value\" = ?" args=[944] duration=5.833µs rows=1 error=<nil>
time=2026-05-02T16:33:59.853+02:00 level=INFO msg="SQL Execution" op="DELETE (hard)" sql="DELETE FROM \"stress_records\" WHERE \"value\" = ?" args=[945] duration=5.042µs rows=1 error=<nil>
time=2026-05-02T16:33:59.853+02:00 level=INFO msg="SQL Execution" op="DELETE (hard)" sql="DELETE FROM \"stress_records\" WHERE \"value\" = ?" args=[946] duration=7.75µs rows=1 error=<nil>
time=2026-05-02T16:33:59.853+02:00 level=INFO msg="SQL Execution" op="DELETE (hard)" sql="DELETE FROM \"stress_records\" WHERE \"value\" = ?" args=[947] duration=5.333µs rows=1 error=<nil>
time=2026-05-02T16:33:59.853+02:00 level=INFO msg="SQL Execution" op="DELETE (hard)" sql="DELETE FROM \"stress_records\" WHERE \"value\" = ?" args=[948] duration=5.333µs rows=1 error=<nil>
time=2026-05-02T16:33:59.853+02:00 level=INFO msg="SQL Execution" op="DELETE (hard)" sql="DELETE FROM \"stress_records\" WHERE \"value\" = ?" args=[949] duration=5.167µs rows=1 error=<nil>
time=2026-05-02T16:33:59.853+02:00 level=INFO msg="SQL Execution" op="DELETE (hard)" sql="DELETE FROM \"stress_records\" WHERE \"value\" = ?" args=[950] duration=5.042µs rows=1 error=<nil>
time=2026-05-02T16:33:59.853+02:00 level=INFO msg="SQL Execution" op="DELETE (hard)" sql="DELETE FROM \"stress_records\" WHERE \"value\" = ?" args=[951] duration=5µs rows=1 error=<nil>
time=2026-05-02T16:33:59.853+02:00 level=INFO msg="SQL Execution" op="DELETE (hard)" sql="DELETE FROM \"stress_records\" WHERE \"value\" = ?" args=[952] duration=5.042µs rows=1 error=<nil>
time=2026-05-02T16:33:59.853+02:00 level=INFO msg="SQL Execution" op="DELETE (hard)" sql="DELETE FROM \"stress_records\" WHERE \"value\" = ?" args=[953] duration=5.042µs rows=1 error=<nil>
time=2026-05-02T16:33:59.853+02:00 level=INFO msg="SQL Execution" op="DELETE (hard)" sql="DELETE FROM \"stress_records\" WHERE \"value\" = ?" args=[954] duration=6.167µs rows=1 error=<nil>
time=2026-05-02T16:33:59.853+02:00 level=INFO msg="SQL Execution" op="DELETE (hard)" sql="DELETE FROM \"stress_records\" WHERE \"value\" = ?" args=[955] duration=4.917µs rows=1 error=<nil>
time=2026-05-02T16:33:59.853+02:00 level=INFO msg="SQL Execution" op="DELETE (hard)" sql="DELETE FROM \"stress_records\" WHERE \"value\" = ?" args=[956] duration=5.5µs rows=1 error=<nil>
time=2026-05-02T16:33:59.853+02:00 level=INFO msg="SQL Execution" op="DELETE (hard)" sql="DELETE FROM \"stress_records\" WHERE \"value\" = ?" args=[957] duration=4.875µs rows=1 error=<nil>
time=2026-05-02T16:33:59.853+02:00 level=INFO msg="SQL Execution" op="DELETE (hard)" sql="DELETE FROM \"stress_records\" WHERE \"value\" = ?" args=[958] duration=5.875µs rows=1 error=<nil>
time=2026-05-02T16:33:59.853+02:00 level=INFO msg="SQL Execution" op="DELETE (hard)" sql="DELETE FROM \"stress_records\" WHERE \"value\" = ?" args=[959] duration=4.75µs rows=1 error=<nil>
time=2026-05-02T16:33:59.853+02:00 level=INFO msg="SQL Execution" op="DELETE (hard)" sql="DELETE FROM \"stress_records\" WHERE \"value\" = ?" args=[960] duration=5.959µs rows=1 error=<nil>
time=2026-05-02T16:33:59.853+02:00 level=INFO msg="SQL Execution" op="DELETE (hard)" sql="DELETE FROM \"stress_records\" WHERE \"value\" = ?" args=[961] duration=4.708µs rows=1 error=<nil>
time=2026-05-02T16:33:59.853+02:00 level=INFO msg="SQL Execution" op="DELETE (hard)" sql="DELETE FROM \"stress_records\" WHERE \"value\" = ?" args=[962] duration=7.292µs rows=1 error=<nil>
time=2026-05-02T16:33:59.853+02:00 level=INFO msg="SQL Execution" op="DELETE (hard)" sql="DELETE FROM \"stress_records\" WHERE \"value\" = ?" args=[963] duration=4.583µs rows=1 error=<nil>
time=2026-05-02T16:33:59.853+02:00 level=INFO msg="SQL Execution" op="DELETE (hard)" sql="DELETE FROM \"stress_records\" WHERE \"value\" = ?" args=[964] duration=8.542µs rows=1 error=<nil>
time=2026-05-02T16:33:59.853+02:00 level=INFO msg="SQL Execution" op="DELETE (hard)" sql="DELETE FROM \"stress_records\" WHERE \"value\" = ?" args=[965] duration=4.625µs rows=1 error=<nil>
time=2026-05-02T16:33:59.853+02:00 level=INFO msg="SQL Execution" op="DELETE (hard)" sql="DELETE FROM \"stress_records\" WHERE \"value\" = ?" args=[966] duration=4.916µs rows=1 error=<nil>
time=2026-05-02T16:33:59.853+02:00 level=INFO msg="SQL Execution" op="DELETE (hard)" sql="DELETE FROM \"stress_records\" WHERE \"value\" = ?" args=[967] duration=4.583µs rows=1 error=<nil>
time=2026-05-02T16:33:59.853+02:00 level=INFO msg="SQL Execution" op="DELETE (hard)" sql="DELETE FROM \"stress_records\" WHERE \"value\" = ?" args=[968] duration=4.417µs rows=1 error=<nil>
time=2026-05-02T16:33:59.853+02:00 level=INFO msg="SQL Execution" op="DELETE (hard)" sql="DELETE FROM \"stress_records\" WHERE \"value\" = ?" args=[969] duration=4.5µs rows=1 error=<nil>
time=2026-05-02T16:33:59.853+02:00 level=INFO msg="SQL Execution" op="DELETE (hard)" sql="DELETE FROM \"stress_records\" WHERE \"value\" = ?" args=[970] duration=4.375µs rows=1 error=<nil>
time=2026-05-02T16:33:59.853+02:00 level=INFO msg="SQL Execution" op="DELETE (hard)" sql="DELETE FROM \"stress_records\" WHERE \"value\" = ?" args=[971] duration=4.208µs rows=1 error=<nil>
time=2026-05-02T16:33:59.853+02:00 level=INFO msg="SQL Execution" op="DELETE (hard)" sql="DELETE FROM \"stress_records\" WHERE \"value\" = ?" args=[972] duration=4.792µs rows=1 error=<nil>
time=2026-05-02T16:33:59.853+02:00 level=INFO msg="SQL Execution" op="DELETE (hard)" sql="DELETE FROM \"stress_records\" WHERE \"value\" = ?" args=[973] duration=4.166µs rows=1 error=<nil>
time=2026-05-02T16:33:59.853+02:00 level=INFO msg="SQL Execution" op="DELETE (hard)" sql="DELETE FROM \"stress_records\" WHERE \"value\" = ?" args=[974] duration=4.166µs rows=1 error=<nil>
time=2026-05-02T16:33:59.853+02:00 level=INFO msg="SQL Execution" op="DELETE (hard)" sql="DELETE FROM \"stress_records\" WHERE \"value\" = ?" args=[975] duration=4.084µs rows=1 error=<nil>
time=2026-05-02T16:33:59.853+02:00 level=INFO msg="SQL Execution" op="DELETE (hard)" sql="DELETE FROM \"stress_records\" WHERE \"value\" = ?" args=[976] duration=4.291µs rows=1 error=<nil>
time=2026-05-02T16:33:59.853+02:00 level=INFO msg="SQL Execution" op="DELETE (hard)" sql="DELETE FROM \"stress_records\" WHERE \"value\" = ?" args=[977] duration=4.125µs rows=1 error=<nil>
time=2026-05-02T16:33:59.853+02:00 level=INFO msg="SQL Execution" op="DELETE (hard)" sql="DELETE FROM \"stress_records\" WHERE \"value\" = ?" args=[978] duration=4.041µs rows=1 error=<nil>
time=2026-05-02T16:33:59.853+02:00 level=INFO msg="SQL Execution" op="DELETE (hard)" sql="DELETE FROM \"stress_records\" WHERE \"value\" = ?" args=[979] duration=3.917µs rows=1 error=<nil>
time=2026-05-02T16:33:59.853+02:00 level=INFO msg="SQL Execution" op="DELETE (hard)" sql="DELETE FROM \"stress_records\" WHERE \"value\" = ?" args=[980] duration=4µs rows=1 error=<nil>
time=2026-05-02T16:33:59.853+02:00 level=INFO msg="SQL Execution" op="DELETE (hard)" sql="DELETE FROM \"stress_records\" WHERE \"value\" = ?" args=[981] duration=4.083µs rows=1 error=<nil>
time=2026-05-02T16:33:59.853+02:00 level=INFO msg="SQL Execution" op="DELETE (hard)" sql="DELETE FROM \"stress_records\" WHERE \"value\" = ?" args=[982] duration=4.208µs rows=1 error=<nil>
time=2026-05-02T16:33:59.853+02:00 level=INFO msg="SQL Execution" op="DELETE (hard)" sql="DELETE FROM \"stress_records\" WHERE \"value\" = ?" args=[983] duration=3.917µs rows=1 error=<nil>
time=2026-05-02T16:33:59.853+02:00 level=INFO msg="SQL Execution" op="DELETE (hard)" sql="DELETE FROM \"stress_records\" WHERE \"value\" = ?" args=[984] duration=3.959µs rows=1 error=<nil>
time=2026-05-02T16:33:59.853+02:00 level=INFO msg="SQL Execution" op="DELETE (hard)" sql="DELETE FROM \"stress_records\" WHERE \"value\" = ?" args=[985] duration=3.916µs rows=1 error=<nil>
time=2026-05-02T16:33:59.853+02:00 level=INFO msg="SQL Execution" op="DELETE (hard)" sql="DELETE FROM \"stress_records\" WHERE \"value\" = ?" args=[986] duration=3.791µs rows=1 error=<nil>
time=2026-05-02T16:33:59.853+02:00 level=INFO msg="SQL Execution" op="DELETE (hard)" sql="DELETE FROM \"stress_records\" WHERE \"value\" = ?" args=[987] duration=3.709µs rows=1 error=<nil>
time=2026-05-02T16:33:59.853+02:00 level=INFO msg="SQL Execution" op="DELETE (hard)" sql="DELETE FROM \"stress_records\" WHERE \"value\" = ?" args=[988] duration=4.333µs rows=1 error=<nil>
time=2026-05-02T16:33:59.853+02:00 level=INFO msg="SQL Execution" op="DELETE (hard)" sql="DELETE FROM \"stress_records\" WHERE \"value\" = ?" args=[989] duration=3.833µs rows=1 error=<nil>
time=2026-05-02T16:33:59.853+02:00 level=INFO msg="SQL Execution" op="DELETE (hard)" sql="DELETE FROM \"stress_records\" WHERE \"value\" = ?" args=[990] duration=3.708µs rows=1 error=<nil>
time=2026-05-02T16:33:59.853+02:00 level=INFO msg="SQL Execution" op="DELETE (hard)" sql="DELETE FROM \"stress_records\" WHERE \"value\" = ?" args=[991] duration=3.5µs rows=1 error=<nil>
time=2026-05-02T16:33:59.853+02:00 level=INFO msg="SQL Execution" op="DELETE (hard)" sql="DELETE FROM \"stress_records\" WHERE \"value\" = ?" args=[992] duration=3.667µs rows=1 error=<nil>
time=2026-05-02T16:33:59.853+02:00 level=INFO msg="SQL Execution" op="DELETE (hard)" sql="DELETE FROM \"stress_records\" WHERE \"value\" = ?" args=[993] duration=3.792µs rows=1 error=<nil>
time=2026-05-02T16:33:59.853+02:00 level=INFO msg="SQL Execution" op="DELETE (hard)" sql="DELETE FROM \"stress_records\" WHERE \"value\" = ?" args=[994] duration=4.25µs rows=1 error=<nil>
time=2026-05-02T16:33:59.853+02:00 level=INFO msg="SQL Execution" op="DELETE (hard)" sql="DELETE FROM \"stress_records\" WHERE \"value\" = ?" args=[995] duration=3.375µs rows=1 error=<nil>
time=2026-05-02T16:33:59.853+02:00 level=INFO msg="SQL Execution" op="DELETE (hard)" sql="DELETE FROM \"stress_records\" WHERE \"value\" = ?" args=[996] duration=3.75µs rows=1 error=<nil>
time=2026-05-02T16:33:59.853+02:00 level=INFO msg="SQL Execution" op="DELETE (hard)" sql="DELETE FROM \"stress_records\" WHERE \"value\" = ?" args=[997] duration=3.375µs rows=1 error=<nil>
time=2026-05-02T16:33:59.853+02:00 level=INFO msg="SQL Execution" op="DELETE (hard)" sql="DELETE FROM \"stress_records\" WHERE \"value\" = ?" args=[998] duration=3.167µs rows=1 error=<nil>
time=2026-05-02T16:33:59.853+02:00 level=INFO msg="SQL Execution" op="DELETE (hard)" sql="DELETE FROM \"stress_records\" WHERE \"value\" = ?" args=[999] duration=3.667µs rows=1 error=<nil>
--- FAIL: TestSuiteSQLite (0.04s)
    --- PASS: TestSuiteSQLite/CRUD (0.00s)
    --- PASS: TestSuiteSQLite/QueryBuilder (0.00s)
    --- PASS: TestSuiteSQLite/Transactions (0.00s)
    --- PASS: TestSuiteSQLite/Relationships (0.00s)
    --- PASS: TestSuiteSQLite/Hooks (0.00s)
    --- PASS: TestSuiteSQLite/Validation (0.00s)
    --- PASS: TestSuiteSQLite/SoftDelete (0.00s)
    --- PASS: TestSuiteSQLite/Pagination (0.00s)
    --- FAIL: TestSuiteSQLite/MultiTenant (0.00s)
    --- FAIL: TestSuiteSQLite/Events (0.00s)
    --- PASS: TestSuiteSQLite/Middleware (0.00s)
    --- PASS: TestSuiteSQLite/Raw (0.00s)
    --- PASS: TestSuiteSQLite/DatabasePerTenant (0.00s)
    --- PASS: TestSuiteSQLite/Sync (0.00s)
    --- FAIL: TestSuiteSQLite/RecursiveAssociations (0.00s)
    --- PASS: TestSuiteSQLite/Stress (0.04s)
FAIL
FAIL	github.com/jcsvwinston/GoFrame/pkg/quark	0.397s
?   	github.com/jcsvwinston/GoFrame/pkg/quark/cli/commands	[no test files]
?   	github.com/jcsvwinston/GoFrame/pkg/quark/cli/internal/config	[no test files]
?   	github.com/jcsvwinston/GoFrame/pkg/quark/cli/internal/db	[no test files]
?   	github.com/jcsvwinston/GoFrame/pkg/quark/cli/internal/gen	[no test files]
?   	github.com/jcsvwinston/GoFrame/pkg/quark/examples/mssql	[no test files]
?   	github.com/jcsvwinston/GoFrame/pkg/quark/examples/mysql	[no test files]
?   	github.com/jcsvwinston/GoFrame/pkg/quark/examples/oracle	[no test files]
?   	github.com/jcsvwinston/GoFrame/pkg/quark/examples/postgres	[no test files]
?   	github.com/jcsvwinston/GoFrame/pkg/quark/examples/sqlite	[no test files]
?   	github.com/jcsvwinston/GoFrame/pkg/quark/internal/db	[no test files]
?   	github.com/jcsvwinston/GoFrame/pkg/quark/internal/guard	[no test files]
?   	github.com/jcsvwinston/GoFrame/pkg/quark/internal/migrate	[no test files]
?   	github.com/jcsvwinston/GoFrame/pkg/quark/internal/schema	[no test files]
?   	github.com/jcsvwinston/GoFrame/pkg/quark/migrate	[no test files]
?   	github.com/jcsvwinston/GoFrame/pkg/quark/scratch	[no test files]
FAIL
